[00:18:52] INFO    section visium_mouse_brain: 2691 locations x 2079 genes, 23006 edges, scale 3191 um/unit
[00:18:53] INFO    section visium_human_breast: 4869 locations x 2087 genes, 40660 edges, scale 3406 um/unit
[00:18:53] INFO    aligned visium_mouse_brain <-> visium_human_breast: 390 shared genes
shared vocabulary: 390 genes
[00:18:59] INFO    training NeuralMorphogenOperator (1,548,039 params) on visium_mouse_brain for 250 epochs
[00:19:47] INFO      ep   25/250  loss 1.5036  val r 0.1403  rmse 0.2918
[00:25:40] INFO      ep   50/250  loss 1.4180  val r 0.1947  rmse 0.2856
[00:26:35] INFO      ep   75/250  loss 1.3223  val r 0.2166  rmse 0.2744
[00:27:22] INFO      ep  100/250  loss 1.3321  val r 0.2366  rmse 0.2692
[00:28:06] INFO      ep  125/250  loss 1.3097  val r 0.2474  rmse 0.2665
[00:28:47] INFO      ep  150/250  loss 1.2772  val r 0.2516  rmse 0.2660
[00:29:44] INFO      ep  175/250  loss 1.2573  val r 0.2553  rmse 0.2641
[00:31:15] INFO      ep  200/250  loss 1.2683  val r 0.2573  rmse 0.2636
[00:32:26] INFO      ep  225/250  loss 1.2677  val r 0.2572  rmse 0.2639
[00:33:42] INFO      ep  250/250  loss 1.2500  val r 0.2575  rmse 0.2638
[00:33:44] INFO      done in 884s | test r=0.2059 rmse=0.2526 ssim=0.3616
[zero-shot] nmo seed 0: r=0.0413
[00:33:46] INFO    training NeuralMorphogenOperator (174,470 params) on visium_human_breast for 80 epochs
[00:34:28] INFO      ep   25/80  loss 1.5366  val r 0.0190  rmse 0.4302
[00:35:18] INFO      ep   50/80  loss 1.4977  val r 0.0424  rmse 0.4183
[00:36:04] INFO      ep   75/80  loss 1.5019  val r 0.0473  rmse 0.4169
[00:36:12] INFO      ep   80/80  loss 1.4924  val r 0.0473  rmse 0.4169
[00:36:14] INFO      done in 146s | test r=0.0546 rmse=0.4031 ssim=0.2937
[00:36:14] INFO    training NeuralMorphogenOperator (1,548,039 params) on visium_human_breast for 250 epochs
[00:37:24] INFO      ep   25/250  loss 1.5042  val r 0.1247  rmse 0.4097
[00:38:18] INFO      ep   50/250  loss 1.4625  val r 0.1340  rmse 0.4029
[00:39:12] INFO      ep   75/250  loss 1.4367  val r 0.1288  rmse 0.3925
[00:40:03] INFO      ep  100/250  loss 1.4126  val r 0.1184  rmse 0.3961
[00:41:03] INFO      ep  125/250  loss 1.4206  val r 0.1117  rmse 0.4041
[00:42:00] INFO      ep  150/250  loss 1.3883  val r 0.1094  rmse 0.4101
[00:42:57] INFO      ep  175/250  loss 1.4084  val r 0.1084  rmse 0.4135
[00:43:57] INFO      ep  200/250  loss 1.3933  val r 0.1065  rmse 0.4157
[00:45:00] INFO      ep  225/250  loss 1.4044  val r 0.1073  rmse 0.4160
[00:45:59] INFO      ep  250/250  loss 1.4068  val r 0.1075  rmse 0.4162
[00:45:59] INFO      early stop at epoch 250 (best 0.1340)
[00:46:00] INFO      done in 585s | test r=0.1345 rmse=0.3957 ssim=0.3315
[00:46:01] INFO    training NeuralMorphogenOperator (1,548,039 params) on visium_mouse_brain for 250 epochs
[00:46:42] INFO      ep   25/250  loss 1.5108  val r 0.1610  rmse 0.2923
[00:47:23] INFO      ep   50/250  loss 1.4232  val r 0.2102  rmse 0.2866
[00:48:03] INFO      ep   75/250  loss 1.3409  val r 0.2221  rmse 0.2740
[00:48:51] INFO      ep  100/250  loss 1.3119  val r 0.2354  rmse 0.2685
[00:49:29] INFO      ep  125/250  loss 1.2955  val r 0.2439  rmse 0.2656
[00:50:02] INFO      ep  150/250  loss 1.2567  val r 0.2485  rmse 0.2647
[00:50:32] INFO      ep  175/250  loss 1.2438  val r 0.2515  rmse 0.2641
[00:50:53] INFO      ep  200/250  loss 1.2392  val r 0.2532  rmse 0.2642
[00:51:22] INFO      ep  225/250  loss 1.2633  val r 0.2531  rmse 0.2640
[00:51:52] INFO      ep  250/250  loss 1.2811  val r 0.2532  rmse 0.2641
[00:51:53] INFO      done in 351s | test r=0.2112 rmse=0.2490 ssim=0.3675
[zero-shot] nmo seed 1: r=0.0248
[00:51:54] INFO    training NeuralMorphogenOperator (174,470 params) on visium_human_breast for 80 epochs
[00:52:12] INFO      ep   25/80  loss 1.5576  val r -0.0056  rmse 0.4481
[00:52:35] INFO      ep   50/80  loss 1.5118  val r 0.0169  rmse 0.4266
[00:52:56] INFO      ep   75/80  loss 1.5270  val r 0.0235  rmse 0.4241
[00:53:01] INFO      ep   80/80  loss 1.5081  val r 0.0236  rmse 0.4240
[00:53:02] INFO      done in 67s | test r=0.0281 rmse=0.4094 ssim=0.2700
[00:53:02] INFO    training NeuralMorphogenOperator (1,548,039 params) on visium_human_breast for 250 epochs
[00:53:52] INFO      ep   25/250  loss 1.5185  val r 0.1118  rmse 0.4102
[00:54:36] INFO      ep   50/250  loss 1.4656  val r 0.1290  rmse 0.4051
[00:55:34] INFO      ep   75/250  loss 1.4534  val r 0.1194  rmse 0.3966
[00:56:39] INFO      ep  100/250  loss 1.4108  val r 0.1079  rmse 0.4006
[00:57:39] INFO      ep  125/250  loss 1.4123  val r 0.1072  rmse 0.4058
[00:58:41] INFO      ep  150/250  loss 1.4251  val r 0.1082  rmse 0.4110
[00:59:39] INFO      ep  175/250  loss 1.3835  val r 0.1068  rmse 0.4130
[01:00:33] INFO      ep  200/250  loss 1.3992  val r 0.1065  rmse 0.4146
[01:01:30] INFO      ep  225/250  loss 1.3758  val r 0.1056  rmse 0.4149
[01:02:41] INFO      ep  250/250  loss 1.3970  val r 0.1057  rmse 0.4151
[01:02:41] INFO      early stop at epoch 250 (best 0.1290)
[01:02:43] INFO      done in 579s | test r=0.1366 rmse=0.3981 ssim=0.3271

                         pearson_mean                ... ssim_mean          
                                mean           std  ...      mean       std
setting          model                              ...                    
decoder_finetune nmo    4.135651e-02  1.875916e-02  ...  0.281828  0.016727
floor            mean  -5.154678e-09  3.693110e-08  ...  0.254131  0.000770
oracle           nmo    1.355170e-01  1.497583e-03  ...  0.329277  0.003120
source_in_domain nmo    2.085564e-01  3.746012e-03  ...  0.364574  0.004163
zero_shot        nmo    3.304103e-02  1.166347e-02  ...  0.218617  0.017232

[5 rows x 6 columns]
