[00:48:33] INFO    section xenium_mouse_brain: 36362 locations x 248 genes, 331354 edges, scale 3001 um/unit
[00:48:34] INFO    section visium_mouse_brain__panel_xenium_mouse_brain: 2691 locations x 2177 genes, 23006 edges, scale 3191 um/unit
[00:48:34] INFO    aligned visium_mouse_brain__panel_xenium_mouse_brain <-> xenium_mouse_brain: 248 shared genes
visium_mouse_brain -> xenium_mouse_brain: 248 shared genes, 2691 source locations, 8000 target locations
[00:48:41] INFO    training NeuralMorphogenOperator (1,493,369 params) on visium_mouse_brain__panel_xenium_mouse_brain for 250 epochs
[00:49:22] INFO      ep   25/250  loss 1.4644  val r 0.1725  rmse 0.2829
[00:49:51] INFO      ep   50/250  loss 1.3722  val r 0.2151  rmse 0.2751
[00:50:23] INFO      ep   75/250  loss 1.2917  val r 0.2323  rmse 0.2641
[00:50:48] INFO      ep  100/250  loss 1.2768  val r 0.2469  rmse 0.2604
[00:51:15] INFO      ep  125/250  loss 1.2641  val r 0.2547  rmse 0.2590
[00:51:44] INFO      ep  150/250  loss 1.2316  val r 0.2574  rmse 0.2585
[00:52:12] INFO      ep  175/250  loss 1.2350  val r 0.2597  rmse 0.2580
[00:52:49] INFO      ep  200/250  loss 1.2287  val r 0.2606  rmse 0.2576
[00:53:26] INFO      ep  225/250  loss 1.2237  val r 0.2613  rmse 0.2576
[00:54:00] INFO      ep  250/250  loss 1.2273  val r 0.2613  rmse 0.2576
[00:54:00] INFO      done in 319s | test r=0.2621 rmse=0.2443 ssim=0.3895
[zero-shot] xenium_mouse_brain nmo seed 0: r=0.1279
[00:54:02] INFO    training NeuralMorphogenOperator (1,493,369 params) on xenium_mouse_brain for 250 epochs
[00:55:15] INFO      ep   25/250  loss 1.4709  val r 0.1139  rmse 1.8885
[00:56:40] INFO      ep   50/250  loss 1.4051  val r 0.1580  rmse 1.8643
[00:58:07] INFO      ep   75/250  loss 1.3419  val r 0.1669  rmse 1.8200
[00:59:32] INFO      ep  100/250  loss 1.3085  val r 0.1855  rmse 1.8019
[01:00:48] INFO      ep  125/250  loss 1.2878  val r 0.1985  rmse 1.7925
[01:02:25] INFO      ep  150/250  loss 1.2790  val r 0.2040  rmse 1.7884
[01:04:10] INFO      ep  175/250  loss 1.2704  val r 0.2092  rmse 1.7837
[01:05:18] INFO      ep  200/250  loss 1.2670  val r 0.2114  rmse 1.7821
[01:06:27] INFO      ep  225/250  loss 1.2642  val r 0.2127  rmse 1.7815
[01:08:45] INFO      ep  250/250  loss 1.2651  val r 0.2127  rmse 1.7815
[01:08:46] INFO      done in 883s | test r=0.2627 rmse=1.7475 ssim=0.5603
[01:08:47] INFO    training NeuralMorphogenOperator (1,493,369 params) on visium_mouse_brain__panel_xenium_mouse_brain for 250 epochs
[01:09:40] INFO      ep   25/250  loss 1.4699  val r 0.1620  rmse 0.2834
[01:10:36] INFO      ep   50/250  loss 1.4173  val r 0.2105  rmse 0.2796
[01:11:51] INFO      ep   75/250  loss 1.3296  val r 0.2160  rmse 0.2680
[01:12:38] INFO      ep  100/250  loss 1.2866  val r 0.2332  rmse 0.2623
[01:13:38] INFO      ep  125/250  loss 1.2627  val r 0.2436  rmse 0.2606
[01:14:52] INFO      ep  150/250  loss 1.2435  val r 0.2496  rmse 0.2598
[01:15:42] INFO      ep  175/250  loss 1.2327  val r 0.2528  rmse 0.2594
[01:16:52] INFO      ep  200/250  loss 1.2372  val r 0.2543  rmse 0.2592
[01:17:51] INFO      ep  225/250  loss 1.2446  val r 0.2547  rmse 0.2591
[01:18:46] INFO      ep  250/250  loss 1.2342  val r 0.2549  rmse 0.2591
[01:18:47] INFO      done in 598s | test r=0.2497 rmse=0.2475 ssim=0.3792
[zero-shot] xenium_mouse_brain nmo seed 1: r=0.1498
[01:18:51] INFO    training NeuralMorphogenOperator (1,493,369 params) on xenium_mouse_brain for 250 epochs
[01:19:46] INFO      ep   25/250  loss 1.4834  val r 0.1216  rmse 1.8875
[01:20:32] INFO      ep   50/250  loss 1.4059  val r 0.1559  rmse 1.8570
[01:21:24] INFO      ep   75/250  loss 1.3457  val r 0.1699  rmse 1.8184
[01:22:13] INFO      ep  100/250  loss 1.3142  val r 0.1849  rmse 1.8019
[01:23:00] INFO      ep  125/250  loss 1.2982  val r 0.1945  rmse 1.7953
[01:23:49] INFO      ep  150/250  loss 1.2880  val r 0.2030  rmse 1.7885
[01:24:56] INFO      ep  175/250  loss 1.2764  val r 0.2071  rmse 1.7854
[01:26:04] INFO      ep  200/250  loss 1.2720  val r 0.2094  rmse 1.7837
[01:27:41] INFO      ep  225/250  loss 1.2687  val r 0.2104  rmse 1.7829
[01:28:52] INFO      ep  250/250  loss 1.2693  val r 0.2100  rmse 1.7834
[01:28:53] INFO      done in 601s | test r=0.2545 rmse=1.7571 ssim=0.5523

                         pearson_mean                    rmse          
                                mean           std      mean       std
setting          model                                                
floor            mean   9.346206e-08  2.489930e-08  1.871548  0.000297
oracle           nmo    2.585622e-01  5.787121e-03  1.752287  0.006807
source_in_domain nmo    2.559367e-01  8.755744e-03  0.245906  0.002220
zero_shot        nmo    1.388291e-01  1.549524e-02  1.863076  0.025882
