[warn] Perturb-seq object not available; running 4a only
[00:19:11] INFO    section visium_mouse_brain: 2691 locations x 2079 genes, 23006 edges, scale 3191 um/unit
[00:19:12] INFO    training NeuralMorphogenOperator (2,198,304 params) on visium_mouse_brain for 250 epochs
[00:20:22] INFO      ep   25/250  loss 1.5011  val r 0.1450  rmse 0.2944
[00:26:37] INFO      ep   50/250  loss 1.4005  val r 0.2009  rmse 0.2841
[00:27:41] INFO      ep   75/250  loss 1.3114  val r 0.2232  rmse 0.2735
[00:28:39] INFO      ep  100/250  loss 1.3098  val r 0.2399  rmse 0.2708
[00:30:09] INFO      ep  125/250  loss 1.2817  val r 0.2463  rmse 0.2671
[00:31:55] INFO      ep  150/250  loss 1.2506  val r 0.2486  rmse 0.2678
[00:33:41] INFO      ep  175/250  loss 1.2360  val r 0.2511  rmse 0.2662
[00:35:30] INFO      ep  200/250  loss 1.2580  val r 0.2525  rmse 0.2655
[00:36:57] INFO      ep  225/250  loss 1.2461  val r 0.2527  rmse 0.2658
[00:37:54] INFO      ep  250/250  loss 1.2319  val r 0.2529  rmse 0.2657
[00:37:57] INFO      done in 1122s | test r=0.2218 rmse=0.2567 ssim=0.3790
[bead] seed0 SHH: held-out rank 51.9% (null 50.4%), p=0.570
[bead] seed0 WNT: held-out rank 59.1% (null 50.1%), p=0.855
[bead] seed0 BMP: held-out rank 52.8% (null 50.1%), p=0.635
[bead] seed0 FGF: held-out rank 72.0% (null 49.7%), p=0.995
[00:38:02] INFO    section visium_mouse_brain: 2691 locations x 2079 genes, 23006 edges, scale 3191 um/unit
[00:38:02] INFO    training NeuralMorphogenOperator (2,198,304 params) on visium_mouse_brain for 250 epochs
[00:38:58] INFO      ep   25/250  loss 1.5257  val r 0.1337  rmse 0.2942
[00:39:52] INFO      ep   50/250  loss 1.3886  val r 0.1967  rmse 0.2831
[00:40:53] INFO      ep   75/250  loss 1.3227  val r 0.2256  rmse 0.2728
[00:41:50] INFO      ep  100/250  loss 1.2960  val r 0.2396  rmse 0.2702
[00:42:50] INFO      ep  125/250  loss 1.2913  val r 0.2481  rmse 0.2667
[00:43:49] INFO      ep  150/250  loss 1.2568  val r 0.2532  rmse 0.2656
[00:44:54] INFO      ep  175/250  loss 1.2426  val r 0.2566  rmse 0.2644
[00:45:54] INFO      ep  200/250  loss 1.2333  val r 0.2581  rmse 0.2645
[00:46:49] INFO      ep  225/250  loss 1.2578  val r 0.2585  rmse 0.2644
[00:47:51] INFO      ep  250/250  loss 1.2559  val r 0.2586  rmse 0.2644
[00:47:53] INFO      done in 589s | test r=0.2293 rmse=0.2525 ssim=0.3885
[bead] seed1 SHH: held-out rank 61.4% (null 50.5%), p=0.825
[bead] seed1 WNT: held-out rank 53.6% (null 49.7%), p=0.670
[bead] seed1 BMP: held-out rank 44.3% (null 49.3%), p=0.315
[bead] seed1 FGF: held-out rank 73.1% (null 51.0%), p=0.990
