[23:10:37] INFO    section visium_mouse_brain: 2691 locations x 2079 genes, 23006 edges, scale 3191 um/unit
[23:10:37] INFO    training NeuralMorphogenOperator (1,074,912 params) on visium_mouse_brain for 300 epochs
[23:11:28] INFO      ep   25/300  loss 1.5087  val r 0.1349  rmse 0.2945
[23:12:14] INFO      ep   50/300  loss 1.4320  val r 0.1863  rmse 0.2892
[23:13:06] INFO      ep   75/300  loss 1.3502  val r 0.1981  rmse 0.2784
[23:18:49] INFO      ep  100/300  loss 1.3428  val r 0.2142  rmse 0.2740
[23:24:39] INFO      ep  125/300  loss 1.3150  val r 0.2250  rmse 0.2714
[23:30:17] INFO      ep  150/300  loss 1.2813  val r 0.2347  rmse 0.2693
[23:30:48] INFO      ep  175/300  loss 1.2642  val r 0.2403  rmse 0.2674
[23:31:21] INFO      ep  200/300  loss 1.2839  val r 0.2441  rmse 0.2662
[23:31:54] INFO      ep  225/300  loss 1.2705  val r 0.2471  rmse 0.2653
[23:32:27] INFO      ep  250/300  loss 1.2518  val r 0.2475  rmse 0.2653
[23:32:58] INFO      ep  275/300  loss 1.2759  val r 0.2480  rmse 0.2652
[23:33:28] INFO      ep  300/300  loss 1.2649  val r 0.2480  rmse 0.2652
[23:33:30] INFO      done in 1371s | test r=0.2164 rmse=0.2549 ssim=0.3704
[done] latent_8 seed 0: r=0.2164 rmse=0.2549
[23:33:31] INFO    section visium_mouse_brain: 2691 locations x 2079 genes, 23006 edges, scale 3191 um/unit
[23:33:31] INFO    training NeuralMorphogenOperator (1,074,912 params) on visium_mouse_brain for 300 epochs
[23:39:13] INFO      ep   25/300  loss 1.5258  val r 0.1329  rmse 0.2939
[23:39:51] INFO      ep   50/300  loss 1.4003  val r 0.1839  rmse 0.2846
[23:40:19] INFO      ep   75/300  loss 1.3469  val r 0.2063  rmse 0.2742
[23:40:49] INFO      ep  100/300  loss 1.3305  val r 0.2193  rmse 0.2723
[23:41:16] INFO      ep  125/300  loss 1.3305  val r 0.2282  rmse 0.2718
[23:41:46] INFO      ep  150/300  loss 1.2950  val r 0.2350  rmse 0.2708
[23:44:19] INFO      ep  175/300  loss 1.2792  val r 0.2425  rmse 0.2688
[23:49:50] INFO      ep  200/300  loss 1.2649  val r 0.2465  rmse 0.2683
[23:50:20] INFO      ep  225/300  loss 1.2897  val r 0.2483  rmse 0.2676
[23:55:33] INFO      ep  250/300  loss 1.2856  val r 0.2496  rmse 0.2674
[23:56:12] INFO      ep  275/300  loss 1.2779  val r 0.2495  rmse 0.2672
[23:56:47] INFO      ep  300/300  loss 1.2657  val r 0.2496  rmse 0.2672
[23:56:49] INFO      done in 1396s | test r=0.2087 rmse=0.2589 ssim=0.3656
[done] latent_8 seed 1: r=0.2087 rmse=0.2589

          pearson_mean                rmse  ... ssim_mean   n_params     
                 mean       std      mean  ...       std       mean  std
variant                                    ...                          
latent_8     0.212532  0.005474  0.256907  ...  0.003391  1074912.0  0.0

[1 rows x 8 columns]
