[21:58:37] INFO    section visium_mouse_brain: 2691 locations x 2079 genes, 23006 edges, scale 3191 um/unit
[21:58:38] INFO    training NeuralMorphogenOperator (2,198,304 params) on visium_mouse_brain for 300 epochs
[22:00:43] INFO      ep   25/300  loss 1.5011  val r 0.1450  rmse 0.2944
[22:02:40] INFO      ep   50/300  loss 1.4001  val r 0.2010  rmse 0.2840
[22:04:09] INFO      ep   75/300  loss 1.3103  val r 0.2240  rmse 0.2733
[22:05:43] INFO      ep  100/300  loss 1.3076  val r 0.2409  rmse 0.2706
[22:07:28] INFO      ep  125/300  loss 1.2776  val r 0.2475  rmse 0.2663
[22:09:32] INFO      ep  150/300  loss 1.2447  val r 0.2499  rmse 0.2674
[22:11:19] INFO      ep  175/300  loss 1.2270  val r 0.2536  rmse 0.2656
[22:13:06] INFO      ep  200/300  loss 1.2457  val r 0.2556  rmse 0.2646
[22:14:44] INFO      ep  225/300  loss 1.2299  val r 0.2579  rmse 0.2644
[22:16:19] INFO      ep  250/300  loss 1.2151  val r 0.2577  rmse 0.2650
[22:17:53] INFO      ep  275/300  loss 1.2346  val r 0.2579  rmse 0.2653
[22:19:38] INFO      ep  300/300  loss 1.2265  val r 0.2579  rmse 0.2652
[22:19:44] INFO      done in 1260s | test r=0.2301 rmse=0.2548 ssim=0.3872
[done] full seed 0: r=0.2301 rmse=0.2548
[22:19:48] INFO    section visium_mouse_brain: 2691 locations x 2079 genes, 23006 edges, scale 3191 um/unit
[22:19:48] INFO    training NeuralMorphogenOperator (2,198,304 params) on visium_mouse_brain for 300 epochs
[22:21:30] INFO      ep   25/300  loss 1.5257  val r 0.1337  rmse 0.2942
[22:24:19] INFO      ep   50/300  loss 1.3882  val r 0.1969  rmse 0.2830
[22:27:18] INFO      ep   75/300  loss 1.3214  val r 0.2263  rmse 0.2725
[22:32:55] INFO      ep  100/300  loss 1.2937  val r 0.2406  rmse 0.2699
[22:35:09] INFO      ep  125/300  loss 1.2874  val r 0.2496  rmse 0.2661
[22:35:49] INFO      ep  150/300  loss 1.2513  val r 0.2555  rmse 0.2647
[22:36:26] INFO      ep  175/300  loss 1.2339  val r 0.2596  rmse 0.2638
[22:37:09] INFO      ep  200/300  loss 1.2225  val r 0.2620  rmse 0.2641
[22:37:47] INFO      ep  225/300  loss 1.2435  val r 0.2637  rmse 0.2634
[22:38:23] INFO      ep  250/300  loss 1.2395  val r 0.2644  rmse 0.2629
[22:39:08] INFO      ep  275/300  loss 1.2313  val r 0.2642  rmse 0.2631
[22:39:48] INFO      ep  300/300  loss 1.2216  val r 0.2642  rmse 0.2632
[22:39:50] INFO      done in 1200s | test r=0.2368 rmse=0.2505 ssim=0.3976
[done] full seed 1: r=0.2368 rmse=0.2505

         pearson_mean                rmse  ... ssim_mean   n_params     
                mean       std      mean  ...       std       mean  std
variant                                   ...                          
full        0.233465  0.004773  0.252654  ...   0.00737  2198304.0  0.0

[1 rows x 8 columns]
