[23:50:23] INFO    section visium_mouse_brain: 2691 locations x 2079 genes, 23006 edges, scale 3191 um/unit
[23:50:24] INFO    training NeuralMorphogenOperator (1,301,280 params) on visium_mouse_brain for 300 epochs
[23:55:39] INFO      ep   25/300  loss 1.5057  val r 0.1391  rmse 0.2943
[23:56:21] INFO      ep   50/300  loss 1.4159  val r 0.2014  rmse 0.2869
[23:56:54] INFO      ep   75/300  loss 1.3230  val r 0.2170  rmse 0.2746
[23:57:30] INFO      ep  100/300  loss 1.3169  val r 0.2308  rmse 0.2697
[23:58:03] INFO      ep  125/300  loss 1.2880  val r 0.2392  rmse 0.2664
[00:00:35] INFO      ep  150/300  loss 1.2564  val r 0.2430  rmse 0.2658
[00:01:01] INFO      ep  175/300  loss 1.2402  val r 0.2471  rmse 0.2641
[00:06:21] INFO      ep  200/300  loss 1.2594  val r 0.2492  rmse 0.2635
[00:06:46] INFO      ep  225/300  loss 1.2463  val r 0.2511  rmse 0.2635
[00:12:08] INFO      ep  250/300  loss 1.2300  val r 0.2511  rmse 0.2634
[00:12:30] INFO      ep  275/300  loss 1.2515  val r 0.2518  rmse 0.2635
[00:17:51] INFO      ep  300/300  loss 1.2417  val r 0.2516  rmse 0.2635
[00:17:53] INFO      done in 1648s | test r=0.2211 rmse=0.2545 ssim=0.3795
[done] latent_16 seed 0: r=0.2211 rmse=0.2545
[00:17:54] INFO    section visium_mouse_brain: 2691 locations x 2079 genes, 23006 edges, scale 3191 um/unit
[00:17:54] INFO    training NeuralMorphogenOperator (1,301,280 params) on visium_mouse_brain for 300 epochs
[00:18:23] INFO      ep   25/300  loss 1.5262  val r 0.1364  rmse 0.2941
[00:18:44] INFO      ep   50/300  loss 1.3947  val r 0.1943  rmse 0.2835
