[21:58:37] INFO    section visium_mouse_brain: 2691 locations x 2079 genes, 23006 edges, scale 3191 um/unit
[21:58:38] INFO    training NeuralMorphogenOperator (2,198,304 params) on visium_mouse_brain for 300 epochs
[22:00:34] INFO      ep   25/300  loss 1.5011  val r 0.1450  rmse 0.2944
[22:02:27] INFO      ep   50/300  loss 1.4000  val r 0.2010  rmse 0.2840
[22:03:56] INFO      ep   75/300  loss 1.3103  val r 0.2239  rmse 0.2733
[22:05:29] INFO      ep  100/300  loss 1.3075  val r 0.2409  rmse 0.2706
[22:06:56] INFO      ep  125/300  loss 1.2776  val r 0.2475  rmse 0.2663
[22:09:12] INFO      ep  150/300  loss 1.2446  val r 0.2498  rmse 0.2674
[22:10:57] INFO      ep  175/300  loss 1.2270  val r 0.2536  rmse 0.2656
[22:12:45] INFO      ep  200/300  loss 1.2457  val r 0.2556  rmse 0.2646
[22:14:22] INFO      ep  225/300  loss 1.2298  val r 0.2579  rmse 0.2644
[22:15:55] INFO      ep  250/300  loss 1.2150  val r 0.2577  rmse 0.2650
[22:17:23] INFO      ep  275/300  loss 1.2346  val r 0.2579  rmse 0.2653
[22:19:02] INFO      ep  300/300  loss 1.2264  val r 0.2579  rmse 0.2652
[22:19:07] INFO      done in 1225s | test r=0.2301 rmse=0.2548 ssim=0.3871
[done] no_bio_reg seed 0: r=0.2301 rmse=0.2548
[22:19:11] INFO    section visium_mouse_brain: 2691 locations x 2079 genes, 23006 edges, scale 3191 um/unit
[22:19:12] INFO    training NeuralMorphogenOperator (2,198,304 params) on visium_mouse_brain for 300 epochs
[22:20:56] INFO      ep   25/300  loss 1.5257  val r 0.1337  rmse 0.2942
[22:23:10] INFO      ep   50/300  loss 1.3882  val r 0.1969  rmse 0.2830
[22:25:43] INFO      ep   75/300  loss 1.3214  val r 0.2263  rmse 0.2725
[22:28:42] INFO      ep  100/300  loss 1.2936  val r 0.2406  rmse 0.2699
[skip] no_bio_reg seed 0
[22:43:30] INFO    section visium_mouse_brain: 2691 locations x 2079 genes, 23006 edges, scale 3191 um/unit
[22:43:30] INFO    training NeuralMorphogenOperator (2,198,304 params) on visium_mouse_brain for 300 epochs
[22:44:51] INFO      ep   25/300  loss 1.5257  val r 0.1337  rmse 0.2942
[22:46:09] INFO      ep   50/300  loss 1.3882  val r 0.1969  rmse 0.2830
[22:47:36] INFO      ep   75/300  loss 1.3214  val r 0.2263  rmse 0.2725
[22:49:28] INFO      ep  100/300  loss 1.2936  val r 0.2406  rmse 0.2699
[22:50:49] INFO      ep  125/300  loss 1.2874  val r 0.2496  rmse 0.2661
[22:52:14] INFO      ep  150/300  loss 1.2513  val r 0.2555  rmse 0.2647
[22:53:30] INFO      ep  175/300  loss 1.2339  val r 0.2596  rmse 0.2638
[22:54:35] INFO      ep  200/300  loss 1.2225  val r 0.2620  rmse 0.2641
[22:55:57] INFO      ep  225/300  loss 1.2435  val r 0.2637  rmse 0.2634
[22:57:18] INFO      ep  250/300  loss 1.2395  val r 0.2644  rmse 0.2629
[22:58:58] INFO      ep  275/300  loss 1.2312  val r 0.2642  rmse 0.2631
[23:01:33] INFO      ep  300/300  loss 1.2216  val r 0.2642  rmse 0.2632
[23:01:37] INFO      done in 1084s | test r=0.2368 rmse=0.2505 ssim=0.3976
[done] no_bio_reg seed 1: r=0.2368 rmse=0.2505

            pearson_mean                rmse  ... ssim_mean   n_params     
                   mean       std      mean  ...       std       mean  std
variant                                      ...                          
no_bio_reg     0.233443  0.004794  0.252666  ...  0.007417  2198304.0  0.0

[1 rows x 8 columns]
