[00:18:53] INFO    section mosta_embryo_E9.5: 5898 locations x 2069 genes, 48040 edges, scale 1395 um/unit
[00:19:02] INFO    section mosta_embryo_E10.5: 18360 locations x 2099 genes, 148344 edges, scale 2629 um/unit
[00:19:02] INFO    aligned mosta_embryo_E9.5 <-> mosta_embryo_E10.5: 563 shared genes
mosta_embryo_E9.5 -> mosta_embryo_E10.5: 563 shared genes, 5898 -> 18360 locations
[00:19:10] INFO    training NeuralMorphogenOperator (1,614,644 params) on mosta_embryo_E9.5 for 250 epochs
[00:25:29] INFO      ep   25/250  loss 1.5348  val r 0.1419  rmse 0.3914
[00:26:55] INFO      ep   50/250  loss 1.4535  val r 0.1717  rmse 0.3816
[00:28:05] INFO      ep   75/250  loss 1.4016  val r 0.1779  rmse 0.3592
[00:29:16] INFO      ep  100/250  loss 1.3867  val r 0.1849  rmse 0.3533
[00:31:34] INFO      ep  125/250  loss 1.3688  val r 0.1879  rmse 0.3516
[00:33:31] INFO      ep  150/250  loss 1.3686  val r 0.1893  rmse 0.3512
[00:35:46] INFO      ep  175/250  loss 1.3314  val r 0.1894  rmse 0.3516
[00:37:11] INFO      ep  200/250  loss 1.3351  val r 0.1902  rmse 0.3513
[00:38:19] INFO      ep  225/250  loss 1.3387  val r 0.1899  rmse 0.3514
[00:39:23] INFO      ep  250/250  loss 1.3288  val r 0.1899  rmse 0.3514
[00:39:24] INFO      done in 1213s | test r=0.1741 rmse=0.3525 ssim=0.5322
[forecast] seed0 T= 0: field r=0.0813
[forecast] seed0 T= 2: field r=0.0883
[forecast] seed0 T= 4: field r=0.0915
[forecast] seed0 T= 8: field r=0.0944
[forecast] seed0 T=16: field r=0.0952
[forecast] seed0 T=32: field r=0.0913
Python(61084) MallocStackLogging: can't turn off malloc stack logging because it was not enabled.
Python(61085) MallocStackLogging: can't turn off malloc stack logging because it was not enabled.
[00:39:30] INFO    training NeuralMorphogenOperator (1,614,644 params) on mosta_embryo_E9.5 for 250 epochs
[00:40:39] INFO      ep   25/250  loss 1.4951  val r 0.1473  rmse 0.3905
[00:41:47] INFO      ep   50/250  loss 1.4432  val r 0.1754  rmse 0.3742
[00:42:56] INFO      ep   75/250  loss 1.4175  val r 0.1803  rmse 0.3562
[00:44:10] INFO      ep  100/250  loss 1.3765  val r 0.1867  rmse 0.3523
[00:45:22] INFO      ep  125/250  loss 1.3756  val r 0.1896  rmse 0.3517
[00:46:31] INFO      ep  150/250  loss 1.3421  val r 0.1916  rmse 0.3512
[00:47:39] INFO      ep  175/250  loss 1.3399  val r 0.1917  rmse 0.3516
[00:48:49] INFO      ep  200/250  loss 1.3472  val r 0.1928  rmse 0.3512
[00:49:48] INFO      ep  225/250  loss 1.3254  val r 0.1926  rmse 0.3514
[00:50:37] INFO      ep  250/250  loss 1.3470  val r 0.1927  rmse 0.3514
[00:50:38] INFO      done in 668s | test r=0.1743 rmse=0.3516 ssim=0.5281
[forecast] seed1 T= 0: field r=0.0820
[forecast] seed1 T= 2: field r=0.0889
[forecast] seed1 T= 4: field r=0.0918
[forecast] seed1 T= 8: field r=0.0941
[forecast] seed1 T=16: field r=0.0939
[forecast] seed1 T=32: field r=0.0877

                              mean       std  count
model       horizon                               
mean        NaN      1.208586e-15       NaN      1
nmo         0.0      8.164944e-02  0.000555      2
            2.0      8.861633e-02  0.000440      2
            4.0      9.165015e-02  0.000282      2
            8.0      9.423056e-02  0.000180      2
            16.0     9.455002e-02  0.000875      2
            32.0     8.952562e-02  0.002543      2
persistence NaN      6.397607e-02       NaN      1
