== (a) stability envelope ==
   strang-spectral  largest stable dt = 0.5012   (CFL bound 0.01215)
   euler-spectral   largest stable dt = 0.00302   (CFL bound 0.01215)
   strang-fd5       largest stable dt = 0.0166   (CFL bound 0.01215)
   euler-fd5        largest stable dt = 0.009404   (CFL bound 0.01215)

== (b) cost at matched accuracy (rel. err < 1e-2) ==
   strang-spectral      4 steps  (1x)  err=8.39e-03
   euler-spectral     128 steps  (32x)  err=2.33e-03
   strang-fd5          32 steps  (8x)  err=9.14e-04
   euler-fd5           64 steps  (16x)  err=6.14e-03

== (c) effect on held-out reconstruction ==
[04:03:06] INFO    section visium_mouse_brain: 2691 locations x 2079 genes, 23006 edges, scale 3191 um/unit
[04:03:06] INFO    training NeuralMorphogenOperator (2,198,304 params) on visium_mouse_brain for 250 epochs
/Users/sunkalp/neural-morphogen-operators/src/training/trainer.py:156: UserWarning: Converting a tensor with requires_grad=True to a scalar may lead to unexpected behavior.
Consider using tensor.detach() first. (Triggered internally at /Users/runner/work/pytorch/pytorch/torch/csrc/autograd/generated/python_variable_methods.cpp:823.)
  return {k: float(v) for k, v in terms.items()}
[04:03:23] INFO      ep   25/250  loss 1.5011  val r 0.1450  rmse 0.2944
[04:03:40] INFO      ep   50/250  loss 1.4005  val r 0.2009  rmse 0.2841
[04:03:57] INFO      ep   75/250  loss 1.3114  val r 0.2232  rmse 0.2735
[04:04:13] INFO      ep  100/250  loss 1.3098  val r 0.2399  rmse 0.2708
[04:05:24] INFO      ep  125/250  loss 1.2817  val r 0.2463  rmse 0.2671
[04:05:56] INFO      ep  150/250  loss 1.2506  val r 0.2486  rmse 0.2678
[04:06:27] INFO      ep  175/250  loss 1.2360  val r 0.2511  rmse 0.2662
[04:06:46] INFO      ep  200/250  loss 1.2580  val r 0.2525  rmse 0.2655
[04:07:12] INFO      ep  225/250  loss 1.2461  val r 0.2527  rmse 0.2658
[04:09:20] INFO      ep  250/250  loss 1.2319  val r 0.2529  rmse 0.2657
[04:09:22] INFO      done in 374s | test r=0.2218 rmse=0.2567 ssim=0.3790
[ok] strang-spectral  seed0  r=0.2218
[04:09:23] INFO    section visium_mouse_brain: 2691 locations x 2079 genes, 23006 edges, scale 3191 um/unit
[04:09:23] INFO    training NeuralMorphogenOperator (2,198,304 params) on visium_mouse_brain for 250 epochs
[04:10:14] INFO      ep   25/250  loss 1.5257  val r 0.1337  rmse 0.2942
[04:11:06] INFO      ep   50/250  loss 1.3886  val r 0.1967  rmse 0.2831
[04:11:39] INFO      ep   75/250  loss 1.3227  val r 0.2256  rmse 0.2728
[04:12:11] INFO      ep  100/250  loss 1.2960  val r 0.2396  rmse 0.2702
[04:12:45] INFO      ep  125/250  loss 1.2913  val r 0.2481  rmse 0.2667
[04:15:54] INFO      ep  150/250  loss 1.2568  val r 0.2532  rmse 0.2656
[04:17:47] INFO      ep  175/250  loss 1.2426  val r 0.2566  rmse 0.2644
[04:20:36] INFO      ep  200/250  loss 1.2333  val r 0.2581  rmse 0.2645
