17 sections x 6 models x 2 seeds
shard 0/3: 66 of 68 jobs remaining
[04:22:05] INFO    section merfish_allen_01: 23376 locations x 500 genes, 214168 edges, scale 2353 um/unit
[04:22:07] INFO    training NeuralMorphogenOperator (1,590,389 params) on merfish_allen_01 for 200 epochs
[04:22:47] INFO      ep   25/200  loss 1.5256  val r 0.1748  rmse 0.8634
[04:23:22] INFO      ep   50/200  loss 1.4586  val r 0.2038  rmse 0.8353
[04:23:52] INFO      ep   75/200  loss 1.3906  val r 0.2121  rmse 0.8099
[04:24:16] INFO      ep  100/200  loss 1.3897  val r 0.2208  rmse 0.8012
[04:24:42] INFO      ep  125/200  loss 1.3637  val r 0.2229  rmse 0.7992
[04:25:04] INFO      ep  150/200  loss 1.3694  val r 0.2239  rmse 0.7984
[04:25:40] INFO      ep  175/200  loss 1.3590  val r 0.2241  rmse 0.7983
[04:26:04] INFO      ep  200/200  loss 1.3415  val r 0.2244  rmse 0.7980
[04:26:04] INFO      done in 237s | test r=0.2320 rmse=0.7589 ssim=0.3447
[1/66] merfish_allen_01       nmo                s0 r=0.2320 (246s)
[04:26:10] INFO    section merfish_allen_01: 23376 locations x 500 genes, 214168 edges, scale 2353 um/unit
[04:26:10] INFO    training MultiScaleGPBaseline (3,018 params) on merfish_allen_01 for 200 epochs
[04:26:31] INFO      ep   25/200  loss 1.1864  val r 0.1435  rmse 0.8375
[04:26:51] INFO      ep   50/200  loss 1.1796  val r 0.1400  rmse 0.8325
[04:27:14] INFO      ep   75/200  loss 1.1637  val r 0.1248  rmse 0.8412
[04:27:34] INFO      ep  100/200  loss 1.1863  val r 0.1291  rmse 0.8390
[04:27:55] INFO      ep  125/200  loss 1.1821  val r 0.1270  rmse 0.8404
[04:28:11] INFO      ep  150/200  loss 1.1847  val r 0.1315  rmse 0.8363
