17 sections x 6 models x 2 seeds
shard 2/3: 66 of 68 jobs remaining
[04:22:05] INFO    section merfish_allen_01: 23376 locations x 500 genes, 214168 edges, scale 2353 um/unit
[04:22:07] INFO    training NeuralFieldBaseline (147,060 params) on merfish_allen_01 for 200 epochs
[04:22:10] INFO      ep   25/200  loss 1.2854  val r 0.1475  rmse 0.8604
[04:22:13] INFO      ep   50/200  loss 1.1617  val r 0.1229  rmse 0.8541
[04:22:16] INFO      ep   75/200  loss 1.0741  val r 0.1181  rmse 0.8597
[04:22:18] INFO      ep  100/200  loss 1.0505  val r 0.1134  rmse 0.8638
[04:22:20] INFO      ep  125/200  loss 1.0087  val r 0.1077  rmse 0.8676
[04:22:22] INFO      ep  150/200  loss 1.0018  val r 0.1051  rmse 0.8695
[04:22:25] INFO      ep  175/200  loss 0.9918  val r 0.1039  rmse 0.8698
[04:22:28] INFO      ep  200/200  loss 0.9713  val r 0.1035  rmse 0.8700
[04:22:29] INFO      done in 22s | test r=0.1212 rmse=0.8339 ssim=0.1833
[1/66] merfish_allen_01       neural_field       s0 r=0.1212 (30s)
[04:22:36] INFO    section merfish_allen_01: 23376 locations x 500 genes, 214168 edges, scale 2353 um/unit
[04:22:36] INFO    training AutoencoderBaseline (170,004 params) on merfish_allen_01 for 200 epochs
[04:22:48] INFO      ep   25/200  loss 1.3978  val r 0.1373  rmse 0.8563
[04:22:54] INFO      ep   50/200  loss 1.2926  val r 0.1816  rmse 0.8547
[04:22:59] INFO      ep   75/200  loss 1.2932  val r 0.1940  rmse 0.8531
[04:23:02] INFO      ep  100/200  loss 1.2879  val r 0.1975  rmse 0.8504
[04:23:06] INFO      ep  125/200  loss 1.2674  val r 0.1980  rmse 0.8462
[04:23:09] INFO      ep  150/200  loss 1.2521  val r 0.1984  rmse 0.8409
[04:23:12] INFO      ep  175/200  loss 1.2364  val r 0.1984  rmse 0.8375
[04:23:15] INFO      ep  200/200  loss 1.2431  val r 0.1984  rmse 0.8369
[04:23:15] INFO      done in 39s | test r=0.2416 rmse=0.8047 ssim=0.2399
[2/66] merfish_allen_01       autoencoder        s1 r=0.2416 (47s)
[04:23:34] INFO    section merfish_allen_05: 45896 locations x 501 genes, 424364 edges, scale 3091 um/unit
[04:23:34] INFO    training STAGATEStyleBaseline (286,357 params) on merfish_allen_05 for 200 epochs
[04:23:38] INFO      ep   25/200  loss 1.4309  val r 0.0740  rmse 0.8239
[04:23:45] INFO      ep   50/200  loss 1.3212  val r 0.1025  rmse 0.8192
[04:23:52] INFO      ep   75/200  loss 1.2744  val r 0.1112  rmse 0.8118
[04:23:57] INFO      ep  100/200  loss 1.2566  val r 0.1161  rmse 0.8088
[04:24:01] INFO      ep  125/200  loss 1.2040  val r 0.1102  rmse 0.8098
[04:24:06] INFO      ep  150/200  loss 1.1894  val r 0.1134  rmse 0.8098
[04:24:10] INFO      ep  175/200  loss 1.1909  val r 0.1125  rmse 0.8105
[04:24:16] INFO      ep  200/200  loss 1.1897  val r 0.1128  rmse 0.8104
[04:24:16] INFO      done in 41s | test r=0.1182 rmse=0.7528 ssim=0.3015
[3/66] merfish_allen_05       stagate            s0 r=0.1182 (61s)
[04:24:34] INFO    section merfish_allen_05: 45896 locations x 501 genes, 424364 edges, scale 3091 um/unit
[04:24:34] INFO    training GNNBaseline (204,053 params) on merfish_allen_05 for 200 epochs
[04:24:39] INFO      ep   25/200  loss 1.4326  val r 0.0983  rmse 0.8162
[04:24:42] INFO      ep   50/200  loss 1.3604  val r 0.1358  rmse 0.8102
[04:24:46] INFO      ep   75/200  loss 1.2743  val r 0.1411  rmse 0.8015
[04:24:50] INFO      ep  100/200  loss 1.2734  val r 0.1339  rmse 0.7992
[04:24:54] INFO      ep  125/200  loss 1.2618  val r 0.1371  rmse 0.7981
[04:24:58] INFO      ep  150/200  loss 1.2712  val r 0.1358  rmse 0.7986
[04:25:01] INFO      ep  175/200  loss 1.2508  val r 0.1360  rmse 0.7991
[04:25:05] INFO      ep  200/200  loss 1.2329  val r 0.1358  rmse 0.7991
[04:25:05] INFO      done in 31s | test r=0.1460 rmse=0.7641 ssim=0.3161
[4/66] merfish_allen_05       gnn                s1 r=0.1460 (49s)
[04:25:25] INFO    section merfish_allen_05: 45896 locations x 501 genes, 424364 edges, scale 3091 um/unit
[04:25:25] INFO    training NeuralFieldBaseline (147,189 params) on merfish_allen_05 for 200 epochs
[04:25:29] INFO      ep   25/200  loss 1.3023  val r 0.0208  rmse 0.8301
[04:25:34] INFO      ep   50/200  loss 1.1610  val r 0.0237  rmse 0.8286
[04:25:38] INFO      ep   75/200  loss 1.0846  val r 0.0228  rmse 0.8339
[04:25:39] INFO      ep  100/200  loss 1.0500  val r 0.0208  rmse 0.8388
[04:25:41] INFO      ep  125/200  loss 0.9931  val r 0.0190  rmse 0.8426
[04:25:44] INFO      ep  150/200  loss 0.9777  val r 0.0184  rmse 0.8440
[04:25:46] INFO      ep  175/200  loss 0.9742  val r 0.0177  rmse 0.8446
[04:25:48] INFO      ep  200/200  loss 0.9748  val r 0.0176  rmse 0.8447
[04:25:48] INFO      done in 23s | test r=0.0318 rmse=0.7704 ssim=0.2424
[5/66] merfish_allen_05       neural_field       s0 r=0.0318 (43s)
[04:26:04] INFO    section merfish_allen_05: 45896 locations x 501 genes, 424364 edges, scale 3091 um/unit
[04:26:04] INFO    training AutoencoderBaseline (170,261 params) on merfish_allen_05 for 200 epochs
[04:26:08] INFO      ep   25/200  loss 1.4123  val r 0.0823  rmse 0.8187
[04:26:11] INFO      ep   50/200  loss 1.3374  val r 0.1105  rmse 0.8177
[04:26:14] INFO      ep   75/200  loss 1.2661  val r 0.1238  rmse 0.8166
[04:26:17] INFO      ep  100/200  loss 1.2760  val r 0.1270  rmse 0.8150
[04:26:21] INFO      ep  125/200  loss 1.2642  val r 0.1284  rmse 0.8127
[04:26:25] INFO      ep  150/200  loss 1.2813  val r 0.1290  rmse 0.8103
[04:26:28] INFO      ep  175/200  loss 1.2473  val r 0.1293  rmse 0.8089
[04:26:31] INFO      ep  200/200  loss 1.2276  val r 0.1294  rmse 0.8086
[04:26:32] INFO      done in 27s | test r=0.1452 rmse=0.7659 ssim=0.2969
[6/66] merfish_allen_05       autoencoder        s1 r=0.1452 (44s)
[04:26:46] INFO    section merfish_allen_10: 42070 locations x 503 genes, 388868 edges, scale 4637 um/unit
[04:26:47] INFO    training STAGATEStyleBaseline (286,871 params) on merfish_allen_10 for 200 epochs
[04:26:53] INFO      ep   25/200  loss 1.4080  val r 0.0888  rmse 0.6967
[04:27:02] INFO      ep   50/200  loss 1.3090  val r 0.1379  rmse 0.6861
[04:27:10] INFO      ep   75/200  loss 1.2666  val r 0.1496  rmse 0.6709
[04:27:17] INFO      ep  100/200  loss 1.2302  val r 0.1527  rmse 0.6593
[04:27:24] INFO      ep  125/200  loss 1.2135  val r 0.1536  rmse 0.6540
[04:27:31] INFO      ep  150/200  loss 1.1741  val r 0.1529  rmse 0.6525
[04:27:38] INFO      ep  175/200  loss 1.1750  val r 0.1527  rmse 0.6528
[04:27:45] INFO      ep  200/200  loss 1.1815  val r 0.1529  rmse 0.6525
[04:27:45] INFO      done in 58s | test r=0.1549 rmse=0.6973 ssim=0.3450
[7/66] merfish_allen_10       stagate            s0 r=0.1549 (73s)
[04:27:59] INFO    section merfish_allen_10: 42070 locations x 503 genes, 388868 edges, scale 4637 um/unit
[04:28:00] INFO    training GNNBaseline (204,567 params) on merfish_allen_10 for 200 epochs
[04:28:05] INFO      ep   25/200  loss 1.3970  val r 0.1085  rmse 0.6904
[04:28:09] INFO      ep   50/200  loss 1.3525  val r 0.1536  rmse 0.6828
[04:28:13] INFO      ep   75/200  loss 1.3126  val r 0.1634  rmse 0.6689
[04:28:17] INFO      ep  100/200  loss 1.2778  val r 0.1627  rmse 0.6566
[04:28:23] INFO      ep  125/200  loss 1.2507  val r 0.1620  rmse 0.6515
[04:28:28] INFO      ep  150/200  loss 1.2357  val r 0.1588  rmse 0.6519
[04:28:33] INFO      ep  175/200  loss 1.2601  val r 0.1601  rmse 0.6501
[04:28:38] INFO      ep  200/200  loss 1.2486  val r 0.1597  rmse 0.6502
[04:28:38] INFO      done in 38s | test r=0.1442 rmse=0.6759 ssim=0.2960
[8/66] merfish_allen_10       gnn                s1 r=0.1442 (53s)
[04:28:51] INFO    section merfish_allen_10: 42070 locations x 503 genes, 388868 edges, scale 4637 um/unit
[04:28:51] INFO    training NeuralFieldBaseline (147,447 params) on merfish_allen_10 for 200 epochs
[04:28:53] INFO      ep   25/200  loss 1.2990  val r 0.1089  rmse 0.6873
[04:28:55] INFO      ep   50/200  loss 1.1825  val r 0.0971  rmse 0.6840
[04:28:57] INFO      ep   75/200  loss 1.1206  val r 0.0891  rmse 0.6821
[04:28:58] INFO      ep  100/200  loss 1.0792  val r 0.0847  rmse 0.6842
[04:29:00] INFO      ep  125/200  loss 1.0482  val r 0.0818  rmse 0.6859
[04:29:02] INFO      ep  150/200  loss 1.0107  val r 0.0812  rmse 0.6862
[04:29:04] INFO      ep  175/200  loss 1.0074  val r 0.0806  rmse 0.6865
[04:29:06] INFO      ep  200/200  loss 1.0116  val r 0.0804  rmse 0.6866
[04:29:06] INFO      done in 15s | test r=0.1297 rmse=0.6937 ssim=0.2777
[9/66] merfish_allen_10       neural_field       s0 r=0.1297 (28s)
[04:29:18] INFO    section merfish_allen_10: 42070 locations x 503 genes, 388868 edges, scale 4637 um/unit
[04:29:18] INFO    training AutoencoderBaseline (170,775 params) on merfish_allen_10 for 200 epochs
[04:29:22] INFO      ep   25/200  loss 1.3822  val r 0.0738  rmse 0.6945
[04:29:26] INFO      ep   50/200  loss 1.3278  val r 0.1309  rmse 0.6931
[04:29:29] INFO      ep   75/200  loss 1.2999  val r 0.1413  rmse 0.6923
[04:29:32] INFO      ep  100/200  loss 1.2735  val r 0.1418  rmse 0.6916
[04:29:34] INFO      ep  125/200  loss 1.2673  val r 0.1412  rmse 0.6911
[04:29:37] INFO      ep  150/200  loss 1.2506  val r 0.1405  rmse 0.6908
[04:29:39] INFO      ep  175/200  loss 1.2754  val r 0.1407  rmse 0.6906
[04:29:42] INFO      ep  200/200  loss 1.2630  val r 0.1406  rmse 0.6906
[04:29:42] INFO      done in 23s | test r=0.1539 rmse=0.6884 ssim=0.2218
[10/66] merfish_allen_10       autoencoder        s1 r=0.1539 (36s)
[04:30:38] INFO    section merfish_allen_14: 94357 locations x 500 genes, 865018 edges, scale 4728 um/unit
[04:30:38] INFO    training STAGATEStyleBaseline (286,100 params) on merfish_allen_14 for 200 epochs
[04:30:43] INFO      ep   25/200  loss 1.4355  val r 0.0785  rmse 0.7145
[04:30:47] INFO      ep   50/200  loss 1.3399  val r 0.1171  rmse 0.7096
[04:30:52] INFO      ep   75/200  loss 1.2801  val r 0.1230  rmse 0.7030
[04:30:57] INFO      ep  100/200  loss 1.2522  val r 0.1251  rmse 0.6991
[04:31:01] INFO      ep  125/200  loss 1.2500  val r 0.1246  rmse 0.7004
[04:31:05] INFO      ep  150/200  loss 1.2109  val r 0.1235  rmse 0.7016
[04:31:10] INFO      ep  175/200  loss 1.1965  val r 0.1240  rmse 0.7023
[04:31:14] INFO      ep  200/200  loss 1.2138  val r 0.1240  rmse 0.7025
[04:31:15] INFO      done in 36s | test r=0.1344 rmse=0.6947 ssim=0.3298
[11/66] merfish_allen_14       stagate            s0 r=0.1344 (92s)
[04:32:07] INFO    section merfish_allen_14: 94357 locations x 500 genes, 865018 edges, scale 4728 um/unit
[04:32:07] INFO    training GNNBaseline (203,796 params) on merfish_allen_14 for 200 epochs
[04:32:11] INFO      ep   25/200  loss 1.4286  val r 0.0861  rmse 0.7201
[04:32:14] INFO      ep   50/200  loss 1.3324  val r 0.1189  rmse 0.7145
[04:32:18] INFO      ep   75/200  loss 1.3110  val r 0.1281  rmse 0.7066
[04:32:22] INFO      ep  100/200  loss 1.2910  val r 0.1298  rmse 0.7014
[04:32:26] INFO      ep  125/200  loss 1.2687  val r 0.1288  rmse 0.7002
[04:32:29] INFO      ep  150/200  loss 1.2564  val r 0.1259  rmse 0.7005
[04:32:33] INFO      ep  175/200  loss 1.2467  val r 0.1270  rmse 0.7006
[04:32:37] INFO      ep  200/200  loss 1.2461  val r 0.1271  rmse 0.7006
[04:32:37] INFO      done in 30s | test r=0.1331 rmse=0.7100 ssim=0.2557
[12/66] merfish_allen_14       gnn                s1 r=0.1331 (83s)
[04:33:37] INFO    section merfish_allen_14: 94357 locations x 500 genes, 865018 edges, scale 4728 um/unit
[04:33:37] INFO    training NeuralFieldBaseline (147,060 params) on merfish_allen_14 for 200 epochs
[04:33:40] INFO      ep   25/200  loss 1.3214  val r 0.0811  rmse 0.7147
[04:33:43] INFO      ep   50/200  loss 1.1979  val r 0.0631  rmse 0.7182
[04:33:45] INFO      ep   75/200  loss 1.1192  val r 0.0427  rmse 0.7296
[04:33:48] INFO      ep  100/200  loss 1.0837  val r 0.0387  rmse 0.7344
[04:33:51] INFO      ep  125/200  loss 1.0653  val r 0.0374  rmse 0.7359
[04:33:54] INFO      ep  150/200  loss 1.0303  val r 0.0364  rmse 0.7381
[04:33:57] INFO      ep  175/200  loss 1.0196  val r 0.0365  rmse 0.7382
[04:33:59] INFO      ep  200/200  loss 1.0261  val r 0.0364  rmse 0.7382
[04:34:00] INFO      done in 22s | test r=0.0914 rmse=0.7157 ssim=0.2850
[13/66] merfish_allen_14       neural_field       s0 r=0.0914 (82s)
[04:35:04] INFO    section merfish_allen_14: 94357 locations x 500 genes, 865018 edges, scale 4728 um/unit
[04:35:04] INFO    training AutoencoderBaseline (170,004 params) on merfish_allen_14 for 200 epochs
[04:35:07] INFO      ep   25/200  loss 1.4067  val r 0.0811  rmse 0.7242
[04:35:11] INFO      ep   50/200  loss 1.3031  val r 0.1078  rmse 0.7235
[04:35:14] INFO      ep   75/200  loss 1.2911  val r 0.1124  rmse 0.7232
[04:35:18] INFO      ep  100/200  loss 1.2858  val r 0.1115  rmse 0.7229
[04:35:22] INFO      ep  125/200  loss 1.2753  val r 0.1111  rmse 0.7226
[04:35:26] INFO      ep  150/200  loss 1.2642  val r 0.1108  rmse 0.7223
[04:35:30] INFO      ep  175/200  loss 1.2564  val r 0.1109  rmse 0.7221
[04:35:33] INFO      ep  200/200  loss 1.2585  val r 0.1109  rmse 0.7221
[04:35:33] INFO      done in 29s | test r=0.1359 rmse=0.7332 ssim=0.1789
[14/66] merfish_allen_14       autoencoder        s1 r=0.1359 (94s)
[04:35:48] INFO    section merfish_allen_18: 44309 locations x 500 genes, 407488 edges, scale 4091 um/unit
[04:35:49] INFO    training STAGATEStyleBaseline (286,100 params) on merfish_allen_18 for 200 epochs
[04:35:54] INFO      ep   25/200  loss 1.3830  val r 0.0568  rmse 0.7558
[04:36:01] INFO      ep   50/200  loss 1.2944  val r 0.0860  rmse 0.7542
[04:36:07] INFO      ep   75/200  loss 1.2897  val r 0.1004  rmse 0.7506
[04:36:13] INFO      ep  100/200  loss 1.2383  val r 0.1058  rmse 0.7481
[04:36:19] INFO      ep  125/200  loss 1.1908  val r 0.1095  rmse 0.7464
[04:36:25] INFO      ep  150/200  loss 1.1996  val r 0.1098  rmse 0.7469
[04:36:31] INFO      ep  175/200  loss 1.2116  val r 0.1105  rmse 0.7471
[04:36:37] INFO      ep  200/200  loss 1.2122  val r 0.1108  rmse 0.7471
[04:36:38] INFO      done in 49s | test r=0.1140 rmse=0.6922 ssim=0.2963
[15/66] merfish_allen_18       stagate            s0 r=0.1140 (65s)
[04:36:53] INFO    section merfish_allen_18: 44309 locations x 500 genes, 407488 edges, scale 4091 um/unit
[04:36:53] INFO    training GNNBaseline (203,796 params) on merfish_allen_18 for 200 epochs
[04:36:58] INFO      ep   25/200  loss 1.4047  val r 0.0572  rmse 0.7673
[04:37:03] INFO      ep   50/200  loss 1.3162  val r 0.0890  rmse 0.7647
[04:37:08] INFO      ep   75/200  loss 1.3110  val r 0.0963  rmse 0.7616
[04:37:13] INFO      ep  100/200  loss 1.2931  val r 0.1036  rmse 0.7577
[04:37:18] INFO      ep  125/200  loss 1.2717  val r 0.1044  rmse 0.7570
[04:37:22] INFO      ep  150/200  loss 1.2606  val r 0.1083  rmse 0.7558
[04:37:27] INFO      ep  175/200  loss 1.2705  val r 0.1082  rmse 0.7563
[04:37:32] INFO      ep  200/200  loss 1.2545  val r 0.1085  rmse 0.7563
[04:37:33] INFO      done in 39s | test r=0.1362 rmse=0.7054 ssim=0.2990
[16/66] merfish_allen_18       gnn                s1 r=0.1362 (55s)
[04:37:47] INFO    section merfish_allen_18: 44309 locations x 500 genes, 407488 edges, scale 4091 um/unit
[04:37:48] INFO    training NeuralFieldBaseline (147,060 params) on merfish_allen_18 for 200 epochs
[04:37:50] INFO      ep   25/200  loss 1.2686  val r 0.0629  rmse 0.7559
[04:37:53] INFO      ep   50/200  loss 1.1501  val r 0.0695  rmse 0.7547
[04:37:56] INFO      ep   75/200  loss 1.1116  val r 0.0604  rmse 0.7560
[04:37:58] INFO      ep  100/200  loss 1.0518  val r 0.0521  rmse 0.7584
[04:38:01] INFO      ep  125/200  loss 1.0029  val r 0.0464  rmse 0.7605
[04:38:04] INFO      ep  150/200  loss 0.9993  val r 0.0401  rmse 0.7626
[04:38:06] INFO      ep  175/200  loss 1.0090  val r 0.0385  rmse 0.7633
[04:38:09] INFO      ep  200/200  loss 1.0069  val r 0.0380  rmse 0.7635
[04:38:09] INFO      done in 21s | test r=0.0606 rmse=0.7055 ssim=0.2429
[17/66] merfish_allen_18       neural_field       s0 r=0.0606 (37s)
[04:38:24] INFO    section merfish_allen_18: 44309 locations x 500 genes, 407488 edges, scale 4091 um/unit
[04:38:25] INFO    training AutoencoderBaseline (170,004 params) on merfish_allen_18 for 200 epochs
[04:38:28] INFO      ep   25/200  loss 1.3889  val r 0.0446  rmse 0.7691
[04:38:31] INFO      ep   50/200  loss 1.2904  val r 0.0770  rmse 0.7685
[04:38:35] INFO      ep   75/200  loss 1.2871  val r 0.0954  rmse 0.7682
[04:38:38] INFO      ep  100/200  loss 1.2794  val r 0.1057  rmse 0.7678
[04:38:41] INFO      ep  125/200  loss 1.2661  val r 0.1106  rmse 0.7676
[04:38:44] INFO      ep  150/200  loss 1.2663  val r 0.1132  rmse 0.7675
[04:38:48] INFO      ep  175/200  loss 1.2729  val r 0.1144  rmse 0.7674
[04:38:51] INFO      ep  200/200  loss 1.2553  val r 0.1145  rmse 0.7674
[04:38:52] INFO      done in 27s | test r=0.1358 rmse=0.7228 ssim=0.2300
[18/66] merfish_allen_18       autoencoder        s1 r=0.1358 (42s)
[04:39:40] INFO    section merfish_allen_26: 79282 locations x 501 genes, 717704 edges, scale 4839 um/unit
[04:39:40] INFO    training STAGATEStyleBaseline (286,357 params) on merfish_allen_26 for 200 epochs
[04:39:47] INFO      ep   25/200  loss 1.4130  val r 0.0949  rmse 0.8442
[04:39:55] INFO      ep   50/200  loss 1.3357  val r 0.1471  rmse 0.8340
[04:40:02] INFO      ep   75/200  loss 1.2901  val r 0.1565  rmse 0.8193
[04:40:09] INFO      ep  100/200  loss 1.2397  val r 0.1586  rmse 0.8098
[04:40:15] INFO      ep  125/200  loss 1.2276  val r 0.1607  rmse 0.8057
[04:40:24] INFO      ep  150/200  loss 1.2022  val r 0.1624  rmse 0.8038
[04:40:32] INFO      ep  175/200  loss 1.1870  val r 0.1630  rmse 0.8031
[04:40:39] INFO      ep  200/200  loss 1.1805  val r 0.1632  rmse 0.8029
[04:40:40] INFO      done in 59s | test r=0.1827 rmse=0.8254 ssim=0.3207
[19/66] merfish_allen_26       stagate            s0 r=0.1827 (108s)
[04:41:24] INFO    section merfish_allen_26: 79282 locations x 501 genes, 717704 edges, scale 4839 um/unit
[04:41:24] INFO    training GNNBaseline (204,053 params) on merfish_allen_26 for 200 epochs
[04:41:30] INFO      ep   25/200  loss 1.3794  val r 0.1150  rmse 0.8530
[04:41:34] INFO      ep   50/200  loss 1.3490  val r 0.1543  rmse 0.8469
[04:41:39] INFO      ep   75/200  loss 1.2933  val r 0.1669  rmse 0.8355
[04:41:44] INFO      ep  100/200  loss 1.2868  val r 0.1699  rmse 0.8235
[04:41:49] INFO      ep  125/200  loss 1.2658  val r 0.1744  rmse 0.8157
[04:41:54] INFO      ep  150/200  loss 1.2318  val r 0.1765  rmse 0.8119
[04:41:59] INFO      ep  175/200  loss 1.2445  val r 0.1764  rmse 0.8112
[04:42:04] INFO      ep  200/200  loss 1.2321  val r 0.1766  rmse 0.8110
[04:42:05] INFO      done in 40s | test r=0.1742 rmse=0.8175 ssim=0.3095
[20/66] merfish_allen_26       gnn                s1 r=0.1742 (85s)
[04:42:48] INFO    section merfish_allen_26: 79282 locations x 501 genes, 717704 edges, scale 4839 um/unit
[04:42:48] INFO    training NeuralFieldBaseline (147,189 params) on merfish_allen_26 for 200 epochs
[04:42:51] INFO      ep   25/200  loss 1.2907  val r 0.0998  rmse 0.8383
[04:42:54] INFO      ep   50/200  loss 1.1910  val r 0.0691  rmse 0.8396
[04:42:56] INFO      ep   75/200  loss 1.1150  val r 0.0683  rmse 0.8425
[04:42:59] INFO      ep  100/200  loss 1.0597  val r 0.0657  rmse 0.8450
[04:43:02] INFO      ep  125/200  loss 1.0352  val r 0.0631  rmse 0.8476
[04:43:05] INFO      ep  150/200  loss 1.0020  val r 0.0589  rmse 0.8499
[04:43:08] INFO      ep  175/200  loss 0.9888  val r 0.0574  rmse 0.8508
[04:43:11] INFO      ep  200/200  loss 0.9835  val r 0.0573  rmse 0.8508
[04:43:11] INFO      done in 23s | test r=0.1464 rmse=0.8610 ssim=0.2218
[21/66] merfish_allen_26       neural_field       s0 r=0.1464 (66s)
[04:43:54] INFO    section merfish_allen_26: 79282 locations x 501 genes, 717704 edges, scale 4839 um/unit
[04:43:54] INFO    training AutoencoderBaseline (170,261 params) on merfish_allen_26 for 200 epochs
[04:43:58] INFO      ep   25/200  loss 1.3673  val r 0.0997  rmse 0.8552
[04:44:02] INFO      ep   50/200  loss 1.3251  val r 0.1460  rmse 0.8540
[04:44:05] INFO      ep   75/200  loss 1.2799  val r 0.1594  rmse 0.8530
[04:44:09] INFO      ep  100/200  loss 1.2851  val r 0.1637  rmse 0.8521
[04:44:13] INFO      ep  125/200  loss 1.2762  val r 0.1663  rmse 0.8510
[04:44:16] INFO      ep  150/200  loss 1.2523  val r 0.1675  rmse 0.8500
[04:44:21] INFO      ep  175/200  loss 1.2688  val r 0.1678  rmse 0.8495
[04:44:27] INFO      ep  200/200  loss 1.2528  val r 0.1680  rmse 0.8494
[04:44:27] INFO      done in 32s | test r=0.1576 rmse=0.8536 ssim=0.2023
[22/66] merfish_allen_26       autoencoder        s1 r=0.1576 (76s)
[04:45:31] INFO    section merfish_allen_30: 91017 locations x 501 genes, 826366 edges, scale 5039 um/unit
[04:45:31] INFO    training STAGATEStyleBaseline (286,357 params) on merfish_allen_30 for 200 epochs
[04:45:39] INFO      ep   25/200  loss 1.3783  val r 0.0812  rmse 0.7926
[04:45:47] INFO      ep   50/200  loss 1.3173  val r 0.1170  rmse 0.7830
[04:45:55] INFO      ep   75/200  loss 1.2480  val r 0.1373  rmse 0.7673
[04:46:02] INFO      ep  100/200  loss 1.2040  val r 0.1472  rmse 0.7573
[04:46:08] INFO      ep  125/200  loss 1.1728  val r 0.1530  rmse 0.7552
[04:46:14] INFO      ep  150/200  loss 1.1648  val r 0.1537  rmse 0.7556
[04:46:20] INFO      ep  175/200  loss 1.1798  val r 0.1545  rmse 0.7556
[04:46:26] INFO      ep  200/200  loss 1.1467  val r 0.1546  rmse 0.7556
[04:46:27] INFO      done in 55s | test r=0.1294 rmse=0.8198 ssim=0.3097
[23/66] merfish_allen_30       stagate            s0 r=0.1294 (120s)
[04:47:28] INFO    section merfish_allen_30: 91017 locations x 501 genes, 826366 edges, scale 5039 um/unit
[04:47:28] INFO    training GNNBaseline (204,053 params) on merfish_allen_30 for 200 epochs
[04:47:35] INFO      ep   25/200  loss 1.4131  val r 0.1031  rmse 0.8063
[04:47:41] INFO      ep   50/200  loss 1.3632  val r 0.1603  rmse 0.7975
[04:47:48] INFO      ep   75/200  loss 1.3230  val r 0.1749  rmse 0.7809
[04:47:54] INFO      ep  100/200  loss 1.2913  val r 0.1777  rmse 0.7650
[04:48:00] INFO      ep  125/200  loss 1.2639  val r 0.1822  rmse 0.7587
[04:48:07] INFO      ep  150/200  loss 1.2671  val r 0.1817  rmse 0.7579
[04:48:12] INFO      ep  175/200  loss 1.2427  val r 0.1819  rmse 0.7574
[04:48:18] INFO      ep  200/200  loss 1.2461  val r 0.1817  rmse 0.7574
[04:48:19] INFO      done in 50s | test r=0.1316 rmse=0.8173 ssim=0.3015
[24/66] merfish_allen_30       gnn                s1 r=0.1316 (112s)
[04:49:25] INFO    section merfish_allen_30: 91017 locations x 501 genes, 826366 edges, scale 5039 um/unit
[04:49:26] INFO    training NeuralFieldBaseline (147,189 params) on merfish_allen_30 for 200 epochs
[04:49:30] INFO      ep   25/200  loss 1.2616  val r 0.0985  rmse 0.7843
[04:49:34] INFO      ep   50/200  loss 1.1643  val r 0.1075  rmse 0.7734
[04:49:37] INFO      ep   75/200  loss 1.0711  val r 0.0993  rmse 0.7742
[04:49:41] INFO      ep  100/200  loss 1.0196  val r 0.0915  rmse 0.7760
[04:49:44] INFO      ep  125/200  loss 0.9795  val r 0.0811  rmse 0.7795
[04:49:47] INFO      ep  150/200  loss 0.9719  val r 0.0787  rmse 0.7811
[04:49:51] INFO      ep  175/200  loss 0.9764  val r 0.0772  rmse 0.7822
[04:49:54] INFO      ep  200/200  loss 0.9464  val r 0.0773  rmse 0.7822
[04:49:55] INFO      done in 28s | test r=0.0932 rmse=0.8245 ssim=0.2484
[25/66] merfish_allen_30       neural_field       s0 r=0.0932 (96s)
[04:50:55] INFO    section merfish_allen_30: 91017 locations x 501 genes, 826366 edges, scale 5039 um/unit
[04:50:55] INFO    training AutoencoderBaseline (170,261 params) on merfish_allen_30 for 200 epochs
[04:50:58] INFO      ep   25/200  loss 1.4019  val r 0.0845  rmse 0.8108
[04:51:01] INFO      ep   50/200  loss 1.3482  val r 0.1456  rmse 0.8093
[04:51:05] INFO      ep   75/200  loss 1.3154  val r 0.1676  rmse 0.8082
[04:51:09] INFO      ep  100/200  loss 1.3034  val r 0.1753  rmse 0.8070
[04:51:13] INFO      ep  125/200  loss 1.2909  val r 0.1792  rmse 0.8055
[04:51:16] INFO      ep  150/200  loss 1.2990  val r 0.1810  rmse 0.8039
[04:51:20] INFO      ep  175/200  loss 1.2734  val r 0.1812  rmse 0.8032
[04:51:24] INFO      ep  200/200  loss 1.2818  val r 0.1812  rmse 0.8030
[04:51:24] INFO      done in 29s | test r=0.1489 rmse=0.8258 ssim=0.2212
[26/66] merfish_allen_30       autoencoder        s1 r=0.1489 (90s)
[04:52:23] INFO    section merfish_allen_31: 91951 locations x 502 genes, 838030 edges, scale 5098 um/unit
[04:52:23] INFO    training STAGATEStyleBaseline (286,614 params) on merfish_allen_31 for 200 epochs
[04:52:29] INFO      ep   25/200  loss 1.3857  val r 0.0541  rmse 0.7932
[04:52:35] INFO      ep   50/200  loss 1.2970  val r 0.0839  rmse 0.7891
[04:52:41] INFO      ep   75/200  loss 1.2415  val r 0.1012  rmse 0.7855
[04:52:47] INFO      ep  100/200  loss 1.2004  val r 0.1088  rmse 0.7896
[04:52:54] INFO      ep  125/200  loss 1.1830  val r 0.1141  rmse 0.7929
[04:53:01] INFO      ep  150/200  loss 1.1637  val r 0.1162  rmse 0.7951
[04:53:08] INFO      ep  175/200  loss 1.1558  val r 0.1177  rmse 0.7948
[04:53:14] INFO      ep  200/200  loss 1.1480  val r 0.1177  rmse 0.7950
[04:53:15] INFO      done in 51s | test r=0.1583 rmse=0.7937 ssim=0.3015
[27/66] merfish_allen_31       stagate            s0 r=0.1583 (111s)
[04:54:14] INFO    section merfish_allen_31: 91951 locations x 502 genes, 838030 edges, scale 5098 um/unit
[04:54:14] INFO    training GNNBaseline (204,310 params) on merfish_allen_31 for 200 epochs
[04:54:19] INFO      ep   25/200  loss 1.4087  val r 0.0785  rmse 0.7842
[04:54:26] INFO      ep   50/200  loss 1.3647  val r 0.1061  rmse 0.7777
[04:54:31] INFO      ep   75/200  loss 1.2965  val r 0.1108  rmse 0.7675
[04:54:37] INFO      ep  100/200  loss 1.2706  val r 0.1136  rmse 0.7608
[04:54:41] INFO      ep  125/200  loss 1.2740  val r 0.1150  rmse 0.7602
[04:54:46] INFO      ep  150/200  loss 1.2400  val r 0.1180  rmse 0.7592
[04:54:51] INFO      ep  175/200  loss 1.2586  val r 0.1190  rmse 0.7596
[04:54:56] INFO      ep  200/200  loss 1.2616  val r 0.1190  rmse 0.7594
[04:54:57] INFO      done in 42s | test r=0.1650 rmse=0.7821 ssim=0.3109
[28/66] merfish_allen_31       gnn                s1 r=0.1650 (102s)
[04:55:58] INFO    section merfish_allen_31: 91951 locations x 502 genes, 838030 edges, scale 5098 um/unit
[04:55:59] INFO    training NeuralFieldBaseline (147,318 params) on merfish_allen_31 for 200 epochs
[04:56:02] INFO      ep   25/200  loss 1.2617  val r 0.0744  rmse 0.7902
[04:56:04] INFO      ep   50/200  loss 1.1393  val r 0.0688  rmse 0.7855
[04:56:07] INFO      ep   75/200  loss 1.0655  val r 0.0627  rmse 0.7889
[04:56:10] INFO      ep  100/200  loss 1.0150  val r 0.0575  rmse 0.7931
[04:56:13] INFO      ep  125/200  loss 0.9956  val r 0.0556  rmse 0.7954
[04:56:15] INFO      ep  150/200  loss 0.9658  val r 0.0530  rmse 0.7973
[04:56:18] INFO      ep  175/200  loss 0.9599  val r 0.0510  rmse 0.7982
[04:56:22] INFO      ep  200/200  loss 0.9533  val r 0.0511  rmse 0.7983
[04:56:22] INFO      done in 23s | test r=0.0970 rmse=0.8047 ssim=0.1974
[29/66] merfish_allen_31       neural_field       s0 r=0.0970 (85s)
[04:57:32] INFO    section merfish_allen_31: 91951 locations x 502 genes, 838030 edges, scale 5098 um/unit
[04:57:32] INFO    training AutoencoderBaseline (170,518 params) on merfish_allen_31 for 200 epochs
[04:57:35] INFO      ep   25/200  loss 1.3947  val r 0.0583  rmse 0.7889
[04:57:38] INFO      ep   50/200  loss 1.3406  val r 0.1015  rmse 0.7880
[04:57:41] INFO      ep   75/200  loss 1.2817  val r 0.1152  rmse 0.7874
[04:57:44] INFO      ep  100/200  loss 1.2744  val r 0.1220  rmse 0.7869
[04:57:47] INFO      ep  125/200  loss 1.2935  val r 0.1260  rmse 0.7863
[04:57:51] INFO      ep  150/200  loss 1.2667  val r 0.1279  rmse 0.7859
[04:57:54] INFO      ep  175/200  loss 1.2807  val r 0.1291  rmse 0.7857
[04:57:57] INFO      ep  200/200  loss 1.2895  val r 0.1292  rmse 0.7857
[04:57:57] INFO      done in 24s | test r=0.1614 rmse=0.8139 ssim=0.1881
[30/66] merfish_allen_31       autoencoder        s1 r=0.1614 (95s)
[04:59:41] INFO    section merfish_allen_36: 115675 locations x 503 genes, 1051422 edges, scale 5063 um/unit
[04:59:41] INFO    training STAGATEStyleBaseline (286,871 params) on merfish_allen_36 for 200 epochs
[04:59:50] INFO      ep   25/200  loss 1.3903  val r 0.0747  rmse 0.8502
[04:59:56] INFO      ep   50/200  loss 1.3164  val r 0.1140  rmse 0.8421
[05:00:03] INFO      ep   75/200  loss 1.2646  val r 0.1247  rmse 0.8329
[05:00:09] INFO      ep  100/200  loss 1.2088  val r 0.1303  rmse 0.8265
[05:00:15] INFO      ep  125/200  loss 1.1830  val r 0.1330  rmse 0.8244
[05:00:23] INFO      ep  150/200  loss 1.1780  val r 0.1355  rmse 0.8229
[05:00:30] INFO      ep  175/200  loss 1.1692  val r 0.1365  rmse 0.8225
[05:00:36] INFO      ep  200/200  loss 1.1730  val r 0.1367  rmse 0.8224
[05:00:37] INFO      done in 55s | test r=0.1124 rmse=0.8358 ssim=0.2354
[31/66] merfish_allen_36       stagate            s0 r=0.1124 (160s)
[05:02:05] INFO    section merfish_allen_36: 115675 locations x 503 genes, 1051422 edges, scale 5063 um/unit
[05:02:05] INFO    training GNNBaseline (204,567 params) on merfish_allen_36 for 200 epochs
[05:02:10] INFO      ep   25/200  loss 1.4096  val r 0.0738  rmse 0.8454
[05:02:15] INFO      ep   50/200  loss 1.3503  val r 0.1178  rmse 0.8400
[05:02:20] INFO      ep   75/200  loss 1.2875  val r 0.1291  rmse 0.8309
[05:02:25] INFO      ep  100/200  loss 1.2632  val r 0.1320  rmse 0.8221
[05:02:30] INFO      ep  125/200  loss 1.2319  val r 0.1379  rmse 0.8179
[05:02:35] INFO      ep  150/200  loss 1.2584  val r 0.1408  rmse 0.8168
[05:02:39] INFO      ep  175/200  loss 1.2296  val r 0.1432  rmse 0.8149
[05:02:45] INFO      ep  200/200  loss 1.2253  val r 0.1431  rmse 0.8147
[05:02:45] INFO      done in 39s | test r=0.1205 rmse=0.8274 ssim=0.2205
[32/66] merfish_allen_36       gnn                s1 r=0.1205 (128s)
[05:04:20] INFO    section merfish_allen_36: 115675 locations x 503 genes, 1051422 edges, scale 5063 um/unit
[05:04:21] INFO    training NeuralFieldBaseline (147,447 params) on merfish_allen_36 for 200 epochs
[05:04:26] INFO      ep   25/200  loss 1.2568  val r 0.0888  rmse 0.8417
[05:04:30] INFO      ep   50/200  loss 1.1594  val r 0.0698  rmse 0.8401
[05:04:33] INFO      ep   75/200  loss 1.0803  val r 0.0583  rmse 0.8438
[05:04:36] INFO      ep  100/200  loss 1.0159  val r 0.0488  rmse 0.8496
[05:04:38] INFO      ep  125/200  loss 0.9848  val r 0.0428  rmse 0.8545
[05:04:41] INFO      ep  150/200  loss 0.9701  val r 0.0398  rmse 0.8566
[05:04:44] INFO      ep  175/200  loss 0.9636  val r 0.0382  rmse 0.8574
[05:04:47] INFO      ep  200/200  loss 0.9659  val r 0.0382  rmse 0.8576
[05:04:48] INFO      done in 26s | test r=0.0683 rmse=0.8438 ssim=0.1876
[33/66] merfish_allen_36       neural_field       s0 r=0.0683 (122s)
[05:06:19] INFO    section merfish_allen_36: 115675 locations x 503 genes, 1051422 edges, scale 5063 um/unit
[05:06:19] INFO    training AutoencoderBaseline (170,775 params) on merfish_allen_36 for 200 epochs
[05:06:22] INFO      ep   25/200  loss 1.3907  val r 0.0725  rmse 0.8493
[05:06:24] INFO      ep   50/200  loss 1.3287  val r 0.1128  rmse 0.8481
[05:06:27] INFO      ep   75/200  loss 1.2799  val r 0.1310  rmse 0.8474
[05:06:29] INFO      ep  100/200  loss 1.2720  val r 0.1389  rmse 0.8468
[05:06:32] INFO      ep  125/200  loss 1.2592  val r 0.1431  rmse 0.8461
[05:06:34] INFO      ep  150/200  loss 1.2931  val r 0.1458  rmse 0.8455
[05:06:37] INFO      ep  175/200  loss 1.2652  val r 0.1465  rmse 0.8452
[05:06:39] INFO      ep  200/200  loss 1.2633  val r 0.1466  rmse 0.8451
[05:06:39] INFO      done in 20s | test r=0.1172 rmse=0.8390 ssim=0.1556
[34/66] merfish_allen_36       autoencoder        s1 r=0.1172 (112s)
[05:07:43] INFO    section merfish_allen_40: 104461 locations x 502 genes, 953274 edges, scale 5106 um/unit
[05:07:43] INFO    training STAGATEStyleBaseline (286,614 params) on merfish_allen_40 for 200 epochs
[05:07:48] INFO      ep   25/200  loss 1.4192  val r 0.0831  rmse 0.7856
[05:07:52] INFO      ep   50/200  loss 1.2834  val r 0.1354  rmse 0.7789
[05:07:56] INFO      ep   75/200  loss 1.2544  val r 0.1518  rmse 0.7689
[05:08:00] INFO      ep  100/200  loss 1.1976  val r 0.1555  rmse 0.7626
[05:08:04] INFO      ep  125/200  loss 1.1811  val r 0.1589  rmse 0.7593
[05:08:09] INFO      ep  150/200  loss 1.1644  val r 0.1595  rmse 0.7577
[05:08:13] INFO      ep  175/200  loss 1.1383  val r 0.1588  rmse 0.7575
[05:08:17] INFO      ep  200/200  loss 1.1326  val r 0.1587  rmse 0.7575
[05:08:17] INFO      done in 34s | test r=0.1893 rmse=0.7429 ssim=0.3670
[35/66] merfish_allen_40       stagate            s0 r=0.1893 (98s)
[05:09:24] INFO    section merfish_allen_40: 104461 locations x 502 genes, 953274 edges, scale 5106 um/unit
[05:09:25] INFO    training GNNBaseline (204,310 params) on merfish_allen_40 for 200 epochs
[05:09:30] INFO      ep   25/200  loss 1.3995  val r 0.1159  rmse 0.7712
[05:09:33] INFO      ep   50/200  loss 1.3652  val r 0.1460  rmse 0.7649
[05:09:38] INFO      ep   75/200  loss 1.3074  val r 0.1543  rmse 0.7553
[05:09:41] INFO      ep  100/200  loss 1.2269  val r 0.1565  rmse 0.7473
[05:09:45] INFO      ep  125/200  loss 1.2369  val r 0.1600  rmse 0.7437
[05:09:48] INFO      ep  150/200  loss 1.2228  val r 0.1629  rmse 0.7418
[05:09:52] INFO      ep  175/200  loss 1.2259  val r 0.1643  rmse 0.7412
[05:09:56] INFO      ep  200/200  loss 1.2159  val r 0.1643  rmse 0.7412
[05:09:56] INFO      done in 31s | test r=0.1884 rmse=0.7455 ssim=0.3675
[36/66] merfish_allen_40       gnn                s1 r=0.1884 (99s)
[05:11:10] INFO    section merfish_allen_40: 104461 locations x 502 genes, 953274 edges, scale 5106 um/unit
[05:11:11] INFO    training NeuralFieldBaseline (147,318 params) on merfish_allen_40 for 200 epochs
[05:11:13] INFO      ep   25/200  loss 1.2741  val r 0.0713  rmse 0.7848
[05:11:14] INFO      ep   50/200  loss 1.1218  val r 0.0633  rmse 0.7864
[05:11:16] INFO      ep   75/200  loss 1.0786  val r 0.0527  rmse 0.7917
[05:11:18] INFO      ep  100/200  loss 1.0144  val r 0.0458  rmse 0.7960
[05:11:20] INFO      ep  125/200  loss 1.0034  val r 0.0430  rmse 0.7989
[05:11:22] INFO      ep  150/200  loss 0.9825  val r 0.0433  rmse 0.7999
[05:11:24] INFO      ep  175/200  loss 0.9571  val r 0.0429  rmse 0.8004
[05:11:26] INFO      ep  200/200  loss 0.9535  val r 0.0432  rmse 0.8003
[05:11:27] INFO      done in 15s | test r=0.0861 rmse=0.7772 ssim=0.2512
[37/66] merfish_allen_40       neural_field       s0 r=0.0861 (91s)
[05:12:31] INFO    section merfish_allen_40: 104461 locations x 502 genes, 953274 edges, scale 5106 um/unit
[05:12:32] INFO    training AutoencoderBaseline (170,518 params) on merfish_allen_40 for 200 epochs
[05:12:34] INFO      ep   25/200  loss 1.3865  val r 0.0771  rmse 0.7753
[05:12:37] INFO      ep   50/200  loss 1.3521  val r 0.1208  rmse 0.7742
[05:12:39] INFO      ep   75/200  loss 1.3076  val r 0.1372  rmse 0.7733
[05:12:42] INFO      ep  100/200  loss 1.2497  val r 0.1464  rmse 0.7724
[05:12:44] INFO      ep  125/200  loss 1.2732  val r 0.1510  rmse 0.7715
[05:12:46] INFO      ep  150/200  loss 1.2746  val r 0.1534  rmse 0.7707
[05:12:49] INFO      ep  175/200  loss 1.2691  val r 0.1538  rmse 0.7702
[05:12:51] INFO      ep  200/200  loss 1.2625  val r 0.1539  rmse 0.7702
[05:12:51] INFO      done in 19s | test r=0.1832 rmse=0.7753 ssim=0.2186
[38/66] merfish_allen_40       autoencoder        s1 r=0.1832 (85s)
[05:13:28] INFO    section merfish_allen_42: 75433 locations x 503 genes, 689006 edges, scale 5124 um/unit
[05:13:28] INFO    training STAGATEStyleBaseline (286,871 params) on merfish_allen_42 for 200 epochs
[05:13:33] INFO      ep   25/200  loss 1.4040  val r 0.0892  rmse 0.7902
[05:13:37] INFO      ep   50/200  loss 1.2947  val r 0.1377  rmse 0.7833
[05:13:41] INFO      ep   75/200  loss 1.2612  val r 0.1526  rmse 0.7734
[05:13:45] INFO      ep  100/200  loss 1.1881  val r 0.1604  rmse 0.7647
[05:13:49] INFO      ep  125/200  loss 1.1564  val r 0.1650  rmse 0.7605
[05:13:53] INFO      ep  150/200  loss 1.1713  val r 0.1680  rmse 0.7588
[05:13:57] INFO      ep  175/200  loss 1.1497  val r 0.1694  rmse 0.7580
[05:14:01] INFO      ep  200/200  loss 1.1490  val r 0.1696  rmse 0.7579
[05:14:01] INFO      done in 33s | test r=0.1837 rmse=0.7290 ssim=0.3273
[39/66] merfish_allen_42       stagate            s0 r=0.1837 (70s)
[05:14:36] INFO    section merfish_allen_42: 75433 locations x 503 genes, 689006 edges, scale 5124 um/unit
[05:14:37] INFO    training GNNBaseline (204,567 params) on merfish_allen_42 for 200 epochs
[05:14:41] INFO      ep   25/200  loss 1.4304  val r 0.0864  rmse 0.7748
[05:14:44] INFO      ep   50/200  loss 1.3692  val r 0.1315  rmse 0.7703
[05:14:47] INFO      ep   75/200  loss 1.3464  val r 0.1503  rmse 0.7627
[05:14:54] INFO      ep  100/200  loss 1.2827  val r 0.1551  rmse 0.7530
[05:14:59] INFO      ep  125/200  loss 1.2698  val r 0.1582  rmse 0.7483
[05:15:03] INFO      ep  150/200  loss 1.2441  val r 0.1606  rmse 0.7468
[05:15:06] INFO      ep  175/200  loss 1.2285  val r 0.1618  rmse 0.7465
[05:15:10] INFO      ep  200/200  loss 1.2327  val r 0.1614  rmse 0.7466
[05:15:10] INFO      done in 33s | test r=0.1814 rmse=0.7401 ssim=0.3119
[40/66] merfish_allen_42       gnn                s1 r=0.1814 (69s)
[05:15:47] INFO    section merfish_allen_42: 75433 locations x 503 genes, 689006 edges, scale 5124 um/unit
[05:15:47] INFO    training NeuralFieldBaseline (147,447 params) on merfish_allen_42 for 200 epochs
[05:15:48] INFO      ep   25/200  loss 1.2648  val r 0.1063  rmse 0.7867
[05:15:50] INFO      ep   50/200  loss 1.1381  val r 0.1068  rmse 0.7825
[05:15:52] INFO      ep   75/200  loss 1.0879  val r 0.0981  rmse 0.7838
[05:15:53] INFO      ep  100/200  loss 1.0200  val r 0.0871  rmse 0.7886
[05:15:55] INFO      ep  125/200  loss 0.9899  val r 0.0790  rmse 0.7917
[05:15:56] INFO      ep  150/200  loss 0.9970  val r 0.0739  rmse 0.7936
[05:15:58] INFO      ep  175/200  loss 0.9737  val r 0.0722  rmse 0.7943
[05:16:00] INFO      ep  200/200  loss 0.9790  val r 0.0722  rmse 0.7944
[05:16:00] INFO      done in 13s | test r=0.0952 rmse=0.7543 ssim=0.2315
[41/66] merfish_allen_42       neural_field       s0 r=0.0952 (49s)
[05:16:33] INFO    section merfish_allen_42: 75433 locations x 503 genes, 689006 edges, scale 5124 um/unit
[05:16:34] INFO    training AutoencoderBaseline (170,775 params) on merfish_allen_42 for 200 epochs
[05:16:36] INFO      ep   25/200  loss 1.4165  val r 0.0765  rmse 0.7778
[05:16:38] INFO      ep   50/200  loss 1.3501  val r 0.1225  rmse 0.7767
[05:16:40] INFO      ep   75/200  loss 1.3406  val r 0.1435  rmse 0.7760
[05:16:42] INFO      ep  100/200  loss 1.3003  val r 0.1534  rmse 0.7751
[05:16:45] INFO      ep  125/200  loss 1.3158  val r 0.1579  rmse 0.7743
[05:16:47] INFO      ep  150/200  loss 1.2988  val r 0.1603  rmse 0.7736
[05:16:49] INFO      ep  175/200  loss 1.2924  val r 0.1611  rmse 0.7732
[05:16:51] INFO      ep  200/200  loss 1.2844  val r 0.1611  rmse 0.7732
[05:16:52] INFO      done in 18s | test r=0.1880 rmse=0.7692 ssim=0.1669
[42/66] merfish_allen_42       autoencoder        s1 r=0.1880 (52s)
[05:17:43] INFO    section merfish_allen_50: 92787 locations x 501 genes, 843030 edges, scale 4411 um/unit
[05:17:44] INFO    training STAGATEStyleBaseline (286,357 params) on merfish_allen_50 for 200 epochs
[05:17:50] INFO      ep   25/200  loss 1.3984  val r 0.1023  rmse 0.8793
[05:17:54] INFO      ep   50/200  loss 1.3188  val r 0.1565  rmse 0.8681
[05:17:59] INFO      ep   75/200  loss 1.2651  val r 0.1755  rmse 0.8478
[05:18:03] INFO      ep  100/200  loss 1.2271  val r 0.1809  rmse 0.8291
[05:18:07] INFO      ep  125/200  loss 1.2053  val r 0.1808  rmse 0.8234
[05:18:11] INFO      ep  150/200  loss 1.1742  val r 0.1814  rmse 0.8200
[05:18:15] INFO      ep  175/200  loss 1.1694  val r 0.1816  rmse 0.8194
[05:18:19] INFO      ep  200/200  loss 1.1713  val r 0.1816  rmse 0.8193
[05:18:19] INFO      done in 35s | test r=0.1699 rmse=0.8390 ssim=0.3069
[43/66] merfish_allen_50       stagate            s0 r=0.1699 (87s)
[05:19:07] INFO    section merfish_allen_50: 92787 locations x 501 genes, 843030 edges, scale 4411 um/unit
[05:19:07] INFO    training GNNBaseline (204,053 params) on merfish_allen_50 for 200 epochs
[05:19:10] INFO      ep   25/200  loss 1.4460  val r 0.1098  rmse 0.8690
[05:19:13] INFO      ep   50/200  loss 1.3500  val r 0.1465  rmse 0.8615
[05:19:16] INFO      ep   75/200  loss 1.3446  val r 0.1574  rmse 0.8461
[05:19:19] INFO      ep  100/200  loss 1.2929  val r 0.1568  rmse 0.8304
[05:19:22] INFO      ep  125/200  loss 1.2722  val r 0.1594  rmse 0.8229
[05:19:28] INFO      ep  150/200  loss 1.2558  val r 0.1612  rmse 0.8197
[05:19:32] INFO      ep  175/200  loss 1.2490  val r 0.1618  rmse 0.8184
[05:19:35] INFO      ep  200/200  loss 1.2554  val r 0.1615  rmse 0.8184
[05:19:35] INFO      done in 28s | test r=0.1598 rmse=0.8353 ssim=0.3133
[44/66] merfish_allen_50       gnn                s1 r=0.1598 (76s)
[05:20:27] INFO    section merfish_allen_50: 92787 locations x 501 genes, 843030 edges, scale 4411 um/unit
[05:20:27] INFO    training NeuralFieldBaseline (147,189 params) on merfish_allen_50 for 200 epochs
[05:20:29] INFO      ep   25/200  loss 1.2721  val r 0.0862  rmse 0.8775
[05:20:31] INFO      ep   50/200  loss 1.1525  val r 0.0698  rmse 0.8796
[05:20:32] INFO      ep   75/200  loss 1.0747  val r 0.0619  rmse 0.8821
[05:20:34] INFO      ep  100/200  loss 1.0215  val r 0.0563  rmse 0.8860
[05:20:36] INFO      ep  125/200  loss 0.9951  val r 0.0504  rmse 0.8905
[05:20:38] INFO      ep  150/200  loss 0.9599  val r 0.0478  rmse 0.8923
[05:20:40] INFO      ep  175/200  loss 0.9508  val r 0.0476  rmse 0.8929
[05:20:41] INFO      ep  200/200  loss 0.9602  val r 0.0475  rmse 0.8930
[05:20:42] INFO      done in 14s | test r=0.1199 rmse=0.8716 ssim=0.2094
[45/66] merfish_allen_50       neural_field       s0 r=0.1199 (66s)
[05:21:34] INFO    section merfish_allen_50: 92787 locations x 501 genes, 843030 edges, scale 4411 um/unit
[05:21:34] INFO    training AutoencoderBaseline (170,261 params) on merfish_allen_50 for 200 epochs
[05:21:36] INFO      ep   25/200  loss 1.4239  val r 0.0949  rmse 0.8732
[05:21:39] INFO      ep   50/200  loss 1.3195  val r 0.1337  rmse 0.8720
[05:21:41] INFO      ep   75/200  loss 1.3243  val r 0.1392  rmse 0.8712
[05:21:43] INFO      ep  100/200  loss 1.2928  val r 0.1421  rmse 0.8701
[05:21:45] INFO      ep  125/200  loss 1.2842  val r 0.1444  rmse 0.8687
[05:21:47] INFO      ep  150/200  loss 1.2717  val r 0.1461  rmse 0.8674
[05:21:49] INFO      ep  175/200  loss 1.2678  val r 0.1464  rmse 0.8667
[05:21:51] INFO      ep  200/200  loss 1.2748  val r 0.1464  rmse 0.8666
[05:21:51] INFO      done in 17s | test r=0.1473 rmse=0.8708 ssim=0.2065
[46/66] merfish_allen_50       autoencoder        s1 r=0.1473 (69s)
[05:21:56] INFO    section mosta_embryo_E10.5: 18360 locations x 2099 genes, 148344 edges, scale 2629 um/unit
[05:21:56] INFO    training STAGATEStyleBaseline (697,043 params) on mosta_embryo_E10.5 for 200 epochs
[05:22:04] INFO      ep   25/200  loss 1.4792  val r 0.0179  rmse 0.2067
[05:22:10] INFO      ep   50/200  loss 1.4404  val r 0.0335  rmse 0.2061
[05:22:17] INFO      ep   75/200  loss 1.4297  val r 0.0392  rmse 0.2056
[05:22:24] INFO      ep  100/200  loss 1.4104  val r 0.0412  rmse 0.2052
[05:22:31] INFO      ep  125/200  loss 1.4065  val r 0.0422  rmse 0.2048
[05:22:38] INFO      ep  150/200  loss 1.3888  val r 0.0430  rmse 0.2046
[05:22:45] INFO      ep  175/200  loss 1.4297  val r 0.0430  rmse 0.2044
[05:22:51] INFO      ep  200/200  loss 1.4133  val r 0.0431  rmse 0.2044
[05:22:53] INFO      done in 55s | test r=0.0544 rmse=0.2080 ssim=0.2578
[47/66] mosta_embryo_E10.5     stagate            s0 r=0.0544 (61s)
[05:22:58] INFO    section mosta_embryo_E10.5: 18360 locations x 2099 genes, 148344 edges, scale 2629 um/unit
[05:22:58] INFO    training GNNBaseline (614,739 params) on mosta_embryo_E10.5 for 200 epochs
[05:23:05] INFO      ep   25/200  loss 1.5273  val r 0.0150  rmse 0.2045
[05:23:11] INFO      ep   50/200  loss 1.4858  val r 0.0287  rmse 0.2039
[05:23:17] INFO      ep   75/200  loss 1.4812  val r 0.0369  rmse 0.2032
[05:23:24] INFO      ep  100/200  loss 1.4715  val r 0.0406  rmse 0.2025
[05:23:31] INFO      ep  125/200  loss 1.4778  val r 0.0421  rmse 0.2019
[05:23:37] INFO      ep  150/200  loss 1.4227  val r 0.0432  rmse 0.2014
[05:23:43] INFO      ep  175/200  loss 1.4307  val r 0.0437  rmse 0.2012
[05:23:49] INFO      ep  200/200  loss 1.4770  val r 0.0436  rmse 0.2012
[05:23:51] INFO      done in 51s | test r=0.0513 rmse=0.2064 ssim=0.2352
[48/66] mosta_embryo_E10.5     gnn                s1 r=0.0513 (58s)
[05:23:56] INFO    section mosta_embryo_E10.5: 18360 locations x 2099 genes, 148344 edges, scale 2629 um/unit
[05:23:56] INFO    training NeuralFieldBaseline (353,331 params) on mosta_embryo_E10.5 for 200 epochs
[05:24:01] INFO      ep   25/200  loss 1.4153  val r 0.0318  rmse 0.2052
[05:24:05] INFO      ep   50/200  loss 1.3508  val r 0.0280  rmse 0.2045
[05:24:10] INFO      ep   75/200  loss 1.3285  val r 0.0276  rmse 0.2041
[05:24:14] INFO      ep  100/200  loss 1.3031  val r 0.0246  rmse 0.2044
[05:24:19] INFO      ep  125/200  loss 1.2977  val r 0.0229  rmse 0.2046
[05:24:25] INFO      ep  150/200  loss 1.2796  val r 0.0224  rmse 0.2047
[05:24:30] INFO      ep  175/200  loss 1.3179  val r 0.0220  rmse 0.2047
[05:24:35] INFO      ep  200/200  loss 1.3015  val r 0.0219  rmse 0.2047
[05:24:36] INFO      done in 38s | test r=0.0328 rmse=0.2100 ssim=0.2518
[49/66] mosta_embryo_E10.5     neural_field       s0 r=0.0328 (45s)
[05:24:41] INFO    section mosta_embryo_E10.5: 18360 locations x 2099 genes, 148344 edges, scale 2629 um/unit
[05:24:41] INFO    training AutoencoderBaseline (580,947 params) on mosta_embryo_E10.5 for 200 epochs
[05:24:47] INFO      ep   25/200  loss 1.5203  val r 0.0181  rmse 0.2046
[05:24:53] INFO      ep   50/200  loss 1.4748  val r 0.0336  rmse 0.2045
[05:24:58] INFO      ep   75/200  loss 1.4695  val r 0.0409  rmse 0.2045
[05:25:04] INFO      ep  100/200  loss 1.4608  val r 0.0449  rmse 0.2044
[05:25:09] INFO      ep  125/200  loss 1.4710  val r 0.0466  rmse 0.2043
[05:25:15] INFO      ep  150/200  loss 1.4169  val r 0.0473  rmse 0.2043
[05:25:22] INFO      ep  175/200  loss 1.4251  val r 0.0477  rmse 0.2043
[05:25:27] INFO      ep  200/200  loss 1.4732  val r 0.0477  rmse 0.2043
[05:25:28] INFO      done in 46s | test r=0.0507 rmse=0.2088 ssim=0.2354
[50/66] mosta_embryo_E10.5     autoencoder        s1 r=0.0507 (53s)
[05:25:30] INFO    section mosta_embryo_E9.5: 5898 locations x 2069 genes, 48040 edges, scale 1395 um/unit
[05:25:30] INFO    training STAGATEStyleBaseline (689,333 params) on mosta_embryo_E9.5 for 200 epochs
[05:25:39] INFO      ep   25/200  loss 1.4379  val r 0.0737  rmse 0.2712
[05:25:46] INFO      ep   50/200  loss 1.4158  val r 0.1135  rmse 0.2681
[05:25:54] INFO      ep   75/200  loss 1.3550  val r 0.1283  rmse 0.2630
[05:26:01] INFO      ep  100/200  loss 1.3245  val r 0.1330  rmse 0.2588
[05:26:08] INFO      ep  125/200  loss 1.3169  val r 0.1360  rmse 0.2573
[05:26:16] INFO      ep  150/200  loss 1.3410  val r 0.1375  rmse 0.2570
[05:26:24] INFO      ep  175/200  loss 1.3257  val r 0.1384  rmse 0.2568
[05:26:31] INFO      ep  200/200  loss 1.3144  val r 0.1384  rmse 0.2569
[05:26:32] INFO      done in 61s | test r=0.1203 rmse=0.2556 ssim=0.2688
[51/66] mosta_embryo_E9.5      stagate            s0 r=0.1203 (63s)
[05:26:33] INFO    section mosta_embryo_E9.5: 5898 locations x 2069 genes, 48040 edges, scale 1395 um/unit
[05:26:34] INFO    training GNNBaseline (607,029 params) on mosta_embryo_E9.5 for 200 epochs
[05:26:40] INFO      ep   25/200  loss 1.4555  val r 0.0673  rmse 0.2683
[05:26:47] INFO      ep   50/200  loss 1.3968  val r 0.1082  rmse 0.2664
[05:26:54] INFO      ep   75/200  loss 1.4144  val r 0.1207  rmse 0.2632
[05:27:00] INFO      ep  100/200  loss 1.3670  val r 0.1253  rmse 0.2593
[05:27:07] INFO      ep  125/200  loss 1.3757  val r 0.1287  rmse 0.2566
[05:27:13] INFO      ep  150/200  loss 1.3545  val r 0.1299  rmse 0.2559
[05:27:20] INFO      ep  175/200  loss 1.3492  val r 0.1306  rmse 0.2555
[05:27:26] INFO      ep  200/200  loss 1.3569  val r 0.1308  rmse 0.2555
[05:27:28] INFO      done in 53s | test r=0.1219 rmse=0.2585 ssim=0.2586
[52/66] mosta_embryo_E9.5      gnn                s1 r=0.1219 (56s)
[05:27:29] INFO    section mosta_embryo_E9.5: 5898 locations x 2069 genes, 48040 edges, scale 1395 um/unit
[05:27:29] INFO    training NeuralFieldBaseline (349,461 params) on mosta_embryo_E9.5 for 200 epochs
[05:27:34] INFO      ep   25/200  loss 1.3486  val r 0.0966  rmse 0.2692
[05:27:38] INFO      ep   50/200  loss 1.3018  val r 0.0983  rmse 0.2660
[05:27:42] INFO      ep   75/200  loss 1.2362  val r 0.0935  rmse 0.2648
[05:27:46] INFO      ep  100/200  loss 1.2088  val r 0.0875  rmse 0.2648
[05:27:51] INFO      ep  125/200  loss 1.2038  val r 0.0834  rmse 0.2651
[05:27:56] INFO      ep  150/200  loss 1.2281  val r 0.0811  rmse 0.2654
[05:28:01] INFO      ep  175/200  loss 1.2140  val r 0.0801  rmse 0.2655
[05:28:09] INFO      ep  200/200  loss 1.2037  val r 0.0799  rmse 0.2655
[05:28:10] INFO      done in 39s | test r=0.0921 rmse=0.2627 ssim=0.2608
[53/66] mosta_embryo_E9.5      neural_field       s0 r=0.0921 (42s)
[05:28:11] INFO    section mosta_embryo_E9.5: 5898 locations x 2069 genes, 48040 edges, scale 1395 um/unit
[05:28:12] INFO    training AutoencoderBaseline (573,237 params) on mosta_embryo_E9.5 for 200 epochs
[05:28:18] INFO      ep   25/200  loss 1.4509  val r 0.0688  rmse 0.2689
[05:28:24] INFO      ep   50/200  loss 1.3907  val r 0.1093  rmse 0.2685
[05:28:30] INFO      ep   75/200  loss 1.4142  val r 0.1231  rmse 0.2681
[05:28:37] INFO      ep  100/200  loss 1.3764  val r 0.1299  rmse 0.2675
[05:28:43] INFO      ep  125/200  loss 1.3938  val r 0.1325  rmse 0.2667
[05:28:49] INFO      ep  150/200  loss 1.3749  val r 0.1339  rmse 0.2659
[05:28:55] INFO      ep  175/200  loss 1.3725  val r 0.1343  rmse 0.2655
[05:29:02] INFO      ep  200/200  loss 1.3791  val r 0.1344  rmse 0.2655
[05:29:03] INFO      done in 50s | test r=0.1254 rmse=0.2680 ssim=0.2405
[54/66] mosta_embryo_E9.5      autoencoder        s1 r=0.1254 (53s)
[05:29:04] INFO    section visium_human_breast: 4869 locations x 2087 genes, 40660 edges, scale 3406 um/unit
[05:29:04] INFO    training STAGATEStyleBaseline (693,959 params) on visium_human_breast for 200 epochs
[05:29:12] INFO      ep   25/200  loss 1.4430  val r 0.0506  rmse 0.3161
[05:29:20] INFO      ep   50/200  loss 1.4220  val r 0.0719  rmse 0.3137
[05:29:29] INFO      ep   75/200  loss 1.4219  val r 0.0752  rmse 0.3123
[05:29:37] INFO      ep  100/200  loss 1.3939  val r 0.0774  rmse 0.3129
[05:29:44] INFO      ep  125/200  loss 1.3595  val r 0.0790  rmse 0.3132
[05:29:52] INFO      ep  150/200  loss 1.3765  val r 0.0806  rmse 0.3134
[05:29:59] INFO      ep  175/200  loss 1.3652  val r 0.0817  rmse 0.3130
[05:30:07] INFO      ep  200/200  loss 1.3504  val r 0.0816  rmse 0.3132
[05:30:08] INFO      done in 63s | test r=0.0934 rmse=0.2971 ssim=0.2799
[55/66] visium_human_breast    stagate            s0 r=0.0934 (65s)
[05:30:08] INFO    section visium_human_breast: 4869 locations x 2087 genes, 40660 edges, scale 3406 um/unit
[05:30:09] INFO    training GNNBaseline (611,655 params) on visium_human_breast for 200 epochs
[05:30:14] INFO      ep   25/200  loss 1.4507  val r 0.0546  rmse 0.3087
[05:30:22] INFO      ep   50/200  loss 1.3862  val r 0.0820  rmse 0.3059
[05:30:28] INFO      ep   75/200  loss 1.3833  val r 0.0926  rmse 0.3017
[05:30:34] INFO      ep  100/200  loss 1.3692  val r 0.0933  rmse 0.3003
[05:30:40] INFO      ep  125/200  loss 1.3703  val r 0.0963  rmse 0.2999
[05:30:46] INFO      ep  150/200  loss 1.3632  val r 0.0973  rmse 0.3002
[05:30:52] INFO      ep  175/200  loss 1.3681  val r 0.0976  rmse 0.3001
[05:30:58] INFO      ep  200/200  loss 1.3630  val r 0.0976  rmse 0.3001
[05:30:59] INFO      done in 50s | test r=0.0951 rmse=0.2966 ssim=0.2900
[56/66] visium_human_breast    gnn                s1 r=0.0951 (51s)
[05:31:00] INFO    section visium_human_breast: 4869 locations x 2087 genes, 40660 edges, scale 3406 um/unit
[05:31:00] INFO    training NeuralFieldBaseline (351,783 params) on visium_human_breast for 200 epochs
[05:31:05] INFO      ep   25/200  loss 1.3546  val r 0.0488  rmse 0.3154
[05:31:09] INFO      ep   50/200  loss 1.3035  val r 0.0420  rmse 0.3148
[05:31:13] INFO      ep   75/200  loss 1.2875  val r 0.0382  rmse 0.3162
[05:31:18] INFO      ep  100/200  loss 1.2549  val r 0.0361  rmse 0.3159
[05:31:22] INFO      ep  125/200  loss 1.2205  val r 0.0353  rmse 0.3164
[05:31:26] INFO      ep  150/200  loss 1.2348  val r 0.0345  rmse 0.3167
[05:31:31] INFO      ep  175/200  loss 1.2258  val r 0.0339  rmse 0.3169
[05:31:35] INFO      ep  200/200  loss 1.2103  val r 0.0338  rmse 0.3169
[05:31:36] INFO      done in 35s | test r=0.0488 rmse=0.3112 ssim=0.2365
[57/66] visium_human_breast    neural_field       s0 r=0.0488 (37s)
[05:31:37] INFO    section visium_human_breast: 4869 locations x 2087 genes, 40660 edges, scale 3406 um/unit
[05:31:37] INFO    training AutoencoderBaseline (577,863 params) on visium_human_breast for 200 epochs
[05:31:42] INFO      ep   25/200  loss 1.4420  val r 0.0531  rmse 0.3100
[05:31:47] INFO      ep   50/200  loss 1.3769  val r 0.0843  rmse 0.3096
[05:31:52] INFO      ep   75/200  loss 1.3800  val r 0.0934  rmse 0.3091
[05:31:57] INFO      ep  100/200  loss 1.3704  val r 0.0969  rmse 0.3082
[05:32:02] INFO      ep  125/200  loss 1.3731  val r 0.0980  rmse 0.3071
[05:32:07] INFO      ep  150/200  loss 1.3662  val r 0.0983  rmse 0.3059
[05:32:11] INFO      ep  175/200  loss 1.3693  val r 0.0984  rmse 0.3053
[05:32:17] INFO      ep  200/200  loss 1.3643  val r 0.0984  rmse 0.3052
[05:32:18] INFO      done in 40s | test r=0.0987 rmse=0.3083 ssim=0.2622
[58/66] visium_human_breast    autoencoder        s1 r=0.0987 (42s)
[05:32:18] INFO    section visium_mouse_brain: 2691 locations x 2079 genes, 23006 edges, scale 3191 um/unit
[05:32:18] INFO    training STAGATEStyleBaseline (691,903 params) on visium_mouse_brain for 200 epochs
[05:32:25] INFO      ep   25/200  loss 1.3756  val r 0.1125  rmse 0.2935
[05:32:32] INFO      ep   50/200  loss 1.3196  val r 0.1782  rmse 0.2850
[05:32:39] INFO      ep   75/200  loss 1.2485  val r 0.2046  rmse 0.2813
[05:32:46] INFO      ep  100/200  loss 1.1964  val r 0.2119  rmse 0.2831
[05:32:53] INFO      ep  125/200  loss 1.1770  val r 0.2173  rmse 0.2837
[05:33:00] INFO      ep  150/200  loss 1.1761  val r 0.2186  rmse 0.2849
[05:33:06] INFO      ep  175/200  loss 1.1423  val r 0.2197  rmse 0.2848
[05:33:13] INFO      ep  200/200  loss 1.1567  val r 0.2198  rmse 0.2847
[05:33:14] INFO      done in 55s | test r=0.2247 rmse=0.2578 ssim=0.3389
[59/66] visium_mouse_brain     stagate            s0 r=0.2247 (57s)
[05:33:15] INFO    section visium_mouse_brain: 2691 locations x 2079 genes, 23006 edges, scale 3191 um/unit
[05:33:15] INFO    training GNNBaseline (609,599 params) on visium_mouse_brain for 200 epochs
[05:33:21] INFO      ep   25/200  loss 1.4213  val r 0.1126  rmse 0.2925
[05:33:27] INFO      ep   50/200  loss 1.3574  val r 0.1767  rmse 0.2877
[05:33:34] INFO      ep   75/200  loss 1.2831  val r 0.1958  rmse 0.2797
[05:33:40] INFO      ep  100/200  loss 1.2181  val r 0.2097  rmse 0.2794
[05:33:46] INFO      ep  125/200  loss 1.1789  val r 0.2150  rmse 0.2804
[05:33:52] INFO      ep  150/200  loss 1.1920  val r 0.2161  rmse 0.2811
[05:33:58] INFO      ep  175/200  loss 1.1877  val r 0.2184  rmse 0.2818
[05:34:04] INFO      ep  200/200  loss 1.1783  val r 0.2180  rmse 0.2815
[05:34:05] INFO      done in 49s | test r=0.2095 rmse=0.2605 ssim=0.3164
[60/66] visium_mouse_brain     gnn                s1 r=0.2095 (51s)
[05:34:06] INFO    section visium_mouse_brain: 2691 locations x 2079 genes, 23006 edges, scale 3191 um/unit
[05:34:06] INFO    training NeuralFieldBaseline (350,751 params) on visium_mouse_brain for 200 epochs
[05:34:10] INFO      ep   25/200  loss 1.2335  val r 0.1811  rmse 0.2880
[05:34:15] INFO      ep   50/200  loss 1.1805  val r 0.1965  rmse 0.2821
[05:34:19] INFO      ep   75/200  loss 1.1337  val r 0.1981  rmse 0.2806
[05:34:25] INFO      ep  100/200  loss 1.0952  val r 0.1948  rmse 0.2808
[05:34:30] INFO      ep  125/200  loss 1.0782  val r 0.1928  rmse 0.2807
[05:34:34] INFO      ep  150/200  loss 1.0768  val r 0.1916  rmse 0.2805
[05:34:39] INFO      ep  175/200  loss 1.0457  val r 0.1912  rmse 0.2805
[05:34:43] INFO      ep  200/200  loss 1.0539  val r 0.1912  rmse 0.2804
[05:34:44] INFO      done in 37s | test r=0.1845 rmse=0.2652 ssim=0.3141
[61/66] visium_mouse_brain     neural_field       s0 r=0.1845 (39s)
[05:34:45] INFO    section visium_mouse_brain: 2691 locations x 2079 genes, 23006 edges, scale 3191 um/unit
[05:34:45] INFO    training AutoencoderBaseline (575,807 params) on visium_mouse_brain for 200 epochs
[05:34:50] INFO      ep   25/200  loss 1.4218  val r 0.1047  rmse 0.2934
[05:34:56] INFO      ep   50/200  loss 1.3559  val r 0.1745  rmse 0.2906
[05:35:01] INFO      ep   75/200  loss 1.2666  val r 0.1894  rmse 0.2831
[05:35:06] INFO      ep  100/200  loss 1.1847  val r 0.2096  rmse 0.2836
[05:35:11] INFO      ep  125/200  loss 1.1405  val r 0.2164  rmse 0.2838
[05:35:16] INFO      ep  150/200  loss 1.1519  val r 0.2190  rmse 0.2834
[05:35:22] INFO      ep  175/200  loss 1.1496  val r 0.2203  rmse 0.2846
[05:35:27] INFO      ep  200/200  loss 1.1381  val r 0.2207  rmse 0.2839
[05:35:28] INFO      done in 42s | test r=0.2133 rmse=0.2593 ssim=0.3218
[62/66] visium_mouse_brain     autoencoder        s1 r=0.2133 (44s)
[05:35:37] INFO    section xenium_mouse_brain: 36362 locations x 248 genes, 331354 edges, scale 3001 um/unit
[05:35:37] INFO    training STAGATEStyleBaseline (221,336 params) on xenium_mouse_brain for 200 epochs
[05:35:41] INFO      ep   25/200  loss 1.3601  val r 0.1381  rmse 1.8829
[05:35:44] INFO      ep   50/200  loss 1.2553  val r 0.1937  rmse 1.8596
[05:35:47] INFO      ep   75/200  loss 1.1797  val r 0.2084  rmse 1.8228
[05:35:50] INFO      ep  100/200  loss 1.1203  val r 0.2146  rmse 1.7888
[05:35:53] INFO      ep  125/200  loss 1.0859  val r 0.2206  rmse 1.7769
[05:35:57] INFO      ep  150/200  loss 1.0590  val r 0.2228  rmse 1.7736
[05:36:00] INFO      ep  175/200  loss 1.0505  val r 0.2233  rmse 1.7724
[05:36:03] INFO      ep  200/200  loss 1.0583  val r 0.2235  rmse 1.7722
[05:36:03] INFO      done in 26s | test r=0.2218 rmse=1.7915 ssim=0.3282
[63/66] xenium_mouse_brain     stagate            s0 r=0.2218 (35s)
[05:36:12] INFO    section xenium_mouse_brain: 36362 locations x 248 genes, 331354 edges, scale 3001 um/unit
[05:36:12] INFO    training GNNBaseline (139,032 params) on xenium_mouse_brain for 200 epochs
[05:36:15] INFO      ep   25/200  loss 1.3780  val r 0.0937  rmse 1.8927
[05:36:17] INFO      ep   50/200  loss 1.2825  val r 0.1338  rmse 1.8818
[05:36:20] INFO      ep   75/200  loss 1.2326  val r 0.1411  rmse 1.8612
[05:36:22] INFO      ep  100/200  loss 1.1855  val r 0.1433  rmse 1.8433
[05:36:25] INFO      ep  125/200  loss 1.1510  val r 0.1471  rmse 1.8356
[05:36:27] INFO      ep  150/200  loss 1.1474  val r 0.1494  rmse 1.8326
[05:36:29] INFO      ep  175/200  loss 1.1317  val r 0.1502  rmse 1.8319
[05:36:32] INFO      ep  200/200  loss 1.1291  val r 0.1502  rmse 1.8319
[05:36:32] INFO      done in 19s | test r=0.2216 rmse=1.7852 ssim=0.3821
[64/66] xenium_mouse_brain     gnn                s1 r=0.2216 (29s)
[05:36:41] INFO    section xenium_mouse_brain: 36362 locations x 248 genes, 331354 edges, scale 3001 um/unit
[05:36:41] INFO    training NeuralFieldBaseline (114,552 params) on xenium_mouse_brain for 200 epochs
[05:36:42] INFO      ep   25/200  loss 1.2006  val r 0.1583  rmse 1.8543
[05:36:43] INFO      ep   50/200  loss 1.0784  val r 0.1441  rmse 1.8384
[05:36:45] INFO      ep   75/200  loss 0.9952  val r 0.1279  rmse 1.8402
[05:36:46] INFO      ep  100/200  loss 0.9439  val r 0.1179  rmse 1.8453
[05:36:47] INFO      ep  125/200  loss 0.9056  val r 0.1100  rmse 1.8514
[05:36:47] INFO      ep  150/200  loss 0.8824  val r 0.1072  rmse 1.8542
[05:36:48] INFO      ep  175/200  loss 0.8758  val r 0.1055  rmse 1.8558
[05:36:49] INFO      ep  200/200  loss 0.8756  val r 0.1054  rmse 1.8560
[05:36:50] INFO      done in 8s | test r=0.1823 rmse=1.8318 ssim=0.1921
[65/66] xenium_mouse_brain     neural_field       s0 r=0.1823 (17s)
[05:36:58] INFO    section xenium_mouse_brain: 36362 locations x 248 genes, 331354 edges, scale 3001 um/unit
[05:36:58] INFO    training AutoencoderBaseline (105,240 params) on xenium_mouse_brain for 200 epochs
[05:37:00] INFO      ep   25/200  loss 1.3795  val r 0.0993  rmse 1.8985
[05:37:01] INFO      ep   50/200  loss 1.2794  val r 0.1344  rmse 1.8964
[05:37:03] INFO      ep   75/200  loss 1.2557  val r 0.1442  rmse 1.8953
[05:37:04] INFO      ep  100/200  loss 1.2437  val r 0.1468  rmse 1.8945
[05:37:06] INFO      ep  125/200  loss 1.2291  val r 0.1488  rmse 1.8938
[05:37:07] INFO      ep  150/200  loss 1.2359  val r 0.1503  rmse 1.8934
[05:37:09] INFO      ep  175/200  loss 1.2227  val r 0.1506  rmse 1.8932
[05:37:11] INFO      ep  200/200  loss 1.2291  val r 0.1507  rmse 1.8931
[05:37:11] INFO      done in 12s | test r=0.2288 rmse=1.8581 ssim=0.1980
[66/66] xenium_mouse_brain     autoencoder        s1 r=0.2288 (21s)
shard 2 complete: 69 records
