17 sections x 6 models x 2 seeds
shard 1/3: 67 of 68 jobs remaining
[04:22:05] INFO    section merfish_allen_01: 23376 locations x 500 genes, 214168 edges, scale 2353 um/unit
[04:22:07] INFO    training NeuralMorphogenOperator (1,590,389 params) on merfish_allen_01 for 200 epochs
[04:22:47] INFO      ep   25/200  loss 1.4999  val r 0.1716  rmse 0.8493
[04:23:22] INFO      ep   50/200  loss 1.4068  val r 0.2083  rmse 0.8242
[04:23:53] INFO      ep   75/200  loss 1.3713  val r 0.2097  rmse 0.7993
[04:24:16] INFO      ep  100/200  loss 1.3524  val r 0.2131  rmse 0.7927
[04:24:42] INFO      ep  125/200  loss 1.3383  val r 0.2145  rmse 0.7909
[04:25:03] INFO      ep  150/200  loss 1.3308  val r 0.2138  rmse 0.7917
[04:25:39] INFO      ep  175/200  loss 1.3205  val r 0.2140  rmse 0.7912
[04:26:02] INFO      ep  200/200  loss 1.3266  val r 0.2142  rmse 0.7909
[04:26:03] INFO      done in 235s | test r=0.2451 rmse=0.7329 ssim=0.3903
[1/67] merfish_allen_01       nmo                s1 r=0.2451 (244s)
[04:26:09] INFO    section merfish_allen_01: 23376 locations x 500 genes, 214168 edges, scale 2353 um/unit
[04:26:09] INFO    training MultiScaleGPBaseline (3,018 params) on merfish_allen_01 for 200 epochs
[04:26:30] INFO      ep   25/200  loss 1.1754  val r 0.1316  rmse 0.8304
[04:26:49] INFO      ep   50/200  loss 1.1370  val r 0.1356  rmse 0.8334
[04:27:12] INFO      ep   75/200  loss 1.1654  val r 0.1253  rmse 0.8368
[04:27:32] INFO      ep  100/200  loss 1.1817  val r 0.1182  rmse 0.8317
[04:27:52] INFO      ep  125/200  loss 1.1589  val r 0.1323  rmse 0.8299
[04:28:08] INFO      ep  150/200  loss 1.1655  val r 0.1424  rmse 0.8236
[04:28:23] INFO      ep  175/200  loss 1.1479  val r 0.1488  rmse 0.8225
[04:28:40] INFO      ep  200/200  loss 1.1617  val r 0.1395  rmse 0.8208
[04:28:41] INFO      done in 151s | test r=0.1794 rmse=0.7581 ssim=0.3295
[2/67] merfish_allen_01       gp_multiscale      s1 r=0.1794 (157s)
[04:28:45] INFO    section merfish_allen_01: 23376 locations x 500 genes, 214168 edges, scale 2353 um/unit
[04:28:46] INFO    training AutoencoderBaseline (170,004 params) on merfish_allen_01 for 200 epochs
[04:28:48] INFO      ep   25/200  loss 1.4140  val r 0.1295  rmse 0.8691
[04:28:51] INFO      ep   50/200  loss 1.3409  val r 0.1912  rmse 0.8667
[04:28:53] INFO      ep   75/200  loss 1.2980  val r 0.2039  rmse 0.8643
[04:28:56] INFO      ep  100/200  loss 1.3159  val r 0.2069  rmse 0.8602
[04:28:58] INFO      ep  125/200  loss 1.2765  val r 0.2082  rmse 0.8525
[04:29:00] INFO      ep  150/200  loss 1.2737  val r 0.2081  rmse 0.8421
[04:29:02] INFO      ep  175/200  loss 1.2522  val r 0.2081  rmse 0.8361
[04:29:05] INFO      ep  200/200  loss 1.2255  val r 0.2082  rmse 0.8351
[04:29:05] INFO      done in 19s | test r=0.2140 rmse=0.8215 ssim=0.2022
[3/67] merfish_allen_01       autoencoder        s0 r=0.2140 (24s)
[04:29:19] INFO    section merfish_allen_05: 45896 locations x 501 genes, 424364 edges, scale 3091 um/unit
[04:29:19] INFO    training NeuralMorphogenOperator (1,590,774 params) on merfish_allen_05 for 200 epochs
[04:29:42] INFO      ep   25/200  loss 1.5259  val r 0.1154  rmse 0.8154
[04:30:02] INFO      ep   50/200  loss 1.4587  val r 0.1350  rmse 0.8026
[04:30:22] INFO      ep   75/200  loss 1.3941  val r 0.1414  rmse 0.7986
[04:30:41] INFO      ep  100/200  loss 1.3960  val r 0.1473  rmse 0.7951
[04:31:00] INFO      ep  125/200  loss 1.3873  val r 0.1493  rmse 0.7942
[04:31:18] INFO      ep  150/200  loss 1.4038  val r 0.1498  rmse 0.7934
[04:31:35] INFO      ep  175/200  loss 1.3793  val r 0.1500  rmse 0.7939
[04:31:52] INFO      ep  200/200  loss 1.3683  val r 0.1498  rmse 0.7939
[04:31:52] INFO      done in 153s | test r=0.1765 rmse=0.7494 ssim=0.3526
[4/67] merfish_allen_05       nmo                s1 r=0.1765 (167s)
[04:32:06] INFO    section merfish_allen_05: 45896 locations x 501 genes, 424364 edges, scale 3091 um/unit
[04:32:07] INFO    training GNNBaseline (204,053 params) on merfish_allen_05 for 200 epochs
[04:32:10] INFO      ep   25/200  loss 1.4484  val r 0.0707  rmse 0.8240
[04:32:13] INFO      ep   50/200  loss 1.3692  val r 0.0987  rmse 0.8199
[04:32:16] INFO      ep   75/200  loss 1.3386  val r 0.1075  rmse 0.8144
[04:32:19] INFO      ep  100/200  loss 1.3334  val r 0.1174  rmse 0.8107
[04:32:24] INFO      ep  125/200  loss 1.2907  val r 0.1118  rmse 0.8113
[04:32:27] INFO      ep  150/200  loss 1.2805  val r 0.1159  rmse 0.8110
[04:32:30] INFO      ep  175/200  loss 1.2830  val r 0.1149  rmse 0.8117
[04:32:33] INFO      ep  200/200  loss 1.2757  val r 0.1148  rmse 0.8118
[04:32:34] INFO      done in 27s | test r=0.1273 rmse=0.7518 ssim=0.3088
[5/67] merfish_allen_05       gnn                s0 r=0.1273 (42s)
[04:32:49] INFO    section merfish_allen_05: 45896 locations x 501 genes, 424364 edges, scale 3091 um/unit
[04:32:49] INFO    training MultiScaleGPBaseline (3,024 params) on merfish_allen_05 for 200 epochs
[04:33:10] INFO      ep   25/200  loss 1.1887  val r 0.1029  rmse 0.8160
[04:33:31] INFO      ep   50/200  loss 1.1646  val r 0.0846  rmse 0.8212
[04:33:49] INFO      ep   75/200  loss 1.1332  val r 0.0613  rmse 0.8226
[04:34:08] INFO      ep  100/200  loss 1.1550  val r 0.0771  rmse 0.8233
[04:34:35] INFO      ep  125/200  loss 1.1506  val r 0.1110  rmse 0.8088
[04:34:56] INFO      ep  150/200  loss 1.1784  val r 0.0851  rmse 0.8240
[04:35:14] INFO      ep  175/200  loss 1.1558  val r 0.1205  rmse 0.8066
[04:35:34] INFO      ep  200/200  loss 1.1422  val r 0.0715  rmse 0.8235
[04:35:35] INFO      done in 165s | test r=0.1166 rmse=0.7780 ssim=0.3126
[6/67] merfish_allen_05       gp_multiscale      s1 r=0.1166 (181s)
[04:35:50] INFO    section merfish_allen_05: 45896 locations x 501 genes, 424364 edges, scale 3091 um/unit
[04:35:51] INFO    training AutoencoderBaseline (170,261 params) on merfish_allen_05 for 200 epochs
[04:35:54] INFO      ep   25/200  loss 1.4346  val r 0.0590  rmse 0.8259
[04:35:57] INFO      ep   50/200  loss 1.3404  val r 0.0997  rmse 0.8248
[04:36:00] INFO      ep   75/200  loss 1.3221  val r 0.1103  rmse 0.8240
[04:36:03] INFO      ep  100/200  loss 1.3274  val r 0.1146  rmse 0.8232
[04:36:06] INFO      ep  125/200  loss 1.2902  val r 0.1154  rmse 0.8221
[04:36:09] INFO      ep  150/200  loss 1.2784  val r 0.1159  rmse 0.8211
[04:36:12] INFO      ep  175/200  loss 1.2836  val r 0.1163  rmse 0.8204
[04:36:15] INFO      ep  200/200  loss 1.2833  val r 0.1164  rmse 0.8203
[04:36:16] INFO      done in 24s | test r=0.1185 rmse=0.7614 ssim=0.2472
[7/67] merfish_allen_05       autoencoder        s0 r=0.1185 (41s)
[04:36:29] INFO    section merfish_allen_10: 42070 locations x 503 genes, 388868 edges, scale 4637 um/unit
[04:36:29] INFO    training NeuralMorphogenOperator (1,591,544 params) on merfish_allen_10 for 200 epochs
[04:36:58] INFO      ep   25/200  loss 1.4965  val r 0.1359  rmse 0.6886
[04:37:24] INFO      ep   50/200  loss 1.4689  val r 0.1677  rmse 0.6773
[04:37:52] INFO      ep   75/200  loss 1.4367  val r 0.1678  rmse 0.6561
[04:38:20] INFO      ep  100/200  loss 1.4111  val r 0.1631  rmse 0.6503
[04:38:48] INFO      ep  125/200  loss 1.3979  val r 0.1615  rmse 0.6503
[04:39:19] INFO      ep  150/200  loss 1.3837  val r 0.1597  rmse 0.6501
[04:39:58] INFO      ep  175/200  loss 1.4040  val r 0.1614  rmse 0.6494
[04:40:32] INFO      ep  200/200  loss 1.3946  val r 0.1608  rmse 0.6497
[04:40:33] INFO      done in 243s | test r=0.1446 rmse=0.6710 ssim=0.2977
[8/67] merfish_allen_10       nmo                s1 r=0.1446 (258s)
[04:40:48] INFO    section merfish_allen_10: 42070 locations x 503 genes, 388868 edges, scale 4637 um/unit
[04:40:49] INFO    training GNNBaseline (204,567 params) on merfish_allen_10 for 200 epochs
[04:40:54] INFO      ep   25/200  loss 1.4210  val r 0.0998  rmse 0.6951
[04:40:59] INFO      ep   50/200  loss 1.3500  val r 0.1450  rmse 0.6870
[04:41:05] INFO      ep   75/200  loss 1.3172  val r 0.1525  rmse 0.6718
[04:41:10] INFO      ep  100/200  loss 1.2864  val r 0.1530  rmse 0.6572
[04:41:15] INFO      ep  125/200  loss 1.2733  val r 0.1523  rmse 0.6516
[04:41:20] INFO      ep  150/200  loss 1.2392  val r 0.1514  rmse 0.6504
[04:41:26] INFO      ep  175/200  loss 1.2366  val r 0.1512  rmse 0.6503
[04:41:31] INFO      ep  200/200  loss 1.2478  val r 0.1512  rmse 0.6502
[04:41:32] INFO      done in 43s | test r=0.1478 rmse=0.6921 ssim=0.3223
[9/67] merfish_allen_10       gnn                s0 r=0.1478 (59s)
[04:41:44] INFO    section merfish_allen_10: 42070 locations x 503 genes, 388868 edges, scale 4637 um/unit
[04:41:45] INFO    training MultiScaleGPBaseline (3,036 params) on merfish_allen_10 for 200 epochs
[04:42:03] INFO      ep   25/200  loss 1.2186  val r 0.0632  rmse 0.6849
[04:42:22] INFO      ep   50/200  loss 1.2473  val r 0.0771  rmse 0.6891
[04:42:44] INFO      ep   75/200  loss 1.2327  val r 0.0794  rmse 0.6826
[04:43:01] INFO      ep  100/200  loss 1.2288  val r 0.0915  rmse 0.6850
[04:43:21] INFO      ep  125/200  loss 1.2240  val r 0.1076  rmse 0.6713
[04:43:41] INFO      ep  150/200  loss 1.2050  val r 0.0830  rmse 0.6859
[04:44:01] INFO      ep  175/200  loss 1.2369  val r 0.0898  rmse 0.6803
[04:44:22] INFO      ep  200/200  loss 1.2278  val r 0.0843  rmse 0.6845
[04:44:23] INFO      done in 157s | test r=0.1142 rmse=0.6819 ssim=0.3066
[10/67] merfish_allen_10       gp_multiscale      s1 r=0.1142 (171s)
[04:44:40] INFO    section merfish_allen_10: 42070 locations x 503 genes, 388868 edges, scale 4637 um/unit
[04:44:41] INFO    training AutoencoderBaseline (170,775 params) on merfish_allen_10 for 200 epochs
[04:44:45] INFO      ep   25/200  loss 1.4091  val r 0.0854  rmse 0.7001
[04:44:49] INFO      ep   50/200  loss 1.3337  val r 0.1267  rmse 0.6990
[04:44:53] INFO      ep   75/200  loss 1.3140  val r 0.1405  rmse 0.6986
[04:44:57] INFO      ep  100/200  loss 1.3038  val r 0.1442  rmse 0.6980
[04:45:00] INFO      ep  125/200  loss 1.2934  val r 0.1452  rmse 0.6974
[04:45:04] INFO      ep  150/200  loss 1.2609  val r 0.1452  rmse 0.6968
[04:45:09] INFO      ep  175/200  loss 1.2632  val r 0.1451  rmse 0.6965
[04:45:12] INFO      ep  200/200  loss 1.2701  val r 0.1452  rmse 0.6964
[04:45:13] INFO      done in 32s | test r=0.1542 rmse=0.6994 ssim=0.2508
[11/67] merfish_allen_10       autoencoder        s0 r=0.1542 (50s)
[04:46:15] INFO    section merfish_allen_14: 94357 locations x 500 genes, 865018 edges, scale 4728 um/unit
[04:46:16] INFO    training NeuralMorphogenOperator (1,590,389 params) on merfish_allen_14 for 200 epochs
[04:46:44] INFO      ep   25/200  loss 1.5265  val r 0.0902  rmse 0.7179
[04:47:19] INFO      ep   50/200  loss 1.4520  val r 0.1065  rmse 0.7089
[04:47:58] INFO      ep   75/200  loss 1.4319  val r 0.1166  rmse 0.7012
[04:48:33] INFO      ep  100/200  loss 1.4210  val r 0.1219  rmse 0.7013
[04:49:13] INFO      ep  125/200  loss 1.4083  val r 0.1223  rmse 0.7026
[04:49:53] INFO      ep  150/200  loss 1.3992  val r 0.1213  rmse 0.7033
[04:50:29] INFO      ep  175/200  loss 1.3935  val r 0.1211  rmse 0.7040
[04:50:59] INFO      ep  200/200  loss 1.3925  val r 0.1214  rmse 0.7039
[04:50:59] INFO      done in 283s | test r=0.1442 rmse=0.7069 ssim=0.2911
[12/67] merfish_allen_14       nmo                s1 r=0.1442 (346s)
[04:52:00] INFO    section merfish_allen_14: 94357 locations x 500 genes, 865018 edges, scale 4728 um/unit
[04:52:01] INFO    training GNNBaseline (203,796 params) on merfish_allen_14 for 200 epochs
[04:52:06] INFO      ep   25/200  loss 1.4510  val r 0.0760  rmse 0.7154
[04:52:11] INFO      ep   50/200  loss 1.3860  val r 0.1158  rmse 0.7109
[04:52:17] INFO      ep   75/200  loss 1.3432  val r 0.1221  rmse 0.7049
[04:52:21] INFO      ep  100/200  loss 1.3325  val r 0.1225  rmse 0.6994
[04:52:26] INFO      ep  125/200  loss 1.3357  val r 0.1278  rmse 0.6974
[04:52:30] INFO      ep  150/200  loss 1.2955  val r 0.1280  rmse 0.6976
[04:52:35] INFO      ep  175/200  loss 1.2851  val r 0.1283  rmse 0.6979
[04:52:40] INFO      ep  200/200  loss 1.2991  val r 0.1282  rmse 0.6980
[04:52:41] INFO      done in 40s | test r=0.1204 rmse=0.6964 ssim=0.3282
[13/67] merfish_allen_14       gnn                s0 r=0.1204 (102s)
[04:53:43] INFO    section merfish_allen_14: 94357 locations x 500 genes, 865018 edges, scale 4728 um/unit
[04:53:43] INFO    training MultiScaleGPBaseline (3,018 params) on merfish_allen_14 for 200 epochs
[04:54:02] INFO      ep   25/200  loss 1.2418  val r 0.0746  rmse 0.7298
[04:54:19] INFO      ep   50/200  loss 1.2002  val r 0.0681  rmse 0.7250
[04:54:40] INFO      ep   75/200  loss 1.2122  val r 0.0795  rmse 0.7255
[04:54:58] INFO      ep  100/200  loss 1.2231  val r 0.0739  rmse 0.7218
[04:55:22] INFO      ep  125/200  loss 1.2199  val r 0.0654  rmse 0.7255
[04:55:45] INFO      ep  150/200  loss 1.2112  val r 0.0671  rmse 0.7234
[04:56:04] INFO      ep  175/200  loss 1.2119  val r 0.0708  rmse 0.7188
[04:56:24] INFO      ep  200/200  loss 1.2118  val r 0.0530  rmse 0.7222
[04:56:24] INFO      done in 160s | test r=0.0924 rmse=0.7265 ssim=0.2373
[14/67] merfish_allen_14       gp_multiscale      s1 r=0.0924 (223s)
[04:57:36] INFO    section merfish_allen_14: 94357 locations x 500 genes, 865018 edges, scale 4728 um/unit
[04:57:36] INFO    training AutoencoderBaseline (170,004 params) on merfish_allen_14 for 200 epochs
[04:57:39] INFO      ep   25/200  loss 1.4266  val r 0.0848  rmse 0.7166
[04:57:43] INFO      ep   50/200  loss 1.3501  val r 0.1152  rmse 0.7157
[04:57:46] INFO      ep   75/200  loss 1.3136  val r 0.1168  rmse 0.7155
[04:57:49] INFO      ep  100/200  loss 1.3121  val r 0.1172  rmse 0.7152
[04:57:52] INFO      ep  125/200  loss 1.3234  val r 0.1171  rmse 0.7148
[04:57:55] INFO      ep  150/200  loss 1.2924  val r 0.1174  rmse 0.7144
[04:57:58] INFO      ep  175/200  loss 1.2799  val r 0.1178  rmse 0.7142
[04:58:01] INFO      ep  200/200  loss 1.2966  val r 0.1179  rmse 0.7141
[04:58:01] INFO      done in 24s | test r=0.1356 rmse=0.7226 ssim=0.2631
[15/67] merfish_allen_14       autoencoder        s0 r=0.1356 (97s)
[04:58:17] INFO    section merfish_allen_18: 44309 locations x 500 genes, 407488 edges, scale 4091 um/unit
[04:58:17] INFO    training NeuralMorphogenOperator (1,590,389 params) on merfish_allen_18 for 200 epochs
[04:58:58] INFO      ep   25/200  loss 1.4990  val r 0.0947  rmse 0.7660
[04:59:40] INFO      ep   50/200  loss 1.4325  val r 0.1266  rmse 0.7619
[05:00:11] INFO      ep   75/200  loss 1.4220  val r 0.1325  rmse 0.7521
[05:00:42] INFO      ep  100/200  loss 1.4046  val r 0.1338  rmse 0.7476
[05:01:13] INFO      ep  125/200  loss 1.3895  val r 0.1322  rmse 0.7484
[05:01:43] INFO      ep  150/200  loss 1.3864  val r 0.1329  rmse 0.7489
[05:02:11] INFO      ep  175/200  loss 1.3915  val r 0.1324  rmse 0.7498
[05:02:37] INFO      ep  200/200  loss 1.3769  val r 0.1322  rmse 0.7499
[05:02:38] INFO      done in 260s | test r=0.1400 rmse=0.7001 ssim=0.3063
[16/67] merfish_allen_18       nmo                s1 r=0.1400 (277s)
[05:02:52] INFO    section merfish_allen_18: 44309 locations x 500 genes, 407488 edges, scale 4091 um/unit
[05:02:53] INFO    training GNNBaseline (203,796 params) on merfish_allen_18 for 200 epochs
[05:02:58] INFO      ep   25/200  loss 1.4021  val r 0.0701  rmse 0.7558
[05:03:03] INFO      ep   50/200  loss 1.3410  val r 0.1023  rmse 0.7537
[05:03:08] INFO      ep   75/200  loss 1.3442  val r 0.1114  rmse 0.7501
[05:03:13] INFO      ep  100/200  loss 1.3008  val r 0.1179  rmse 0.7453
[05:03:18] INFO      ep  125/200  loss 1.2572  val r 0.1184  rmse 0.7423
[05:03:23] INFO      ep  150/200  loss 1.2682  val r 0.1207  rmse 0.7412
[05:03:28] INFO      ep  175/200  loss 1.2803  val r 0.1214  rmse 0.7409
[05:03:33] INFO      ep  200/200  loss 1.2779  val r 0.1214  rmse 0.7407
[05:03:33] INFO      done in 40s | test r=0.1176 rmse=0.6908 ssim=0.2948
[17/67] merfish_allen_18       gnn                s0 r=0.1176 (55s)
[05:03:49] INFO    section merfish_allen_18: 44309 locations x 500 genes, 407488 edges, scale 4091 um/unit
[05:03:49] INFO    training MultiScaleGPBaseline (3,018 params) on merfish_allen_18 for 200 epochs
[05:04:13] INFO      ep   25/200  loss 1.2045  val r 0.0680  rmse 0.7824
[05:04:36] INFO      ep   50/200  loss 1.1850  val r 0.0711  rmse 0.7727
[05:04:54] INFO      ep   75/200  loss 1.1934  val r 0.0756  rmse 0.7798
[05:05:14] INFO      ep  100/200  loss 1.1991  val r 0.0961  rmse 0.7649
[05:05:37] INFO      ep  125/200  loss 1.1922  val r 0.0902  rmse 0.7713
[05:05:58] INFO      ep  150/200  loss 1.1941  val r 0.0698  rmse 0.7740
[05:06:14] INFO      ep  175/200  loss 1.2101  val r 0.1058  rmse 0.7519
[05:06:27] INFO      ep  200/200  loss 1.1883  val r 0.0987  rmse 0.7552
[05:06:27] INFO      done in 158s | test r=0.1189 rmse=0.7066 ssim=0.3040
[18/67] merfish_allen_18       gp_multiscale      s1 r=0.1189 (174s)
[05:06:41] INFO    section merfish_allen_18: 44309 locations x 500 genes, 407488 edges, scale 4091 um/unit
[05:06:41] INFO    training AutoencoderBaseline (170,004 params) on merfish_allen_18 for 200 epochs
[05:06:43] INFO      ep   25/200  loss 1.3810  val r 0.0601  rmse 0.7568
[05:06:45] INFO      ep   50/200  loss 1.3108  val r 0.0864  rmse 0.7564
[05:06:47] INFO      ep   75/200  loss 1.3178  val r 0.0976  rmse 0.7561
[05:06:50] INFO      ep  100/200  loss 1.2862  val r 0.1034  rmse 0.7559
[05:06:52] INFO      ep  125/200  loss 1.2533  val r 0.1073  rmse 0.7557
[05:06:54] INFO      ep  150/200  loss 1.2670  val r 0.1091  rmse 0.7556
[05:06:56] INFO      ep  175/200  loss 1.2846  val r 0.1097  rmse 0.7555
[05:06:58] INFO      ep  200/200  loss 1.2869  val r 0.1099  rmse 0.7555
[05:06:58] INFO      done in 17s | test r=0.1093 rmse=0.7050 ssim=0.2101
[19/67] merfish_allen_18       autoencoder        s0 r=0.1093 (31s)
[05:07:37] INFO    section merfish_allen_26: 79282 locations x 501 genes, 717704 edges, scale 4839 um/unit
[05:07:37] INFO    training NeuralMorphogenOperator (1,590,774 params) on merfish_allen_26 for 200 epochs
[05:07:54] INFO      ep   25/200  loss 1.4819  val r 0.1148  rmse 0.8514
[05:08:12] INFO      ep   50/200  loss 1.4507  val r 0.1468  rmse 0.8362
[05:08:30] INFO      ep   75/200  loss 1.3947  val r 0.1574  rmse 0.8178
[05:08:47] INFO      ep  100/200  loss 1.3937  val r 0.1616  rmse 0.8116
[05:09:04] INFO      ep  125/200  loss 1.3839  val r 0.1617  rmse 0.8098
[05:09:21] INFO      ep  150/200  loss 1.3597  val r 0.1619  rmse 0.8094
[05:09:43] INFO      ep  175/200  loss 1.3718  val r 0.1633  rmse 0.8088
[05:10:02] INFO      ep  200/200  loss 1.3596  val r 0.1633  rmse 0.8091
[05:10:02] INFO      done in 144s | test r=0.1811 rmse=0.8113 ssim=0.3182
[20/67] merfish_allen_26       nmo                s1 r=0.1811 (184s)
[05:10:50] INFO    section merfish_allen_26: 79282 locations x 501 genes, 717704 edges, scale 4839 um/unit
[05:10:51] INFO    training GNNBaseline (204,053 params) on merfish_allen_26 for 200 epochs
[05:10:55] INFO      ep   25/200  loss 1.4285  val r 0.1171  rmse 0.8424
[05:10:59] INFO      ep   50/200  loss 1.3802  val r 0.1546  rmse 0.8342
[05:11:03] INFO      ep   75/200  loss 1.3454  val r 0.1616  rmse 0.8202
[05:11:06] INFO      ep  100/200  loss 1.3027  val r 0.1687  rmse 0.8086
[05:11:09] INFO      ep  125/200  loss 1.2957  val r 0.1706  rmse 0.8029
[05:11:12] INFO      ep  150/200  loss 1.2702  val r 0.1723  rmse 0.7999
[05:11:15] INFO      ep  175/200  loss 1.2598  val r 0.1726  rmse 0.7994
[05:11:19] INFO      ep  200/200  loss 1.2592  val r 0.1727  rmse 0.7993
[05:11:19] INFO      done in 28s | test r=0.1850 rmse=0.8256 ssim=0.3159
[21/67] merfish_allen_26       gnn                s0 r=0.1850 (77s)
[05:11:58] INFO    section merfish_allen_26: 79282 locations x 501 genes, 717704 edges, scale 4839 um/unit
[05:11:58] INFO    training MultiScaleGPBaseline (3,024 params) on merfish_allen_26 for 200 epochs
[05:12:09] INFO      ep   25/200  loss 1.1472  val r 0.1409  rmse 0.8302
[05:12:21] INFO      ep   50/200  loss 1.1654  val r 0.1158  rmse 0.8482
[05:12:33] INFO      ep   75/200  loss 1.1541  val r 0.1246  rmse 0.8403
[05:12:45] INFO      ep  100/200  loss 1.1675  val r 0.1176  rmse 0.8456
[05:12:57] INFO      ep  125/200  loss 1.1744  val r 0.1388  rmse 0.8395
[05:13:10] INFO      ep  150/200  loss 1.1519  val r 0.1017  rmse 0.8582
[05:13:22] INFO      ep  175/200  loss 1.1683  val r 0.1402  rmse 0.8325
[05:13:34] INFO      ep  200/200  loss 1.1575  val r 0.1011  rmse 0.8517
[05:13:34] INFO      done in 96s | test r=0.1399 rmse=0.8364 ssim=0.2935
[22/67] merfish_allen_26       gp_multiscale      s1 r=0.1399 (135s)
[05:14:11] INFO    section merfish_allen_26: 79282 locations x 501 genes, 717704 edges, scale 4839 um/unit
[05:14:11] INFO    training AutoencoderBaseline (170,261 params) on merfish_allen_26 for 200 epochs
[05:14:13] INFO      ep   25/200  loss 1.4111  val r 0.0924  rmse 0.8468
[05:14:15] INFO      ep   50/200  loss 1.3570  val r 0.1369  rmse 0.8455
[05:14:17] INFO      ep   75/200  loss 1.3368  val r 0.1463  rmse 0.8446
[05:14:19] INFO      ep  100/200  loss 1.3135  val r 0.1508  rmse 0.8436
[05:14:22] INFO      ep  125/200  loss 1.3148  val r 0.1539  rmse 0.8423
[05:14:26] INFO      ep  150/200  loss 1.2956  val r 0.1556  rmse 0.8412
[05:14:28] INFO      ep  175/200  loss 1.2873  val r 0.1563  rmse 0.8406
[05:14:30] INFO      ep  200/200  loss 1.2773  val r 0.1564  rmse 0.8405
[05:14:30] INFO      done in 19s | test r=0.1732 rmse=0.8661 ssim=0.1994
[23/67] merfish_allen_26       autoencoder        s0 r=0.1732 (56s)
[05:15:23] INFO    section merfish_allen_30: 91017 locations x 501 genes, 826366 edges, scale 5039 um/unit
[05:15:24] INFO    training NeuralMorphogenOperator (1,590,774 params) on merfish_allen_30 for 200 epochs
[05:15:40] INFO      ep   25/200  loss 1.5143  val r 0.1354  rmse 0.8064
[05:15:57] INFO      ep   50/200  loss 1.4739  val r 0.1734  rmse 0.7887
[05:16:12] INFO      ep   75/200  loss 1.4303  val r 0.1847  rmse 0.7624
[05:16:29] INFO      ep  100/200  loss 1.4078  val r 0.1911  rmse 0.7543
[05:16:47] INFO      ep  125/200  loss 1.3896  val r 0.1968  rmse 0.7501
[05:17:04] INFO      ep  150/200  loss 1.3926  val r 0.1958  rmse 0.7496
[05:17:22] INFO      ep  175/200  loss 1.3724  val r 0.1967  rmse 0.7489
[05:17:42] INFO      ep  200/200  loss 1.3792  val r 0.1968  rmse 0.7489
[05:17:42] INFO      done in 138s | test r=0.1671 rmse=0.7977 ssim=0.3262
[24/67] merfish_allen_30       nmo                s1 r=0.1671 (192s)
[05:18:33] INFO    section merfish_allen_30: 91017 locations x 501 genes, 826366 edges, scale 5039 um/unit
[05:18:33] INFO    training GNNBaseline (204,053 params) on merfish_allen_30 for 200 epochs
[05:18:37] INFO      ep   25/200  loss 1.3929  val r 0.1016  rmse 0.7950
[05:18:40] INFO      ep   50/200  loss 1.3588  val r 0.1415  rmse 0.7876
[05:18:43] INFO      ep   75/200  loss 1.3017  val r 0.1580  rmse 0.7731
[05:18:46] INFO      ep  100/200  loss 1.2703  val r 0.1625  rmse 0.7579
[05:18:48] INFO      ep  125/200  loss 1.2382  val r 0.1678  rmse 0.7520
[05:18:51] INFO      ep  150/200  loss 1.2365  val r 0.1670  rmse 0.7508
[05:18:54] INFO      ep  175/200  loss 1.2529  val r 0.1662  rmse 0.7513
[05:18:58] INFO      ep  200/200  loss 1.2191  val r 0.1662  rmse 0.7512
[05:18:58] INFO      done in 24s | test r=0.1208 rmse=0.8208 ssim=0.3061
[25/67] merfish_allen_30       gnn                s0 r=0.1208 (76s)
[05:19:47] INFO    section merfish_allen_30: 91017 locations x 501 genes, 826366 edges, scale 5039 um/unit
[05:19:48] INFO    training MultiScaleGPBaseline (3,024 params) on merfish_allen_30 for 200 epochs
[05:19:59] INFO      ep   25/200  loss 1.1950  val r 0.1363  rmse 0.7746
[05:20:09] INFO      ep   50/200  loss 1.1991  val r 0.1065  rmse 0.7800
[05:20:22] INFO      ep   75/200  loss 1.1806  val r 0.1379  rmse 0.7719
[05:20:35] INFO      ep  100/200  loss 1.1871  val r 0.1533  rmse 0.7708
[05:20:48] INFO      ep  125/200  loss 1.1737  val r 0.1461  rmse 0.7712
[05:21:00] INFO      ep  150/200  loss 1.1942  val r 0.1215  rmse 0.7788
[05:21:12] INFO      ep  175/200  loss 1.1763  val r 0.1269  rmse 0.7785
[05:21:25] INFO      ep  200/200  loss 1.1821  val r 0.1683  rmse 0.7617
[05:21:25] INFO      done in 97s | test r=0.1140 rmse=0.8228 ssim=0.2895
[26/67] merfish_allen_30       gp_multiscale      s1 r=0.1140 (147s)
[05:22:12] INFO    section merfish_allen_30: 91017 locations x 501 genes, 826366 edges, scale 5039 um/unit
[05:22:12] INFO    training AutoencoderBaseline (170,261 params) on merfish_allen_30 for 200 epochs
[05:22:14] INFO      ep   25/200  loss 1.3806  val r 0.0707  rmse 0.7977
[05:22:16] INFO      ep   50/200  loss 1.3376  val r 0.1164  rmse 0.7966
[05:22:18] INFO      ep   75/200  loss 1.2913  val r 0.1368  rmse 0.7957
[05:22:20] INFO      ep  100/200  loss 1.2773  val r 0.1463  rmse 0.7948
[05:22:22] INFO      ep  125/200  loss 1.2563  val r 0.1502  rmse 0.7939
[05:22:24] INFO      ep  150/200  loss 1.2611  val r 0.1518  rmse 0.7931
[05:22:27] INFO      ep  175/200  loss 1.2791  val r 0.1524  rmse 0.7927
[05:22:29] INFO      ep  200/200  loss 1.2404  val r 0.1525  rmse 0.7926
[05:22:29] INFO      done in 17s | test r=0.1225 rmse=0.8312 ssim=0.2089
[27/67] merfish_allen_30       autoencoder        s0 r=0.1225 (64s)
[05:23:16] INFO    section merfish_allen_31: 91951 locations x 502 genes, 838030 edges, scale 5098 um/unit
[05:23:16] INFO    training NeuralMorphogenOperator (1,591,159 params) on merfish_allen_31 for 200 epochs
[05:23:36] INFO      ep   25/200  loss 1.5067  val r 0.1078  rmse 0.7866
[05:23:54] INFO      ep   50/200  loss 1.4705  val r 0.1412  rmse 0.7754
[05:24:11] INFO      ep   75/200  loss 1.4006  val r 0.1460  rmse 0.7539
[05:24:30] INFO      ep  100/200  loss 1.3833  val r 0.1559  rmse 0.7456
[05:24:48] INFO      ep  125/200  loss 1.3920  val r 0.1617  rmse 0.7449
[05:25:06] INFO      ep  150/200  loss 1.3670  val r 0.1630  rmse 0.7439
[05:25:26] INFO      ep  175/200  loss 1.3770  val r 0.1638  rmse 0.7433
[05:25:44] INFO      ep  200/200  loss 1.3791  val r 0.1637  rmse 0.7434
[05:25:45] INFO      done in 148s | test r=0.1686 rmse=0.7821 ssim=0.3276
[28/67] merfish_allen_31       nmo                s1 r=0.1686 (195s)
[05:26:33] INFO    section merfish_allen_31: 91951 locations x 502 genes, 838030 edges, scale 5098 um/unit
[05:26:34] INFO    training GNNBaseline (204,310 params) on merfish_allen_31 for 200 epochs
[05:26:37] INFO      ep   25/200  loss 1.3997  val r 0.0846  rmse 0.7930
[05:26:40] INFO      ep   50/200  loss 1.3369  val r 0.1090  rmse 0.7877
[05:26:43] INFO      ep   75/200  loss 1.2967  val r 0.1195  rmse 0.7805
[05:26:46] INFO      ep  100/200  loss 1.2558  val r 0.1210  rmse 0.7803
[05:26:49] INFO      ep  125/200  loss 1.2439  val r 0.1250  rmse 0.7839
[05:26:52] INFO      ep  150/200  loss 1.2201  val r 0.1257  rmse 0.7875
[05:26:55] INFO      ep  175/200  loss 1.2179  val r 0.1274  rmse 0.7868
[05:26:58] INFO      ep  200/200  loss 1.2071  val r 0.1273  rmse 0.7873
[05:26:58] INFO      done in 25s | test r=0.1614 rmse=0.7937 ssim=0.3065
[29/67] merfish_allen_31       gnn                s0 r=0.1614 (74s)
[05:27:47] INFO    section merfish_allen_31: 91951 locations x 502 genes, 838030 edges, scale 5098 um/unit
[05:27:47] INFO    training MultiScaleGPBaseline (3,030 params) on merfish_allen_31 for 200 epochs
[05:27:59] INFO      ep   25/200  loss 1.1634  val r 0.1070  rmse 0.7844
[05:28:12] INFO      ep   50/200  loss 1.1638  val r 0.1211  rmse 0.7618
[05:28:24] INFO      ep   75/200  loss 1.1377  val r 0.1118  rmse 0.7662
[05:28:37] INFO      ep  100/200  loss 1.1598  val r 0.1095  rmse 0.7650
[05:28:48] INFO      ep  125/200  loss 1.1721  val r 0.1165  rmse 0.7710
[05:29:00] INFO      ep  150/200  loss 1.1552  val r 0.1234  rmse 0.7668
[05:29:12] INFO      ep  175/200  loss 1.1581  val r 0.1115  rmse 0.7731
[05:29:26] INFO      ep  200/200  loss 1.1779  val r 0.1202  rmse 0.7630
[05:29:27] INFO      done in 99s | test r=0.1171 rmse=0.8104 ssim=0.2724
[30/67] merfish_allen_31       gp_multiscale      s1 r=0.1171 (148s)
[05:30:16] INFO    section merfish_allen_31: 91951 locations x 502 genes, 838030 edges, scale 5098 um/unit
[05:30:17] INFO    training AutoencoderBaseline (170,518 params) on merfish_allen_31 for 200 epochs
[05:30:20] INFO      ep   25/200  loss 1.3836  val r 0.0483  rmse 0.7979
[05:30:22] INFO      ep   50/200  loss 1.3105  val r 0.0870  rmse 0.7970
[05:30:24] INFO      ep   75/200  loss 1.2812  val r 0.1036  rmse 0.7964
[05:30:26] INFO      ep  100/200  loss 1.2672  val r 0.1123  rmse 0.7958
[05:30:28] INFO      ep  125/200  loss 1.2724  val r 0.1160  rmse 0.7953
[05:30:30] INFO      ep  150/200  loss 1.2521  val r 0.1178  rmse 0.7948
[05:30:32] INFO      ep  175/200  loss 1.2520  val r 0.1187  rmse 0.7946
[05:30:34] INFO      ep  200/200  loss 1.2460  val r 0.1187  rmse 0.7945
[05:30:35] INFO      done in 18s | test r=0.1582 rmse=0.8085 ssim=0.1895
[31/67] merfish_allen_31       autoencoder        s0 r=0.1582 (68s)
[05:31:48] INFO    section merfish_allen_36: 115675 locations x 503 genes, 1051422 edges, scale 5063 um/unit
[05:31:49] INFO    training NeuralMorphogenOperator (1,591,544 params) on merfish_allen_36 for 200 epochs
[05:32:07] INFO      ep   25/200  loss 1.5034  val r 0.1153  rmse 0.8461
[05:32:24] INFO      ep   50/200  loss 1.4588  val r 0.1484  rmse 0.8399
[05:32:41] INFO      ep   75/200  loss 1.3958  val r 0.1574  rmse 0.8193
[05:32:58] INFO      ep  100/200  loss 1.3755  val r 0.1621  rmse 0.8094
[05:33:14] INFO      ep  125/200  loss 1.3579  val r 0.1689  rmse 0.8048
[05:33:31] INFO      ep  150/200  loss 1.3818  val r 0.1711  rmse 0.8030
[05:33:48] INFO      ep  175/200  loss 1.3578  val r 0.1721  rmse 0.8028
[05:34:05] INFO      ep  200/200  loss 1.3586  val r 0.1723  rmse 0.8023
[05:34:06] INFO      done in 136s | test r=0.1520 rmse=0.8111 ssim=0.2472
[32/67] merfish_allen_36       nmo                s1 r=0.1520 (211s)
[05:35:23] INFO    section merfish_allen_36: 115675 locations x 503 genes, 1051422 edges, scale 5063 um/unit
[05:35:23] INFO    training GNNBaseline (204,567 params) on merfish_allen_36 for 200 epochs
[05:35:26] INFO      ep   25/200  loss 1.4114  val r 0.0801  rmse 0.8504
[05:35:29] INFO      ep   50/200  loss 1.3600  val r 0.1195  rmse 0.8470
[05:35:32] INFO      ep   75/200  loss 1.3193  val r 0.1319  rmse 0.8387
[05:35:35] INFO      ep  100/200  loss 1.2693  val r 0.1385  rmse 0.8283
[05:35:38] INFO      ep  125/200  loss 1.2445  val r 0.1398  rmse 0.8242
[05:35:41] INFO      ep  150/200  loss 1.2358  val r 0.1418  rmse 0.8219
[05:35:44] INFO      ep  175/200  loss 1.2299  val r 0.1430  rmse 0.8211
[05:35:47] INFO      ep  200/200  loss 1.2361  val r 0.1430  rmse 0.8213
[05:35:47] INFO      done in 24s | test r=0.1194 rmse=0.8336 ssim=0.2409
[33/67] merfish_allen_36       gnn                s0 r=0.1194 (102s)
[05:37:00] INFO    section merfish_allen_36: 115675 locations x 503 genes, 1051422 edges, scale 5063 um/unit
[05:37:00] INFO    training MultiScaleGPBaseline (3,036 params) on merfish_allen_36 for 200 epochs
[05:37:10] INFO      ep   25/200  loss 1.1608  val r 0.1291  rmse 0.8200
[05:37:18] INFO      ep   50/200  loss 1.1397  val r 0.1307  rmse 0.8191
[05:37:25] INFO      ep   75/200  loss 1.1354  val r 0.1463  rmse 0.8126
[05:37:32] INFO      ep  100/200  loss 1.1370  val r 0.1394  rmse 0.8203
[05:37:39] INFO      ep  125/200  loss 1.1315  val r 0.1482  rmse 0.8133
[05:37:48] INFO      ep  150/200  loss 1.1635  val r 0.1340  rmse 0.8179
[05:37:57] INFO      ep  175/200  loss 1.1349  val r 0.1443  rmse 0.8157
[05:38:05] INFO      ep  200/200  loss 1.1350  val r 0.1372  rmse 0.8244
[05:38:06] INFO      done in 65s | test r=0.1093 rmse=0.8341 ssim=0.2249
[34/67] merfish_allen_36       gp_multiscale      s1 r=0.1093 (138s)
[05:39:01] INFO    section merfish_allen_36: 115675 locations x 503 genes, 1051422 edges, scale 5063 um/unit
[05:39:01] INFO    training AutoencoderBaseline (170,775 params) on merfish_allen_36 for 200 epochs
[05:39:03] INFO      ep   25/200  loss 1.3930  val r 0.0780  rmse 0.8548
[05:39:04] INFO      ep   50/200  loss 1.3382  val r 0.1127  rmse 0.8541
[05:39:05] INFO      ep   75/200  loss 1.3120  val r 0.1289  rmse 0.8534
[05:39:07] INFO      ep  100/200  loss 1.2812  val r 0.1370  rmse 0.8527
[05:39:08] INFO      ep  125/200  loss 1.2691  val r 0.1401  rmse 0.8517
[05:39:10] INFO      ep  150/200  loss 1.2706  val r 0.1416  rmse 0.8507
[05:39:11] INFO      ep  175/200  loss 1.2666  val r 0.1421  rmse 0.8502
[05:39:12] INFO      ep  200/200  loss 1.2710  val r 0.1422  rmse 0.8501
[05:39:13] INFO      done in 11s | test r=0.1074 rmse=0.8478 ssim=0.1806
[35/67] merfish_allen_36       autoencoder        s0 r=0.1074 (67s)
[05:40:01] INFO    section merfish_allen_40: 104461 locations x 502 genes, 953274 edges, scale 5106 um/unit
[05:40:01] INFO    training NeuralMorphogenOperator (1,591,159 params) on merfish_allen_40 for 200 epochs
[05:40:13] INFO      ep   25/200  loss 1.4892  val r 0.1237  rmse 0.7719
[05:40:25] INFO      ep   50/200  loss 1.4606  val r 0.1516  rmse 0.7617
[05:40:36] INFO      ep   75/200  loss 1.3989  val r 0.1627  rmse 0.7468
[05:40:49] INFO      ep  100/200  loss 1.3388  val r 0.1711  rmse 0.7416
[05:41:01] INFO      ep  125/200  loss 1.3512  val r 0.1761  rmse 0.7393
[05:41:12] INFO      ep  150/200  loss 1.3470  val r 0.1819  rmse 0.7355
[05:41:23] INFO      ep  175/200  loss 1.3463  val r 0.1831  rmse 0.7345
[05:41:35] INFO      ep  200/200  loss 1.3391  val r 0.1827  rmse 0.7347
[05:41:35] INFO      done in 93s | test r=0.2159 rmse=0.7297 ssim=0.3951
[36/67] merfish_allen_40       nmo                s1 r=0.2159 (142s)
[05:42:20] INFO    section merfish_allen_40: 104461 locations x 502 genes, 953274 edges, scale 5106 um/unit
[05:42:21] INFO    training GNNBaseline (204,310 params) on merfish_allen_40 for 200 epochs
[05:42:23] INFO      ep   25/200  loss 1.4270  val r 0.1079  rmse 0.7854
[05:42:25] INFO      ep   50/200  loss 1.3188  val r 0.1481  rmse 0.7802
[05:42:28] INFO      ep   75/200  loss 1.3056  val r 0.1571  rmse 0.7718
[05:42:30] INFO      ep  100/200  loss 1.2522  val r 0.1592  rmse 0.7643
[05:42:32] INFO      ep  125/200  loss 1.2450  val r 0.1610  rmse 0.7608
[05:42:34] INFO      ep  150/200  loss 1.2297  val r 0.1646  rmse 0.7587
[05:42:36] INFO      ep  175/200  loss 1.1999  val r 0.1650  rmse 0.7582
[05:42:38] INFO      ep  200/200  loss 1.1949  val r 0.1652  rmse 0.7582
[05:42:38] INFO      done in 18s | test r=0.1966 rmse=0.7405 ssim=0.3649
[37/67] merfish_allen_40       gnn                s0 r=0.1966 (63s)
[05:43:24] INFO    section merfish_allen_40: 104461 locations x 502 genes, 953274 edges, scale 5106 um/unit
[05:43:24] INFO    training MultiScaleGPBaseline (3,030 params) on merfish_allen_40 for 200 epochs
[05:43:32] INFO      ep   25/200  loss 1.1234  val r 0.1384  rmse 0.7519
[05:43:39] INFO      ep   50/200  loss 1.1561  val r 0.1297  rmse 0.7502
[05:43:46] INFO      ep   75/200  loss 1.1499  val r 0.1557  rmse 0.7432
[05:43:54] INFO      ep  100/200  loss 1.1014  val r 0.1359  rmse 0.7520
[05:44:01] INFO      ep  125/200  loss 1.1317  val r 0.1619  rmse 0.7365
[05:44:08] INFO      ep  150/200  loss 1.1392  val r 0.1457  rmse 0.7428
[05:44:16] INFO      ep  175/200  loss 1.1388  val r 0.1438  rmse 0.7512
[05:44:25] INFO      ep  200/200  loss 1.1250  val r 0.1370  rmse 0.7461
[05:44:25] INFO      done in 60s | test r=0.1518 rmse=0.7586 ssim=0.3479
[38/67] merfish_allen_40       gp_multiscale      s1 r=0.1518 (106s)
[05:45:15] INFO    section merfish_allen_40: 104461 locations x 502 genes, 953274 edges, scale 5106 um/unit
[05:45:15] INFO    training AutoencoderBaseline (170,518 params) on merfish_allen_40 for 200 epochs
[05:45:17] INFO      ep   25/200  loss 1.4170  val r 0.0839  rmse 0.7883
[05:45:19] INFO      ep   50/200  loss 1.3011  val r 0.1277  rmse 0.7874
[05:45:21] INFO      ep   75/200  loss 1.3026  val r 0.1393  rmse 0.7869
[05:45:22] INFO      ep  100/200  loss 1.2672  val r 0.1460  rmse 0.7864
[05:45:24] INFO      ep  125/200  loss 1.2784  val r 0.1513  rmse 0.7858
[05:45:25] INFO      ep  150/200  loss 1.2709  val r 0.1537  rmse 0.7853
[05:45:27] INFO      ep  175/200  loss 1.2431  val r 0.1544  rmse 0.7851
[05:45:29] INFO      ep  200/200  loss 1.2376  val r 0.1545  rmse 0.7851
[05:45:29] INFO      done in 13s | test r=0.1953 rmse=0.7786 ssim=0.2306
[39/67] merfish_allen_40       autoencoder        s0 r=0.1953 (64s)
[05:45:54] INFO    section merfish_allen_42: 75433 locations x 503 genes, 689006 edges, scale 5124 um/unit
[05:45:55] INFO    training NeuralMorphogenOperator (1,591,544 params) on merfish_allen_42 for 200 epochs
[05:46:06] INFO      ep   25/200  loss 1.5257  val r 0.1433  rmse 0.7742
[05:46:16] INFO      ep   50/200  loss 1.4724  val r 0.1749  rmse 0.7614
[05:46:27] INFO      ep   75/200  loss 1.4269  val r 0.1820  rmse 0.7358
[05:46:38] INFO      ep  100/200  loss 1.3764  val r 0.1882  rmse 0.7299
[05:46:49] INFO      ep  125/200  loss 1.3805  val r 0.1929  rmse 0.7291
[05:47:00] INFO      ep  150/200  loss 1.3656  val r 0.1953  rmse 0.7285
[05:47:11] INFO      ep  175/200  loss 1.3580  val r 0.1960  rmse 0.7282
[05:47:23] INFO      ep  200/200  loss 1.3533  val r 0.1958  rmse 0.7282
[05:47:23] INFO      done in 88s | test r=0.2167 rmse=0.7177 ssim=0.3360
[40/67] merfish_allen_42       nmo                s1 r=0.2167 (114s)
[05:47:48] INFO    section merfish_allen_42: 75433 locations x 503 genes, 689006 edges, scale 5124 um/unit
[05:47:48] INFO    training GNNBaseline (204,567 params) on merfish_allen_42 for 200 epochs
[05:47:50] INFO      ep   25/200  loss 1.4141  val r 0.0919  rmse 0.7905
[05:47:52] INFO      ep   50/200  loss 1.3329  val r 0.1359  rmse 0.7857
[05:47:54] INFO      ep   75/200  loss 1.3122  val r 0.1555  rmse 0.7757
[05:47:56] INFO      ep  100/200  loss 1.2469  val r 0.1633  rmse 0.7661
[05:47:58] INFO      ep  125/200  loss 1.2149  val r 0.1721  rmse 0.7601
[05:48:00] INFO      ep  150/200  loss 1.2293  val r 0.1749  rmse 0.7587
[05:48:02] INFO      ep  175/200  loss 1.2060  val r 0.1766  rmse 0.7577
[05:48:04] INFO      ep  200/200  loss 1.2115  val r 0.1768  rmse 0.7576
[05:48:05] INFO      done in 16s | test r=0.1802 rmse=0.7331 ssim=0.3259
[41/67] merfish_allen_42       gnn                s0 r=0.1802 (42s)
[05:48:29] INFO    section merfish_allen_42: 75433 locations x 503 genes, 689006 edges, scale 5124 um/unit
[05:48:29] INFO    training MultiScaleGPBaseline (3,036 params) on merfish_allen_42 for 200 epochs
[05:48:40] INFO      ep   25/200  loss 1.1338  val r 0.1375  rmse 0.7533
[05:48:48] INFO      ep   50/200  loss 1.1433  val r 0.1348  rmse 0.7545
[05:48:56] INFO      ep   75/200  loss 1.1588  val r 0.1568  rmse 0.7436
[05:49:07] INFO      ep  100/200  loss 1.1416  val r 0.1489  rmse 0.7466
[05:49:14] INFO      ep  125/200  loss 1.1591  val r 0.1590  rmse 0.7391
[05:49:22] INFO      ep  150/200  loss 1.1483  val r 0.1494  rmse 0.7478
[05:49:34] INFO      ep  175/200  loss 1.1377  val r 0.1545  rmse 0.7443
[05:49:43] INFO      ep  200/200  loss 1.1498  val r 0.1621  rmse 0.7401
[05:49:44] INFO      done in 74s | test r=0.1432 rmse=0.7500 ssim=0.2827
[42/67] merfish_allen_42       gp_multiscale      s1 r=0.1432 (99s)
[05:50:13] INFO    section merfish_allen_42: 75433 locations x 503 genes, 689006 edges, scale 5124 um/unit
[05:50:13] INFO    training AutoencoderBaseline (170,775 params) on merfish_allen_42 for 200 epochs
[05:50:15] INFO      ep   25/200  loss 1.4053  val r 0.0888  rmse 0.7943
[05:50:17] INFO      ep   50/200  loss 1.3151  val r 0.1387  rmse 0.7931
[05:50:19] INFO      ep   75/200  loss 1.3079  val r 0.1585  rmse 0.7922
[05:50:21] INFO      ep  100/200  loss 1.2681  val r 0.1674  rmse 0.7913
[05:50:23] INFO      ep  125/200  loss 1.2552  val r 0.1728  rmse 0.7901
[05:50:24] INFO      ep  150/200  loss 1.2771  val r 0.1750  rmse 0.7891
[05:50:26] INFO      ep  175/200  loss 1.2565  val r 0.1759  rmse 0.7885
[05:50:27] INFO      ep  200/200  loss 1.2625  val r 0.1760  rmse 0.7884
[05:50:28] INFO      done in 14s | test r=0.1847 rmse=0.7617 ssim=0.1965
[43/67] merfish_allen_42       autoencoder        s0 r=0.1847 (44s)
[05:51:04] INFO    section merfish_allen_50: 92787 locations x 501 genes, 843030 edges, scale 4411 um/unit
[05:51:04] INFO    training NeuralMorphogenOperator (1,590,774 params) on merfish_allen_50 for 200 epochs
[05:51:15] INFO      ep   25/200  loss 1.5397  val r 0.1309  rmse 0.8689
[05:51:25] INFO      ep   50/200  loss 1.4483  val r 0.1720  rmse 0.8492
[05:51:36] INFO      ep   75/200  loss 1.4230  val r 0.1811  rmse 0.8154
[05:51:47] INFO      ep  100/200  loss 1.3850  val r 0.1852  rmse 0.8050
[05:51:58] INFO      ep  125/200  loss 1.3720  val r 0.1863  rmse 0.8036
[05:52:09] INFO      ep  150/200  loss 1.3604  val r 0.1869  rmse 0.8034
[05:52:21] INFO      ep  175/200  loss 1.3577  val r 0.1876  rmse 0.8030
[05:52:32] INFO      ep  200/200  loss 1.3634  val r 0.1875  rmse 0.8031
[05:52:32] INFO      done in 88s | test r=0.1972 rmse=0.8181 ssim=0.3403
[44/67] merfish_allen_50       nmo                s1 r=0.1972 (125s)
[05:53:09] INFO    section merfish_allen_50: 92787 locations x 501 genes, 843030 edges, scale 4411 um/unit
[05:53:09] INFO    training GNNBaseline (204,053 params) on merfish_allen_50 for 200 epochs
[05:53:11] INFO      ep   25/200  loss 1.4203  val r 0.1091  rmse 0.8814
[05:53:13] INFO      ep   50/200  loss 1.3623  val r 0.1587  rmse 0.8745
[05:53:15] INFO      ep   75/200  loss 1.3300  val r 0.1739  rmse 0.8594
[05:53:17] INFO      ep  100/200  loss 1.2954  val r 0.1761  rmse 0.8379
[05:53:19] INFO      ep  125/200  loss 1.2793  val r 0.1754  rmse 0.8280
[05:53:21] INFO      ep  150/200  loss 1.2511  val r 0.1777  rmse 0.8229
[05:53:23] INFO      ep  175/200  loss 1.2450  val r 0.1770  rmse 0.8225
[05:53:25] INFO      ep  200/200  loss 1.2510  val r 0.1774  rmse 0.8221
[05:53:25] INFO      done in 16s | test r=0.1790 rmse=0.8370 ssim=0.3067
[45/67] merfish_allen_50       gnn                s0 r=0.1790 (53s)
[05:54:01] INFO    section merfish_allen_50: 92787 locations x 501 genes, 843030 edges, scale 4411 um/unit
[05:54:02] INFO    training MultiScaleGPBaseline (3,024 params) on merfish_allen_50 for 200 epochs
[05:54:09] INFO      ep   25/200  loss 1.1817  val r 0.0958  rmse 0.8609
[05:54:16] INFO      ep   50/200  loss 1.1456  val r 0.1358  rmse 0.8342
[05:54:24] INFO      ep   75/200  loss 1.1764  val r 0.1177  rmse 0.8381
[05:54:31] INFO      ep  100/200  loss 1.1637  val r 0.1111  rmse 0.8465
[05:54:38] INFO      ep  125/200  loss 1.1636  val r 0.1185  rmse 0.8425
[05:54:45] INFO      ep  150/200  loss 1.1623  val r 0.1307  rmse 0.8332
[05:54:55] INFO      ep  175/200  loss 1.1506  val r 0.1202  rmse 0.8409
[05:55:06] INFO      ep  200/200  loss 1.1532  val r 0.1283  rmse 0.8338
[05:55:07] INFO      done in 65s | test r=0.1260 rmse=0.8586 ssim=0.2899
[46/67] merfish_allen_50       gp_multiscale      s1 r=0.1260 (102s)
[05:55:47] INFO    section merfish_allen_50: 92787 locations x 501 genes, 843030 edges, scale 4411 um/unit
[05:55:47] INFO    training AutoencoderBaseline (170,261 params) on merfish_allen_50 for 200 epochs
[05:55:48] INFO      ep   25/200  loss 1.4008  val r 0.0944  rmse 0.8835
[05:55:49] INFO      ep   50/200  loss 1.3372  val r 0.1495  rmse 0.8820
[05:55:51] INFO      ep   75/200  loss 1.3114  val r 0.1671  rmse 0.8809
[05:55:52] INFO      ep  100/200  loss 1.2981  val r 0.1723  rmse 0.8795
[05:55:53] INFO      ep  125/200  loss 1.2953  val r 0.1741  rmse 0.8776
[05:55:55] INFO      ep  150/200  loss 1.2715  val r 0.1754  rmse 0.8755
[05:55:56] INFO      ep  175/200  loss 1.2680  val r 0.1760  rmse 0.8744
[05:55:57] INFO      ep  200/200  loss 1.2760  val r 0.1761  rmse 0.8741
[05:55:58] INFO      done in 11s | test r=0.1718 rmse=0.8751 ssim=0.1977
[47/67] merfish_allen_50       autoencoder        s0 r=0.1718 (51s)
[05:56:02] INFO    section mosta_embryo_E10.5: 18360 locations x 2099 genes, 148344 edges, scale 2629 um/unit
[05:56:02] INFO    training NeuralMorphogenOperator (2,206,004 params) on mosta_embryo_E10.5 for 200 epochs
[05:56:16] INFO      ep   25/200  loss 1.6234  val r 0.0381  rmse 0.2045
[05:56:31] INFO      ep   50/200  loss 1.5880  val r 0.0474  rmse 0.2041
[05:56:47] INFO      ep   75/200  loss 1.5856  val r 0.0498  rmse 0.2035
[05:57:04] INFO      ep  100/200  loss 1.5766  val r 0.0520  rmse 0.2023
[05:57:20] INFO      ep  125/200  loss 1.5814  val r 0.0520  rmse 0.2010
[05:57:36] INFO      ep  150/200  loss 1.5311  val r 0.0520  rmse 0.2002
[05:57:52] INFO      ep  175/200  loss 1.5386  val r 0.0518  rmse 0.1999
[05:58:08] INFO      ep  200/200  loss 1.5803  val r 0.0519  rmse 0.1999
[05:58:09] INFO      done in 126s | test r=0.0580 rmse=0.2028 ssim=0.2298
[48/67] mosta_embryo_E10.5     nmo                s1 r=0.0580 (131s)
[05:58:13] INFO    section mosta_embryo_E10.5: 18360 locations x 2099 genes, 148344 edges, scale 2629 um/unit
[05:58:14] INFO    training GNNBaseline (614,739 params) on mosta_embryo_E10.5 for 200 epochs
[05:58:19] INFO      ep   25/200  loss 1.4856  val r 0.0137  rmse 0.2071
[05:58:24] INFO      ep   50/200  loss 1.4530  val r 0.0321  rmse 0.2065
[05:58:29] INFO      ep   75/200  loss 1.4451  val r 0.0371  rmse 0.2059
[05:58:34] INFO      ep  100/200  loss 1.4275  val r 0.0393  rmse 0.2053
[05:58:38] INFO      ep  125/200  loss 1.4248  val r 0.0398  rmse 0.2047
[05:58:43] INFO      ep  150/200  loss 1.4083  val r 0.0402  rmse 0.2045
[05:58:47] INFO      ep  175/200  loss 1.4488  val r 0.0403  rmse 0.2044
[05:58:52] INFO      ep  200/200  loss 1.4324  val r 0.0403  rmse 0.2043
[05:58:53] INFO      done in 38s | test r=0.0537 rmse=0.2081 ssim=0.2540
[49/67] mosta_embryo_E10.5     gnn                s0 r=0.0537 (44s)
[05:58:56] INFO    section mosta_embryo_E10.5: 18360 locations x 2099 genes, 148344 edges, scale 2629 um/unit
[05:58:57] INFO    training MultiScaleGPBaseline (12,612 params) on mosta_embryo_E10.5 for 200 epochs
[05:59:21] INFO      ep   25/200  loss 1.4412  val r 0.0348  rmse 0.2044
[05:59:48] INFO      ep   50/200  loss 1.4198  val r 0.0287  rmse 0.2070
[06:00:15] INFO      ep   75/200  loss 1.4211  val r 0.0361  rmse 0.2042
[06:00:44] INFO      ep  100/200  loss 1.4338  val r 0.0366  rmse 0.2041
[06:01:09] INFO      ep  125/200  loss 1.4394  val r 0.0283  rmse 0.2046
[06:01:36] INFO      ep  150/200  loss 1.3787  val r 0.0364  rmse 0.2022
[06:02:02] INFO      ep  175/200  loss 1.3895  val r 0.0353  rmse 0.2024
[06:02:28] INFO      ep  200/200  loss 1.4459  val r 0.0316  rmse 0.2051
[06:02:29] INFO      done in 211s | test r=0.0350 rmse=0.2097 ssim=0.2416
[50/67] mosta_embryo_E10.5     gp_multiscale      s1 r=0.0350 (217s)
[06:02:33] INFO    section mosta_embryo_E10.5: 18360 locations x 2099 genes, 148344 edges, scale 2629 um/unit
[06:02:34] INFO    training AutoencoderBaseline (580,947 params) on mosta_embryo_E10.5 for 200 epochs
[06:02:39] INFO      ep   25/200  loss 1.4788  val r 0.0206  rmse 0.2070
[06:02:43] INFO      ep   50/200  loss 1.4423  val r 0.0345  rmse 0.2069
[06:02:48] INFO      ep   75/200  loss 1.4337  val r 0.0398  rmse 0.2068
[06:02:52] INFO      ep  100/200  loss 1.4175  val r 0.0424  rmse 0.2068
[06:02:57] INFO      ep  125/200  loss 1.4171  val r 0.0436  rmse 0.2067
[06:03:02] INFO      ep  150/200  loss 1.4014  val r 0.0439  rmse 0.2067
[06:03:06] INFO      ep  175/200  loss 1.4440  val r 0.0441  rmse 0.2067
[06:03:11] INFO      ep  200/200  loss 1.4275  val r 0.0442  rmse 0.2067
[06:03:12] INFO      done in 37s | test r=0.0559 rmse=0.2106 ssim=0.2531
[51/67] mosta_embryo_E10.5     autoencoder        s0 r=0.0559 (43s)
[06:03:13] INFO    section mosta_embryo_E9.5: 5898 locations x 2069 genes, 48040 edges, scale 1395 um/unit
[06:03:13] INFO    training NeuralMorphogenOperator (2,194,454 params) on mosta_embryo_E9.5 for 200 epochs
[06:03:32] INFO      ep   25/200  loss 1.5458  val r 0.1006  rmse 0.2683
[06:03:52] INFO      ep   50/200  loss 1.4889  val r 0.1367  rmse 0.2651
[06:04:08] INFO      ep   75/200  loss 1.4940  val r 0.1422  rmse 0.2556
[06:04:25] INFO      ep  100/200  loss 1.4461  val r 0.1450  rmse 0.2503
[06:04:43] INFO      ep  125/200  loss 1.4558  val r 0.1463  rmse 0.2486
[06:05:02] INFO      ep  150/200  loss 1.4385  val r 0.1473  rmse 0.2479
[06:05:20] INFO      ep  175/200  loss 1.4336  val r 0.1473  rmse 0.2479
[06:05:40] INFO      ep  200/200  loss 1.4413  val r 0.1472  rmse 0.2479
[06:05:41] INFO      done in 147s | test r=0.1353 rmse=0.2541 ssim=0.2830
[52/67] mosta_embryo_E9.5      nmo                s1 r=0.1353 (149s)
[06:05:42] INFO    section mosta_embryo_E9.5: 5898 locations x 2069 genes, 48040 edges, scale 1395 um/unit
[06:05:43] INFO    training GNNBaseline (607,029 params) on mosta_embryo_E9.5 for 200 epochs
[06:05:48] INFO      ep   25/200  loss 1.4429  val r 0.0741  rmse 0.2716
[06:05:53] INFO      ep   50/200  loss 1.4279  val r 0.1124  rmse 0.2694
[06:05:58] INFO      ep   75/200  loss 1.3723  val r 0.1256  rmse 0.2647
[06:06:03] INFO      ep  100/200  loss 1.3434  val r 0.1294  rmse 0.2599
[06:06:07] INFO      ep  125/200  loss 1.3366  val r 0.1337  rmse 0.2578
[06:06:12] INFO      ep  150/200  loss 1.3619  val r 0.1357  rmse 0.2573
[06:06:17] INFO      ep  175/200  loss 1.3476  val r 0.1369  rmse 0.2571
[06:06:21] INFO      ep  200/200  loss 1.3358  val r 0.1368  rmse 0.2571
[06:06:22] INFO      done in 39s | test r=0.1205 rmse=0.2562 ssim=0.2600
[53/67] mosta_embryo_E9.5      gnn                s0 r=0.1205 (41s)
[06:06:23] INFO    section mosta_embryo_E9.5: 5898 locations x 2069 genes, 48040 edges, scale 1395 um/unit
[06:06:23] INFO    training MultiScaleGPBaseline (12,432 params) on mosta_embryo_E9.5 for 200 epochs
[06:06:47] INFO      ep   25/200  loss 1.2644  val r 0.1184  rmse 0.2523
[06:07:11] INFO      ep   50/200  loss 1.2448  val r 0.1114  rmse 0.2544
[06:07:36] INFO      ep   75/200  loss 1.2809  val r 0.1216  rmse 0.2528
[06:08:03] INFO      ep  100/200  loss 1.2479  val r 0.1124  rmse 0.2551
[06:08:28] INFO      ep  125/200  loss 1.2828  val r 0.1112  rmse 0.2552
[06:08:54] INFO      ep  150/200  loss 1.2615  val r 0.1143  rmse 0.2533
[06:09:20] INFO      ep  175/200  loss 1.2593  val r 0.1184  rmse 0.2535
[06:09:49] INFO      ep  200/200  loss 1.2735  val r 0.1184  rmse 0.2545
[06:09:50] INFO      done in 205s | test r=0.1117 rmse=0.2563 ssim=0.2801
[54/67] mosta_embryo_E9.5      gp_multiscale      s1 r=0.1117 (208s)
[06:09:51] INFO    section mosta_embryo_E9.5: 5898 locations x 2069 genes, 48040 edges, scale 1395 um/unit
[06:09:51] INFO    training AutoencoderBaseline (573,237 params) on mosta_embryo_E9.5 for 200 epochs
[06:09:56] INFO      ep   25/200  loss 1.4403  val r 0.0761  rmse 0.2726
[06:10:01] INFO      ep   50/200  loss 1.4238  val r 0.1135  rmse 0.2722
[06:10:06] INFO      ep   75/200  loss 1.3733  val r 0.1265  rmse 0.2717
[06:10:10] INFO      ep  100/200  loss 1.3536  val r 0.1333  rmse 0.2710
[06:10:16] INFO      ep  125/200  loss 1.3542  val r 0.1368  rmse 0.2700
[06:10:22] INFO      ep  150/200  loss 1.3823  val r 0.1383  rmse 0.2690
[06:10:27] INFO      ep  175/200  loss 1.3676  val r 0.1390  rmse 0.2685
[06:10:31] INFO      ep  200/200  loss 1.3572  val r 0.1391  rmse 0.2683
[06:10:32] INFO      done in 40s | test r=0.1210 rmse=0.2650 ssim=0.2479
[55/67] mosta_embryo_E9.5      autoencoder        s0 r=0.1210 (43s)
[06:10:33] INFO    section visium_human_breast: 4869 locations x 2087 genes, 40660 edges, scale 3406 um/unit
[06:10:33] INFO    training NeuralMorphogenOperator (2,201,384 params) on visium_human_breast for 200 epochs
[06:10:54] INFO      ep   25/200  loss 1.5423  val r 0.0708  rmse 0.3089
[06:11:11] INFO      ep   50/200  loss 1.4833  val r 0.0931  rmse 0.3058
[06:11:27] INFO      ep   75/200  loss 1.4769  val r 0.0908  rmse 0.3015
[06:11:45] INFO      ep  100/200  loss 1.4605  val r 0.0886  rmse 0.3044
[06:12:02] INFO      ep  125/200  loss 1.4589  val r 0.0878  rmse 0.3091
[06:12:21] INFO      ep  150/200  loss 1.4509  val r 0.0872  rmse 0.3118
[06:12:42] INFO      ep  175/200  loss 1.4552  val r 0.0871  rmse 0.3124
[06:13:04] INFO      ep  200/200  loss 1.4497  val r 0.0871  rmse 0.3127
[06:13:05] INFO      done in 151s | test r=0.0839 rmse=0.3093 ssim=0.2520
[56/67] visium_human_breast    nmo                s1 r=0.0839 (153s)
[06:13:05] INFO    section visium_human_breast: 4869 locations x 2087 genes, 40660 edges, scale 3406 um/unit
[06:13:06] INFO    training GNNBaseline (611,655 params) on visium_human_breast for 200 epochs
[06:13:11] INFO      ep   25/200  loss 1.4502  val r 0.0470  rmse 0.3155
[06:13:16] INFO      ep   50/200  loss 1.4369  val r 0.0682  rmse 0.3126
[06:13:22] INFO      ep   75/200  loss 1.4396  val r 0.0726  rmse 0.3102
[06:13:32] INFO      ep  100/200  loss 1.4145  val r 0.0763  rmse 0.3094
[06:13:45] INFO      ep  125/200  loss 1.3819  val r 0.0740  rmse 0.3106
[06:13:59] INFO      ep  150/200  loss 1.3979  val r 0.0758  rmse 0.3112
[06:14:12] INFO      ep  175/200  loss 1.3890  val r 0.0773  rmse 0.3106
[06:14:24] INFO      ep  200/200  loss 1.3740  val r 0.0773  rmse 0.3106
[06:14:25] INFO      done in 78s | test r=0.0909 rmse=0.2968 ssim=0.2711
[57/67] visium_human_breast    gnn                s0 r=0.0909 (81s)
[06:14:27] INFO    section visium_human_breast: 4869 locations x 2087 genes, 40660 edges, scale 3406 um/unit
[06:14:27] INFO    training MultiScaleGPBaseline (12,540 params) on visium_human_breast for 200 epochs
[06:15:45] INFO      ep   25/200  loss 1.2760  val r 0.0609  rmse 0.3007
[06:17:12] INFO      ep   50/200  loss 1.2220  val r 0.0715  rmse 0.3003
[06:18:47] INFO      ep   75/200  loss 1.2563  val r 0.0684  rmse 0.3008
[06:20:21] INFO      ep  100/200  loss 1.2487  val r 0.0703  rmse 0.2980
[06:21:44] INFO      ep  125/200  loss 1.2700  val r 0.0651  rmse 0.3010
[06:23:10] INFO      ep  150/200  loss 1.2576  val r 0.0718  rmse 0.2985
[06:25:16] INFO      ep  175/200  loss 1.2564  val r 0.0757  rmse 0.2990
[06:27:38] INFO      ep  200/200  loss 1.2505  val r 0.0758  rmse 0.2974
[06:27:43] INFO      done in 791s | test r=0.0620 rmse=0.2992 ssim=0.2821
[58/67] visium_human_breast    gp_multiscale      s1 r=0.0620 (797s)
[06:27:45] INFO    section visium_human_breast: 4869 locations x 2087 genes, 40660 edges, scale 3406 um/unit
[06:27:47] INFO    training AutoencoderBaseline (577,863 params) on visium_human_breast for 200 epochs
[06:28:04] INFO      ep   25/200  loss 1.4442  val r 0.0419  rmse 0.3171
[06:28:21] INFO      ep   50/200  loss 1.4311  val r 0.0681  rmse 0.3166
[06:28:38] INFO      ep   75/200  loss 1.4388  val r 0.0734  rmse 0.3162
[06:28:55] INFO      ep  100/200  loss 1.4191  val r 0.0761  rmse 0.3156
[06:29:12] INFO      ep  125/200  loss 1.3861  val r 0.0774  rmse 0.3148
[06:29:29] INFO      ep  150/200  loss 1.4045  val r 0.0781  rmse 0.3140
[06:29:50] INFO      ep  175/200  loss 1.3945  val r 0.0786  rmse 0.3136
[06:30:04] INFO      ep  200/200  loss 1.3788  val r 0.0786  rmse 0.3135
[06:30:06] INFO      done in 136s | test r=0.0925 rmse=0.3089 ssim=0.2429
[59/67] visium_human_breast    autoencoder        s0 r=0.0925 (144s)
[06:30:08] INFO    section visium_mouse_brain: 2691 locations x 2079 genes, 23006 edges, scale 3191 um/unit
[06:30:09] INFO    training NeuralMorphogenOperator (2,198,304 params) on visium_mouse_brain for 200 epochs
[11:10:05] INFO      ep   25/200  loss 1.5022  val r 0.1311  rmse 0.2925
[11:11:23] INFO      ep   50/200  loss 1.4130  val r 0.1958  rmse 0.2824
[11:12:41] INFO      ep   75/200  loss 1.3288  val r 0.2232  rmse 0.2723
[11:13:59] INFO      ep  100/200  loss 1.2808  val r 0.2390  rmse 0.2685
[11:15:07] INFO      ep  125/200  loss 1.2487  val r 0.2464  rmse 0.2659
