[skip] visium_mouse_brain nmo s0
[04:42:57] INFO    section visium_mouse_brain: 2691 locations x 2079 genes, 23006 edges, scale 3191 um/unit
[04:42:57] INFO    training STAGATEStyleBaseline (691,903 params) on visium_mouse_brain for 150 epochs
[04:43:06] INFO      ep   25/150  loss 1.4142  val r 0.1187  rmse 0.2973
[04:43:15] INFO      ep   50/150  loss 1.3140  val r 0.1880  rmse 0.2888
[04:43:25] INFO      ep   75/150  loss 1.2621  val r 0.2136  rmse 0.2825
[04:43:35] INFO      ep  100/150  loss 1.2226  val r 0.2233  rmse 0.2817
[04:43:45] INFO      ep  125/150  loss 1.1922  val r 0.2253  rmse 0.2821
[04:43:55] INFO      ep  150/150  loss 1.1991  val r 0.2259  rmse 0.2822
[04:43:56] INFO      done in 58s | test r=0.2012 rmse=0.2589 ssim=0.2506
[ok] visium_mouse_brain   stagate        s0  ARI 0.205/0.491 (ret 0.42)  nbr 0.202  markerAUC 0.790
[04:44:00] INFO    section visium_mouse_brain: 2691 locations x 2079 genes, 23006 edges, scale 3191 um/unit
[04:44:01] INFO    training GNNBaseline (609,599 params) on visium_mouse_brain for 150 epochs
[04:44:09] INFO      ep   25/150  loss 1.4275  val r 0.1046  rmse 0.2983
[04:44:17] INFO      ep   50/150  loss 1.3516  val r 0.1696  rmse 0.2924
[04:44:29] INFO      ep   75/150  loss 1.3085  val r 0.1939  rmse 0.2848
[04:44:40] INFO      ep  100/150  loss 1.2702  val r 0.2053  rmse 0.2833
[04:44:49] INFO      ep  125/150  loss 1.2388  val r 0.2086  rmse 0.2835
[04:44:58] INFO      ep  150/150  loss 1.2471  val r 0.2096  rmse 0.2836
[04:44:59] INFO      done in 57s | test r=0.1859 rmse=0.2618 ssim=0.2340
[ok] visium_mouse_brain   gnn            s0  ARI 0.186/0.491 (ret 0.38)  nbr 0.189  markerAUC 0.780
[04:45:04] INFO    section visium_mouse_brain: 2691 locations x 2079 genes, 23006 edges, scale 3191 um/unit
[04:45:04] INFO    training MultiScaleGPBaseline (12,492 params) on visium_mouse_brain for 150 epochs
[04:45:58] INFO      ep   25/150  loss 1.0134  val r 0.2120  rmse 0.2708
[04:46:38] INFO      ep   50/150  loss 1.0034  val r 0.2382  rmse 0.2659
[04:47:27] INFO      ep   75/150  loss 1.0296  val r 0.2079  rmse 0.2719
[04:48:19] INFO      ep  100/150  loss 1.0245  val r 0.2266  rmse 0.2688
[04:49:15] INFO      ep  125/150  loss 1.0021  val r 0.2185  rmse 0.2698
[04:50:13] INFO      ep  150/150  loss 0.9960  val r 0.2256  rmse 0.2683
[04:50:15] INFO      done in 309s | test r=0.1946 rmse=0.2529 ssim=0.2759
[ok] visium_mouse_brain   gp_multiscale  s0  ARI 0.231/0.491 (ret 0.47)  nbr 0.288  markerAUC 0.847
[04:50:22] INFO    section visium_mouse_brain: 2691 locations x 2079 genes, 23006 edges, scale 3191 um/unit
[04:50:22] INFO    training NeuralFieldBaseline (350,751 params) on visium_mouse_brain for 150 epochs
[04:50:29] INFO      ep   25/150  loss 1.2693  val r 0.1905  rmse 0.2926
[04:50:36] INFO      ep   50/150  loss 1.1633  val r 0.2032  rmse 0.2866
[04:50:42] INFO      ep   75/150  loss 1.1348  val r 0.2016  rmse 0.2849
[04:50:48] INFO      ep  100/150  loss 1.1068  val r 0.1976  rmse 0.2847
[04:50:53] INFO      ep  125/150  loss 1.0780  val r 0.1963  rmse 0.2846
[04:50:59] INFO      ep  150/150  loss 1.0828  val r 0.1958  rmse 0.2846
[04:51:00] INFO      done in 36s | test r=0.1671 rmse=0.2664 ssim=0.2242
[ok] visium_mouse_brain   neural_field   s0  ARI 0.144/0.491 (ret 0.29)  nbr 0.116  markerAUC 0.761
[04:51:05] INFO    section visium_human_breast: 4869 locations x 2087 genes, 40660 edges, scale 3406 um/unit
[04:51:05] INFO    training NeuralMorphogenOperator (2,201,384 params) on visium_human_breast for 150 epochs
[04:51:46] INFO      ep   25/150  loss 1.5939  val r 0.0727  rmse 0.3169
[04:52:19] INFO      ep   50/150  loss 1.5639  val r 0.0863  rmse 0.3144
[04:52:50] INFO      ep   75/150  loss 1.5357  val r 0.0927  rmse 0.3092
[04:53:30] INFO      ep  100/150  loss 1.5166  val r 0.0909  rmse 0.3077
[04:54:07] INFO      ep  125/150  loss 1.4916  val r 0.0892  rmse 0.3079
[04:54:43] INFO      ep  150/150  loss 1.5202  val r 0.0887  rmse 0.3079
[04:54:45] INFO      done in 218s | test r=0.0969 rmse=0.2992 ssim=0.2351
[ok] visium_human_breast  nmo            s0  ARI 0.152/0.345 (ret 0.44)  nbr 0.146  markerAUC 0.769
[04:54:49] INFO    section visium_human_breast: 4869 locations x 2087 genes, 40660 edges, scale 3406 um/unit
[04:54:50] INFO    training STAGATEStyleBaseline (693,959 params) on visium_human_breast for 150 epochs
[04:54:59] INFO      ep   25/150  loss 1.4945  val r 0.0548  rmse 0.3168
[04:55:10] INFO      ep   50/150  loss 1.4535  val r 0.0787  rmse 0.3143
[04:55:24] INFO      ep   75/150  loss 1.4251  val r 0.0828  rmse 0.3118
[04:55:36] INFO      ep  100/150  loss 1.4063  val r 0.0827  rmse 0.3109
[04:55:46] INFO      ep  125/150  loss 1.3806  val r 0.0838  rmse 0.3105
[04:55:57] INFO      ep  150/150  loss 1.4130  val r 0.0837  rmse 0.3105
[04:55:58] INFO      done in 67s | test r=0.0985 rmse=0.2966 ssim=0.2410
[ok] visium_human_breast  stagate        s0  ARI 0.151/0.345 (ret 0.44)  nbr 0.131  markerAUC 0.783
[04:56:02] INFO    section visium_human_breast: 4869 locations x 2087 genes, 40660 edges, scale 3406 um/unit
[04:56:02] INFO    training GNNBaseline (611,655 params) on visium_human_breast for 150 epochs
[04:56:11] INFO      ep   25/150  loss 1.5015  val r 0.0481  rmse 0.3160
[04:56:19] INFO      ep   50/150  loss 1.4685  val r 0.0712  rmse 0.3136
[04:56:28] INFO      ep   75/150  loss 1.4430  val r 0.0791  rmse 0.3105
[04:56:39] INFO      ep  100/150  loss 1.4266  val r 0.0819  rmse 0.3088
[04:56:53] INFO      ep  125/150  loss 1.4025  val r 0.0815  rmse 0.3085
[04:57:04] INFO      ep  150/150  loss 1.4356  val r 0.0814  rmse 0.3085
[04:57:06] INFO      done in 62s | test r=0.0975 rmse=0.2962 ssim=0.2306
[ok] visium_human_breast  gnn            s0  ARI 0.154/0.345 (ret 0.45)  nbr 0.140  markerAUC 0.783
[04:57:11] INFO    section visium_human_breast: 4869 locations x 2087 genes, 40660 edges, scale 3406 um/unit
[04:57:12] INFO    training MultiScaleGPBaseline (12,540 params) on visium_human_breast for 150 epochs
[04:57:57] INFO      ep   25/150  loss 1.2598  val r 0.0704  rmse 0.3080
[04:58:48] INFO      ep   50/150  loss 1.2602  val r 0.0730  rmse 0.3060
[04:59:49] INFO      ep   75/150  loss 1.2485  val r 0.0697  rmse 0.3089
[05:00:34] INFO      ep  100/150  loss 1.2394  val r 0.0752  rmse 0.3068
[05:01:19] INFO      ep  125/150  loss 1.2104  val r 0.0650  rmse 0.3098
[05:02:04] INFO      ep  150/150  loss 1.2702  val r 0.0755  rmse 0.3054
[05:02:06] INFO      done in 292s | test r=0.0584 rmse=0.2993 ssim=0.2326
[ok] visium_human_breast  gp_multiscale  s0  ARI 0.176/0.345 (ret 0.51)  nbr 0.200  markerAUC 0.799
[05:02:10] INFO    section visium_human_breast: 4869 locations x 2087 genes, 40660 edges, scale 3406 um/unit
[05:02:11] INFO    training NeuralFieldBaseline (351,783 params) on visium_human_breast for 150 epochs
[05:02:16] INFO      ep   25/150  loss 1.3996  val r 0.0437  rmse 0.3159
[05:02:22] INFO      ep   50/150  loss 1.3234  val r 0.0381  rmse 0.3173
[05:02:28] INFO      ep   75/150  loss 1.2785  val r 0.0327  rmse 0.3184
[05:02:34] INFO      ep  100/150  loss 1.2570  val r 0.0316  rmse 0.3186
[05:02:39] INFO      ep  125/150  loss 1.2294  val r 0.0310  rmse 0.3187
[05:02:45] INFO      ep  150/150  loss 1.2604  val r 0.0311  rmse 0.3186
[05:02:46] INFO      done in 35s | test r=0.0495 rmse=0.3065 ssim=0.2129
[ok] visium_human_breast  neural_field   s0  ARI 0.025/0.345 (ret 0.07)  nbr 0.075  markerAUC 0.648
[05:03:00] INFO    section xenium_mouse_brain: 36362 locations x 248 genes, 331354 edges, scale 3001 um/unit
[05:03:01] INFO    training NeuralMorphogenOperator (1,493,369 params) on xenium_mouse_brain for 150 epochs
[05:03:28] INFO      ep   25/150  loss 1.4606  val r 0.1164  rmse 1.8862
[05:03:58] INFO      ep   50/150  loss 1.3885  val r 0.1599  rmse 1.8610
[05:04:34] INFO      ep   75/150  loss 1.3355  val r 0.1695  rmse 1.8171
[05:05:02] INFO      ep  100/150  loss 1.3045  val r 0.1776  rmse 1.8043
[05:05:35] INFO      ep  125/150  loss 1.2954  val r 0.1814  rmse 1.8006
[05:06:06] INFO      ep  150/150  loss 1.2983  val r 0.1817  rmse 1.7998
[05:06:07] INFO      done in 185s | test r=0.2084 rmse=1.7870 ssim=0.3107
Traceback (most recent call last):
  File "/Users/sunkalp/neural-morphogen-operators/experiments/exp9_biology.py", line 251, in <module>
    raise SystemExit(main())
                     ^^^^^^
  File "/Users/sunkalp/neural-morphogen-operators/experiments/exp9_biology.py", line 236, in main
    res = analyze(model, sec, labels, tr.train_visible)
          ^^^^^^^^^^^^^^^^^^^^^^^^^^^^^^^^^^^^^^^^^^^^^
  File "/Users/sunkalp/neural-morphogen-operators/experiments/exp9_biology.py", line 169, in analyze
    res.update(domain_scores(t, p, lab))
               ^^^^^^^^^^^^^^^^^^^^^^^^
  File "/Users/sunkalp/neural-morphogen-operators/experiments/exp9_biology.py", line 112, in domain_scores
    out[f"ari_{name}"] = float(adjusted_rand_score(labels, km))
                               ^^^^^^^^^^^^^^^^^^^^^^^^^^^^^^^
  File "/Users/sunkalp/neural-morphogen-operators/.venv/lib/python3.12/site-packages/sklearn/utils/_param_validation.py", line 218, in wrapper
    return func(*args, **kwargs)
           ^^^^^^^^^^^^^^^^^^^^^
  File "/Users/sunkalp/neural-morphogen-operators/.venv/lib/python3.12/site-packages/sklearn/metrics/cluster/_supervised.py", line 454, in adjusted_rand_score
    (tn, fp), (fn, tp) = pair_confusion_matrix(labels_true, labels_pred)
                         ^^^^^^^^^^^^^^^^^^^^^^^^^^^^^^^^^^^^^^^^^^^^^^^
  File "/Users/sunkalp/neural-morphogen-operators/.venv/lib/python3.12/site-packages/sklearn/utils/_param_validation.py", line 191, in wrapper
    return func(*args, **kwargs)
           ^^^^^^^^^^^^^^^^^^^^^
  File "/Users/sunkalp/neural-morphogen-operators/.venv/lib/python3.12/site-packages/sklearn/metrics/cluster/_supervised.py", line 255, in pair_confusion_matrix
    labels_true, labels_pred = check_clusterings(labels_true, labels_pred)
                               ^^^^^^^^^^^^^^^^^^^^^^^^^^^^^^^^^^^^^^^^^^^
  File "/Users/sunkalp/neural-morphogen-operators/.venv/lib/python3.12/site-packages/sklearn/metrics/cluster/_supervised.py", line 45, in check_clusterings
    labels_true = check_array(
                  ^^^^^^^^^^^^
  File "/Users/sunkalp/neural-morphogen-operators/.venv/lib/python3.12/site-packages/sklearn/utils/validation.py", line 1087, in check_array
    _assert_all_finite(
  File "/Users/sunkalp/neural-morphogen-operators/.venv/lib/python3.12/site-packages/sklearn/utils/validation.py", line 122, in _assert_all_finite
    raise ValueError("Input contains NaN")
ValueError: Input contains NaN
