[22:22:17] INFO    section visium_mouse_brain: 2691 locations x 2079 genes, 23006 edges, scale 3191 um/unit
[22:22:18] INFO    training NeuralMorphogenOperator (2,198,304 params) on visium_mouse_brain for 500 epochs
[22:24:13] INFO      ep   25/500  loss 1.5201  val r 0.1020  rmse 0.2955
[22:26:05] INFO      ep   50/500  loss 1.4391  val r 0.2001  rmse 0.2942
[22:28:00] INFO      ep   75/500  loss 1.3677  val r 0.2269  rmse 0.2854
[22:30:54] INFO      ep  100/500  loss 1.3090  val r 0.2377  rmse 0.2718
[22:33:31] INFO      ep  125/500  loss 1.2637  val r 0.2402  rmse 0.2695
[22:34:55] INFO      ep  150/500  loss 1.2238  val r 0.2417  rmse 0.2718
[22:35:26] INFO      ep  175/500  loss 1.1991  val r 0.2462  rmse 0.2717
[22:35:52] INFO      ep  200/500  loss 1.2144  val r 0.2470  rmse 0.2745
[22:36:16] INFO      ep  225/500  loss 1.1932  val r 0.2478  rmse 0.2764
[22:36:41] INFO      ep  250/500  loss 1.1778  val r 0.2487  rmse 0.2766
[22:37:12] INFO      ep  275/500  loss 1.1879  val r 0.2489  rmse 0.2771
[22:37:36] INFO      ep  300/500  loss 1.1780  val r 0.2483  rmse 0.2779
[22:38:02] INFO      ep  325/500  loss 1.1961  val r 0.2480  rmse 0.2783
[22:38:26] INFO      ep  350/500  loss 1.1818  val r 0.2482  rmse 0.2798
[22:38:56] INFO      ep  375/500  loss 1.1895  val r 0.2475  rmse 0.2797
[22:39:23] INFO      ep  400/500  loss 1.1598  val r 0.2475  rmse 0.2805
[22:39:51] INFO      ep  425/500  loss 1.1694  val r 0.2473  rmse 0.2807
[22:40:09] INFO      ep  450/500  loss 1.1727  val r 0.2472  rmse 0.2808
[22:40:28] INFO      ep  475/500  loss 1.1742  val r 0.2472  rmse 0.2810
[22:40:28] INFO      early stop at epoch 475 (best 0.2489)
[22:40:29] INFO      done in 1089s | test r=0.2227 rmse=0.2835 ssim=0.3608
[done] no_dynamics seed 0: r=0.2227 rmse=0.2835
[22:40:30] INFO    section visium_mouse_brain: 2691 locations x 2079 genes, 23006 edges, scale 3191 um/unit
Python(18466) MallocStackLogging: can't turn off malloc stack logging because it was not enabled.
Python(18468) MallocStackLogging: can't turn off malloc stack logging because it was not enabled.
[22:40:30] INFO    training NeuralMorphogenOperator (2,198,304 params) on visium_mouse_brain for 500 epochs
[22:40:59] INFO      ep   25/500  loss 1.5620  val r 0.0821  rmse 0.2955
[22:41:31] INFO      ep   50/500  loss 1.4313  val r 0.2005  rmse 0.2931
[22:41:53] INFO      ep   75/500  loss 1.3574  val r 0.2279  rmse 0.2793
[22:42:15] INFO      ep  100/500  loss 1.2903  val r 0.2411  rmse 0.2706
[22:42:35] INFO      ep  125/500  loss 1.2698  val r 0.2472  rmse 0.2693
[22:42:55] INFO      ep  150/500  loss 1.2290  val r 0.2511  rmse 0.2703
[22:43:13] INFO      ep  175/500  loss 1.2076  val r 0.2525  rmse 0.2700
[22:43:55] INFO      ep  200/500  loss 1.1925  val r 0.2554  rmse 0.2704
[22:44:46] INFO      ep  225/500  loss 1.2067  val r 0.2559  rmse 0.2720
[22:45:40] INFO      ep  250/500  loss 1.1965  val r 0.2568  rmse 0.2725
[22:46:32] INFO      ep  275/500  loss 1.1814  val r 0.2571  rmse 0.2743
[22:47:37] INFO      ep  300/500  loss 1.1719  val r 0.2565  rmse 0.2744
[22:48:55] INFO      ep  325/500  loss 1.1685  val r 0.2564  rmse 0.2747
[22:49:57] INFO      ep  350/500  loss 1.1634  val r 0.2568  rmse 0.2755
[22:50:57] INFO      ep  375/500  loss 1.1616  val r 0.2557  rmse 0.2751
[22:51:56] INFO      ep  400/500  loss 1.1656  val r 0.2559  rmse 0.2758
[22:52:44] INFO      ep  425/500  loss 1.1752  val r 0.2558  rmse 0.2757
[22:53:36] INFO      ep  450/500  loss 1.1667  val r 0.2562  rmse 0.2761
[22:54:17] INFO      ep  475/500  loss 1.1782  val r 0.2561  rmse 0.2761
[22:54:17] INFO      early stop at epoch 475 (best 0.2571)
[22:54:20] INFO      done in 827s | test r=0.2200 rmse=0.2816 ssim=0.3520
[done] no_dynamics seed 1: r=0.2200 rmse=0.2816
[22:54:21] INFO    section visium_mouse_brain: 2691 locations x 2079 genes, 23006 edges, scale 3191 um/unit
Python(27613) MallocStackLogging: can't turn off malloc stack logging because it was not enabled.
Python(27621) MallocStackLogging: can't turn off malloc stack logging because it was not enabled.
[22:54:22] INFO    training NeuralMorphogenOperator (2,198,304 params) on visium_mouse_brain for 500 epochs
[22:55:18] INFO      ep   25/500  loss 1.5144  val r 0.1162  rmse 0.2950
[22:56:18] INFO      ep   50/500  loss 1.4241  val r 0.2078  rmse 0.2929
[22:57:11] INFO      ep   75/500  loss 1.3371  val r 0.2304  rmse 0.2794
[22:58:10] INFO      ep  100/500  loss 1.2751  val r 0.2440  rmse 0.2713
[22:59:55] INFO      ep  125/500  loss 1.2415  val r 0.2475  rmse 0.2701
[23:01:22] INFO      ep  150/500  loss 1.2159  val r 0.2492  rmse 0.2718
[23:02:46] INFO      ep  175/500  loss 1.2184  val r 0.2491  rmse 0.2728
[23:03:45] INFO      ep  200/500  loss 1.1937  val r 0.2471  rmse 0.2739
[23:04:39] INFO      ep  225/500  loss 1.1966  val r 0.2469  rmse 0.2769
[23:05:29] INFO      ep  250/500  loss 1.1828  val r 0.2466  rmse 0.2792
[23:06:27] INFO      ep  275/500  loss 1.1888  val r 0.2455  rmse 0.2789
[23:07:15] INFO      ep  300/500  loss 1.1732  val r 0.2454  rmse 0.2811
[23:08:05] INFO      ep  325/500  loss 1.1704  val r 0.2440  rmse 0.2824
[23:08:58] INFO      ep  350/500  loss 1.1661  val r 0.2444  rmse 0.2830
[23:08:58] INFO      early stop at epoch 350 (best 0.2492)
[23:09:01] INFO      done in 876s | test r=0.2298 rmse=0.2622 ssim=0.3688
[done] no_dynamics seed 2: r=0.2298 rmse=0.2622

             pearson_mean                rmse  ... ssim_mean   n_params     
                    mean       std      mean  ...       std       mean  std
variant                                       ...                          
no_dynamics     0.224155  0.005091  0.275754  ...  0.008416  2198304.0  0.0

[1 rows x 8 columns]
